Component: ARM Compiler 5.06 update 7 (build 960) Tool: armlink [4d3601]

==============================================================================

Section Cross References

    startup_stm32f103xe.o(RESET) refers to startup_stm32f103xe.o(STACK) for __initial_sp
    startup_stm32f103xe.o(RESET) refers to startup_stm32f103xe.o(.text) for Reset_Handler
    startup_stm32f103xe.o(RESET) refers to stm32f1xx_it.o(i.NMI_Handler) for NMI_Handler
    startup_stm32f103xe.o(RESET) refers to stm32f1xx_it.o(i.HardFault_Handler) for HardFault_Handler
    startup_stm32f103xe.o(RESET) refers to stm32f1xx_it.o(i.MemManage_Handler) for MemManage_Handler
    startup_stm32f103xe.o(RESET) refers to stm32f1xx_it.o(i.BusFault_Handler) for BusFault_Handler
    startup_stm32f103xe.o(RESET) refers to stm32f1xx_it.o(i.UsageFault_Handler) for UsageFault_Handler
    startup_stm32f103xe.o(RESET) refers to port.o(.emb_text) for SVC_Handler
    startup_stm32f103xe.o(RESET) refers to stm32f1xx_it.o(i.DebugMon_Handler) for DebugMon_Handler
    startup_stm32f103xe.o(RESET) refers to cmsis_os2.o(i.SysTick_Handler) for SysTick_Handler
    startup_stm32f103xe.o(RESET) refers to stm32f1xx_it.o(i.USB_LP_CAN1_RX0_IRQHandler) for USB_LP_CAN1_RX0_IRQHandler
    startup_stm32f103xe.o(RESET) refers to stm32f1xx_it.o(i.TIM2_IRQHandler) for TIM2_IRQHandler
    startup_stm32f103xe.o(RESET) refers to stm32f1xx_it.o(i.TIM3_IRQHandler) for TIM3_IRQHandler
    startup_stm32f103xe.o(RESET) refers to stm32f1xx_it.o(i.USART1_IRQHandler) for USART1_IRQHandler
    startup_stm32f103xe.o(RESET) refers to stm32f1xx_it.o(i.UART5_IRQHandler) for UART5_IRQHandler
    startup_stm32f103xe.o(RESET) refers to stm32f1xx_it.o(i.TIM6_IRQHandler) for TIM6_IRQHandler
    startup_stm32f103xe.o(RESET) refers to stm32f1xx_it.o(i.TIM7_IRQHandler) for TIM7_IRQHandler
    startup_stm32f103xe.o(.text) refers to system_stm32f1xx.o(i.SystemInit) for SystemInit
    startup_stm32f103xe.o(.text) refers to entry.o(.ARM.Collect$$$$00000000) for __main
    main.o(i.HAL_TIM_PeriodElapsedCallback) refers to stm32f1xx_hal.o(i.HAL_IncTick) for HAL_IncTick
    main.o(i.HAL_TIM_PeriodElapsedCallback) refers to stm32f1xx_hal_tim.o(i.HAL_TIM_Base_Stop_IT) for HAL_TIM_Base_Stop_IT
    main.o(i.HAL_TIM_PeriodElapsedCallback) refers to main.o(.data) for s_sys_tick_10ms
    main.o(i.HAL_TIM_PeriodElapsedCallback) refers to tim.o(.bss) for htim2
    main.o(i.HAL_TIM_PeriodElapsedCallback) refers to modbus_slave.o(.data) for s_TIM_CallBack1
    main.o(i.HAL_TIM_PeriodElapsedCallback) refers to modbus_host.o(.data) for s_TIM_CallBack2
    main.o(i.SystemClock_Config) refers to memseta.o(.text) for __aeabi_memclr4
    main.o(i.SystemClock_Config) refers to stm32f1xx_hal_rcc.o(i.HAL_RCC_OscConfig) for HAL_RCC_OscConfig
    main.o(i.SystemClock_Config) refers to main.o(i.Error_Handler) for Error_Handler
    main.o(i.SystemClock_Config) refers to stm32f1xx_hal_rcc.o(i.HAL_RCC_ClockConfig) for HAL_RCC_ClockConfig
    main.o(i.main) refers to stm32f1xx_hal.o(i.HAL_Init) for HAL_Init
    main.o(i.main) refers to main.o(i.SystemClock_Config) for SystemClock_Config
    main.o(i.main) refers to gpio.o(i.MX_GPIO_Init) for MX_GPIO_Init
    main.o(i.main) refers to usart.o(i.MX_USART1_UART_Init) for MX_USART1_UART_Init
    main.o(i.main) refers to can.o(i.MX_CAN_Init) for MX_CAN_Init
    main.o(i.main) refers to i2c.o(i.MX_I2C1_Init) for MX_I2C1_Init
    main.o(i.main) refers to i2c.o(i.MX_I2C2_Init) for MX_I2C2_Init
    main.o(i.main) refers to usart.o(i.MX_UART5_Init) for MX_UART5_Init
    main.o(i.main) refers to fatfs.o(i.MX_FATFS_Init) for MX_FATFS_Init
    main.o(i.main) refers to tim.o(i.MX_TIM2_Init) for MX_TIM2_Init
    main.o(i.main) refers to tim.o(i.MX_TIM7_Init) for MX_TIM7_Init
    main.o(i.main) refers to spi.o(i.MX_SPI1_Init) for MX_SPI1_Init
    main.o(i.main) refers to spi.o(i.MX_SPI2_Init) for MX_SPI2_Init
    main.o(i.main) refers to tim.o(i.MX_TIM3_Init) for MX_TIM3_Init
    main.o(i.main) refers to stm32f1xx_hal_tim.o(i.HAL_TIM_Base_Stop_IT) for HAL_TIM_Base_Stop_IT
    main.o(i.main) refers to stm32f1xx_hal_tim.o(i.HAL_TIM_Base_Start_IT) for HAL_TIM_Base_Start_IT
    main.o(i.main) refers to cmsis_os2.o(i.osKernelInitialize) for osKernelInitialize
    main.o(i.main) refers to freertos.o(i.MX_FREERTOS_Init) for MX_FREERTOS_Init
    main.o(i.main) refers to cmsis_os2.o(i.osKernelStart) for osKernelStart
    main.o(i.main) refers to tim.o(.bss) for htim2
    gpio.o(i.MX_GPIO_Init) refers to stm32f1xx_hal_gpio.o(i.HAL_GPIO_WritePin) for HAL_GPIO_WritePin
    gpio.o(i.MX_GPIO_Init) refers to stm32f1xx_hal_gpio.o(i.HAL_GPIO_Init) for HAL_GPIO_Init
    freertos.o(i.MX_FREERTOS_Init) refers to oled.o(i.OLED_Init) for OLED_Init
    freertos.o(i.MX_FREERTOS_Init) refers to oled.o(i.OLED_PrintASCIIString) for OLED_PrintASCIIString
    freertos.o(i.MX_FREERTOS_Init) refers to oled.o(i.OLED_ShowFrame) for OLED_ShowFrame
[...]
    vListInsertEnd                           0x0800e7cd   Thumb Code    24  list.o(i.vListInsertEnd)
    vPortEnterCritical                       0x0800e7e5   Thumb Code    76  port.o(i.vPortEnterCritical)
    vPortExitCritical                        0x0800e839   Thumb Code    56  port.o(i.vPortExitCritical)
    vPortFree                                0x0800e875   Thumb Code   150  heap_4.o(i.vPortFree)
    vPortSetupTimerInterrupt                 0x0800e919   Thumb Code    36  port.o(i.vPortSetupTimerInterrupt)
    vPortValidateInterruptPriority           0x0800e941   Thumb Code   106  port.o(i.vPortValidateInterruptPriority)
    vQueueAddToRegistry                      0x0800e9b9   Thumb Code    38  queue.o(i.vQueueAddToRegistry)
    vQueueDelete                             0x0800e9e5   Thumb Code    50  queue.o(i.vQueueDelete)
    vQueueUnregisterQueue                    0x0800ea19   Thumb Code    44  queue.o(i.vQueueUnregisterQueue)
    vQueueWaitForMessageRestricted           0x0800ea49   Thumb Code    74  queue.o(i.vQueueWaitForMessageRestricted)
    vTaskDelay                               0x0800ea95   Thumb Code    82  tasks.o(i.vTaskDelay)
    vTaskInternalSetTimeOutState             0x0800eaf1   Thumb Code    14  tasks.o(i.vTaskInternalSetTimeOutState)
    vTaskMissedYield                         0x0800eb09   Thumb Code     8  tasks.o(i.vTaskMissedYield)
    vTaskPlaceOnEventList                    0x0800eb15   Thumb Code    52  tasks.o(i.vTaskPlaceOnEventList)
    vTaskPlaceOnEventListRestricted          0x0800eb4d   Thumb Code    60  tasks.o(i.vTaskPlaceOnEventListRestricted)
    vTaskPriorityDisinheritAfterTimeout      0x0800eb8d   Thumb Code   194  tasks.o(i.vTaskPriorityDisinheritAfterTimeout)
    vTaskStartScheduler                      0x0800ec5d   Thumb Code   156  tasks.o(i.vTaskStartScheduler)
    vTaskSuspendAll                          0x0800ed15   Thumb Code    12  tasks.o(i.vTaskSuspendAll)
    vTaskSwitchContext                       0x0800ed25   Thumb Code   122  tasks.o(i.vTaskSwitchContext)
    xPortStartScheduler                      0x0800ee05   Thumb Code   228  port.o(i.xPortStartScheduler)
    xPortSysTickHandler                      0x0800eefd   Thumb Code    46  port.o(i.xPortSysTickHandler)
    xQueueCreateCountingSemaphore            0x0800ef31   Thumb Code    92  queue.o(i.xQueueCreateCountingSemaphore)
    xQueueCreateCountingSemaphoreStatic      0x0800ef8d   Thumb Code   100  queue.o(i.xQueueCreateCountingSemaphoreStatic)
    xQueueCreateMutex                        0x0800eff1   Thumb Code    34  queue.o(i.xQueueCreateMutex)
    xQueueGenericCreate                      0x0800f013   Thumb Code    90  queue.o(i.xQueueGenericCreate)
    xQueueGenericCreateStatic                0x0800f06d   Thumb Code   224  queue.o(i.xQueueGenericCreateStatic)
    xQueueGenericReset                       0x0800f14d   Thumb Code   146  queue.o(i.xQueueGenericReset)
    xQueueGenericSend                        0x0800f1e5   Thumb Code   420  queue.o(i.xQueueGenericSend)
    xQueueGenericSendFromISR                 0x0800f38d   Thumb Code   252  queue.o(i.xQueueGenericSendFromISR)
    xQueueGiveFromISR                        0x0800f489   Thumb Code   224  queue.o(i.xQueueGiveFromISR)
    xQueueGiveMutexRecursive                 0x0800f569   Thumb Code    72  queue.o(i.xQueueGiveMutexRecursive)
    xQueueReceive                            0x0800f5b1   Thumb Code   356  queue.o(i.xQueueReceive)
    xQueueReceiveFromISR                     0x0800f719   Thumb Code   202  queue.o(i.xQueueReceiveFromISR)
    xQueueSemaphoreTake                      0x0800f7e5   Thumb Code   434  queue.o(i.xQueueSemaphoreTake)
    xQueueTakeMutexRecursive                 0x0800f99d   Thumb Code    78  queue.o(i.xQueueTakeMutexRecursive)
    xTaskCheckForTimeOut                     0x0800f9ed   Thumb Code   132  tasks.o(i.xTaskCheckForTimeOut)
    xTaskCreate                              0x0800fa79   Thumb Code   100  tasks.o(i.xTaskCreate)
    xTaskCreateStatic                        0x0800fadd   Thumb Code   186  tasks.o(i.xTaskCreateStatic)
    xTaskGetCurrentTaskHandle                0x0800fb99   Thumb Code     6  tasks.o(i.xTaskGetCurrentTaskHandle)
    xTaskGetSchedulerState                   0x0800fba5   Thumb Code    24  tasks.o(i.xTaskGetSchedulerState)
    xTaskGetTickCount                        0x0800fbc5   Thumb Code     6  tasks.o(i.xTaskGetTickCount)
    xTaskIncrementTick                       0x0800fbd1   Thumb Code   280  tasks.o(i.xTaskIncrementTick)
    xTaskPriorityDisinherit                  0x0800fd15   Thumb Code   152  tasks.o(i.xTaskPriorityDisinherit)
    xTaskPriorityInherit                     0x0800fdb9   Thumb Code   150  tasks.o(i.xTaskPriorityInherit)
    xTaskRemoveFromEventList                 0x0800fe5d   Thumb Code   126  tasks.o(i.xTaskRemoveFromEventList)
    xTaskResumeAll                           0x0800fef5   Thumb Code   222  tasks.o(i.xTaskResumeAll)
    xTimerCreate                             0x0800fff9   Thumb Code    54  timers.o(i.xTimerCreate)
    xTimerCreateTimerTask                    0x08010031   Thumb Code   100  timers.o(i.xTimerCreateTimerTask)
    xTimerGenericCommand                     0x080100a9   Thumb Code   128  timers.o(i.xTimerGenericCommand)
    defaultTask_attributes                   0x0801012c   Data          36  freertos.o(.constdata)
    NOx_Default_attributes                   0x08010150   Data          36  freertos.o(.constdata)
    ModBus_Slave_attributes                  0x08010174   Data          36  freertos.o(.constdata)
    NOx_Receive_attributes                   0x08010198   Data          36  freertos.o(.constdata)
    ModBus_Host_attributes                   0x080101bc   Data          36  freertos.o(.constdata)
    AHBPrescTable                            0x080101f2   Data          16  system_stm32f1xx.o(.constdata)
    APBPrescTable                            0x08010202   Data           8  system_stm32f1xx.o(.constdata)
    ascii_8x6                                0x080102b8   Data         552  font.o(.constdata)
    afont8x6                                 0x080104e0   Data           8  font.o(.constdata)
    ascii_12x6                               0x080104e8   Data        1140  font.o(.constdata)
    afont12x6                                0x0801095c   Data           8  font.o(.constdata)
    ascii_16x8                               0x08010964   Data        1520  font.o(.constdata)
    afont16x8                                0x08010f54   Data           8  font.o(.constdata)
    ascii_24x12                              0x08010f5c   Data        3420  font.o(.constdata)
    afont24x12                               0x08011cb8   Data           8  font.o(.constdata)
    zh16x16                                  0x08011cc0   Data         144  font.o(.constdata)
    font16x16                                0x08011d50   Data          16  font.o(.constdata)
    bilibiliData                             0x08011d60   Data         306  font.o(.constdata)
    bilibiliImg                              0x08011e94   Data           8  font.o(.constdata)
    s_CRCHi                                  0x08011ec4   Data         256  modbus.o(.constdata)
    s_CRCLo                                  0x08011fc4   Data         256  modbus.o(.constdata)
    ModbusBaudRate                           0x080120c4   Data          64  modbus.o(.constdata)
    MODBUS_BAUD_RATE_LEN                     0x08012104   Data           4  modbus.o(.constdata)
    __ctype_table                            0x08012108   Data         129  ctype_o.o(.constdata)
    Region$$Table$$Base                      0x080121d0   Number         0  anon$$obj.o(Region$$Table)
    Region$$Table$$Limit                     0x080121f0   Number         0  anon$$obj.o(Region$$Table)
    time_1s                                  0x20000004   Data           4  main.o(.data)
    time_1s_blow                             0x20000008   Data           4  main.o(.data)
    SD_FileName                              0x2000000c   Data          11  freertos.o(.data)
    WriteBuffer                              0x20000017   Data          18  freertos.o(.data)
    defaultTaskHandle                        0x2000002c   Data           4  freertos.o(.data)
    NOx_DefaultHandle                        0x20000030   Data           4  freertos.o(.data)
    ModBus_SlaveHandle                       0x20000034   Data           4  freertos.o(.data)
    NOx_ReceiveHandle                        0x20000038   Data           4  freertos.o(.data)
    ModBus_HostHandle                        0x2000003c   Data           4  freertos.o(.data)
    USER_Driver                              0x20000044   Data          20  user_diskio.o(.data)
    retUSER                                  0x20000058   Data           1  fatfs.o(.data)
    USERPath                                 0x20000059   Data           4  fatfs.o(.data)
    uwTick                                   0x20000060   Data           4  stm32f1xx_hal.o(.data)
    uwTickPrio                               0x20000064   Data           4  stm32f1xx_hal.o(.data)
    uwTickFreq                               0x20000068   Data           1  stm32f1xx_hal.o(.data)
    SystemCoreClock                          0x2000006c   Data           4  system_stm32f1xx.o(.data)
    pxCurrentTCB                             0x20000078   Data           4  tasks.o(.data)
    OLED_MutexHandle                         0x200000f8   Data           4  oled.o(.data)
    NOx_parameter                            0x20000100   Data           8  nox_sensor.o(.data)
    NOx_parameter1                           0x20000108   Data           8  nox_sensor.o(.data)
    O2_parameter                             0x20000110   Data           8  nox_sensor.o(.data)
    O2_parameter1                            0x20000118   Data           8  nox_sensor.o(.data)
    NOx_x                                    0x20000120   Data           6  nox_sensor.o(.data)
    NOx_y                                    0x20000128   Data          12  nox_sensor.o(.data)
    O2_x                                     0x20000134   Data           6  nox_sensor.o(.data)
    O2_y                                     0x2000013c   Data          12  nox_sensor.o(.data)
    NOx_raw                                  0x20000148   Data           2  nox_sensor.o(.data)
    O2_raw                                   0x2000014a   Data           2  nox_sensor.o(.data)
    NOx_ppm                                  0x2000014c   Data           4  nox_sensor.o(.data)
    O2_pct                                   0x20000150   Data           4  nox_sensor.o(.data)
    NOx_High                                 0x20000154   Data           4  nox_sensor.o(.data)
    O2_Low                                   0x20000158   Data           4  nox_sensor.o(.data)
    J1939_Address                            0x20000160   Data           1  j1939.o(.data)
    Rx_QueueHandle                           0x20000164   Data           4  j1939.o(.data)
    SADDR485                                 0x20000168   Data           1  modbus_slave.o(.data)
    SBAUD485                                 0x2000016c   Data           4  modbus_slave.o(.data)
    s_TIM_CallBack1                          0x20000170   Data           4  modbus_slave.o(.data)
    g_tVar                                   0x20000174   Data         300  modbus_slave.o(.data)
    MODRx_SemaphoreHandle                    0x200002a0   Data           4  modbus_slave.o(.data)
    g_mods_rx_timeout_count                  0x200002a4   Data           4  modbus_slave.o(.data)
    g_mods_frame_ok_count                    0x200002a8   Data           4  modbus_slave.o(.data)
    g_mods_short_frame_count                 0x200002ac   Data           4  modbus_slave.o(.data)
    g_mods_crc_error_count                   0x200002b0   Data           4  modbus_slave.o(.data)
    g_mods_addr_miss_count                   0x200002b4   Data           4  modbus_slave.o(.data)
    g_mods_tx_start_count                    0x200002b8   Data           4  modbus_slave.o(.data)
    g_mods_tx_busy_count                     0x200002bc   Data           4  modbus_slave.o(.data)
    g_mods_tx_fail_count                     0x200002c0   Data           4  modbus_slave.o(.data)
    g_mods_last_frame_len                    0x200002c4   Data           1  modbus_slave.o(.data)
    converter                                0x200002c8   Data           4  modbus_slave.o(.data)
    g_hVarMutex                              0x200002d4   Data           4  nox.o(.data)
    DFF                                      0x200002e4   Data           1  sdcard.o(.data)
    test                                     0x200002e5   Data           1  sdcard.o(.data)
    SD_TYPE                                  0x200002e6   Data           1  sdcard.o(.data)
    config                                   0x200002e8   Data          12  sdcard.o(.data)
    SlaveAddr                                0x200002f8   Data           1  modbus_host.o(.data)
    HBAUD485                                 0x200002fc   Data           4  modbus_host.o(.data)
    s_TIM_CallBack2                          0x20000300   Data           4  modbus_host.o(.data)
    g_modh_timeout                           0x20000304   Data           1  modbus_host.o(.data)
    time1                                    0x20000308   Data           4  modbus_host.o(.data)
    RS485send_SemaphoreHandle                0x2000030c   Data           4  modbus_host.o(.data)
    MODHx_SemaphoreHandle                    0x20000310   Data           4  modbus_host.o(.data)
    MODH_Timer                               0x20000314   Data           4  modbus_host.o(.data)
    electricity_data_buf                     0x20000318   Data           4  modbus_host.o(.data)
    rx_data                                  0x2000031c   Data           1  modbus.o(.data)
    rx_data_h                                0x2000031d   Data           1  modbus.o(.data)
    rs485_state                              0x20000320   Data           8  modbus.o(.data)
    rs485_state_h                            0x20000328   Data           8  modbus.o(.data)
    g_modbus_uart1_error_count               0x20000330   Data           4  modbus.o(.data)
    g_modbus_uart1_last_error                0x20000334   Data           4  modbus.o(.data)
    g_modbus_uart1_last_sr                   0x20000338   Data           4  modbus.o(.data)
    g_modbus_uart1_rx_byte_count             0x2000033c   Data           4  modbus.o(.data)
    g_modbus_uart1_tx_cplt_count             0x20000340   Data           4  modbus.o(.data)
    g_modbus_uart1_tx_watchdog_count         0x20000344   Data           4  modbus.o(.data)
    g_modbus_uart5_error_count               0x20000348   Data           4  modbus.o(.data)
    g_modbus_uart5_last_error                0x2000034c   Data           4  modbus.o(.data)
    g_modbus_uart5_last_sr                   0x20000350   Data           4  modbus.o(.data)
    g_modbus_uart5_rx_byte_count             0x20000354   Data           4  modbus.o(.data)
    g_modbus_uart5_tx_cplt_count             0x20000358   Data           4  modbus.o(.data)
    g_modbus_uart5_tx_watchdog_count         0x2000035c   Data           4  modbus.o(.data)
    hcan                                     0x20000364   Data          40  can.o(.bss)
    hi2c1                                    0x2000038c   Data          84  i2c.o(.bss)
    hi2c2                                    0x200003e0   Data          84  i2c.o(.bss)
    hspi1                                    0x20000434   Data          88  spi.o(.bss)
    hspi2                                    0x2000048c   Data          88  spi.o(.bss)
    htim2                                    0x200004e4   Data          72  tim.o(.bss)
    htim3                                    0x2000052c   Data          72  tim.o(.bss)
    htim7                                    0x20000574   Data          72  tim.o(.bss)
    huart5                                   0x200005bc   Data          72  usart.o(.bss)
    huart1                                   0x20000604   Data          72  usart.o(.bss)
    htim6                                    0x2000064c   Data          72  stm32f1xx_hal_timebase_tim.o(.bss)
    pFlash                                   0x20000698   Data          32  stm32f1xx_hal_flash.o(.bss)
    disk                                     0x200006d0   Data          12  ff_gen_drv.o(.bss)
    xQueueRegistry                           0x200006dc   Data          64  queue.o(.bss)
    OLED_GRAM                                0x20007d70   Data        1024  oled.o(.bss)
    g_noxChannels                            0x200081f4   Data         288  nox_channel.o(.bss)
    g_tModS                                  0x20008314   Data         384  modbus_slave.o(.bss)
    g_tModH                                  0x2000872c   Data         210  modbus_host.o(.bss)
    g_tVar_h                                 0x200087fe   Data          10  modbus_host.o(.bss)
    __initial_sp                             0x2000b808   Data           0  startup_stm32f103xe.o(STACK)



==============================================================================

Memory Map of the image

  Image Entry point : 0x08000131

  Load Region LR_IROM1 (Base: 0x08000000, Size: 0x00012554, Max: 0x00080000, ABSOLUTE, COMPRESSED[0x00012280])

    Execution Region ER_IROM1 (Exec base: 0x08000000, Load base: 0x08000000, Size: 0x000121f0, Max: 0x00080000, ABSOLUTE)

    Exec Addr    Load Addr    Size         Type   Attr      Idx    E Section Name        Object

    0x08000000   0x08000000   0x00000130   Data   RO            3    RESET               startup_stm32f103xe.o
    0x08000130   0x08000130   0x00000000   Code   RO         8561  * .ARM.Collect$$$$00000000  mc_w.l(entry.o)
    0x08000130   0x08000130   0x00000004   Code   RO         8879    .ARM.Collect$$$$00000001  mc_w.l(entry2.o)
    0x08000134   0x08000134   0x00000004   Code   RO         8882    .ARM.Collect$$$$00000004  mc_w.l(entry5.o)
    0x08000138   0x08000138   0x00000000   Code   RO         8884    .ARM.Collect$$$$00000008  mc_w.l(entry7b.o)
    0x08000138   0x08000138   0x00000000   Code   RO         8886    .ARM.Collect$$$$0000000A  mc_w.l(entry8b.o)
    0x08000138   0x08000138   0x00000008   Code   RO         8887    .ARM.Collect$$$$0000000B  mc_w.l(entry9a.o)
    0x08000140   0x08000140   0x00000004   Code   RO         8894    .ARM.Collect$$$$0000000E  mc_w.l(entry12b.o)
    0x08000144   0x08000144   0x00000000   Code   RO         8889    .ARM.Collect$$$$0000000F  mc_w.l(entry10a.o)
    0x08000144   0x08000144   0x00000000   Code   RO         8891    .ARM.Collect$$$$00000011  mc_w.l(entry11a.o)
    0x08000144   0x08000144   0x00000004   Code   RO         8880    .ARM.Collect$$$$00002712  mc_w.l(entry2.o)
    0x08000148   0x08000148   0x00000096   Code   RO         6556    .emb_text           port.o
    0x080001de   0x080001de   0x00000002   PAD
    0x080001e0   0x080001e0   0x00000024   Code   RO            4    .text               startup_stm32f103xe.o
    0x08000204   0x08000204   0x00000020   Code   RO         8564    .text               mc_w.l(llushr.o)
    0x08000224   0x08000224   0x00000024   Code   RO         8566    .text               mc_w.l(memcpya.o)
    0x08000248   0x08000248   0x00000024   Code   RO         8570    .text               mc_w.l(memseta.o)
    0x0800026c   0x0800026c   0x0000001c   Code   RO         8576    .text               mc_w.l(strcmp.o)
    0x08000288   0x08000288   0x00000038   Code   RO         8845    .text               mc_w.l(__0sscanf.o)
    0x080002c0   0x080002c0   0x000000e0   Code   RO         8847    .text               mc_w.l(_scanf_str.o)
    0x080003a0   0x080003a0   0x0000001a   Code   RO         8849    .text               mc_w.l(atoi.o)
    0x080003ba   0x080003ba   0x000000b0   Code   RO         8851    .text               mf_w.l(fadd.o)
    0x0800046a   0x0800046a   0x00000064   Code   RO         8853    .text               mf_w.l(fmul.o)
    0x080004ce   0x080004ce   0x0000007c   Code   RO         8855    .text               mf_w.l(fdiv.o)
    0x0800054a   0x0800054a   0x0000014e   Code   RO         8857    .text               mf_w.l(dadd.o)
    0x08000698   0x08000698   0x000000e4   Code   RO         8859    .text               mf_w.l(dmul.o)
    0x0800077c   0x0800077c   0x00000012   Code   RO         8861    .text               mf_w.l(fflti.o)
    0x0800078e   0x0800078e   0x0000000a   Code   RO         8863    .text               mf_w.l(ffltui.o)
    0x08000798   0x08000798   0x00000028   Code   RO         8869    .text               mf_w.l(ffixui.o)
    0x080007c0   0x080007c0   0x00000026   Code   RO         8873    .text               mf_w.l(f2d.o)
    0x080007e6   0x080007e6   0x00000002   PAD
    0x080007e8   0x080007e8   0x00000014   Code   RO         8875    .text               mf_w.l(cfcmple.o)
    0x080007fc   0x080007fc   0x00000014   Code   RO         8877    .text               mf_w.l(cfrcmple.o)
    0x08000810   0x08000810   0x0000002c   Code   RO         8898    .text               mc_w.l(uidiv.o)
    0x0800083c   0x0800083c   0x00000062   Code   RO         8900    .text               mc_w.l(uldiv.o)
    0x0800089e   0x0800089e   0x0000001e   Code   RO         8902    .text               mc_w.l(llshl.o)
    0x080008bc   0x080008bc   0x00000024   Code   RO         8904    .text               mc_w.l(llsshr.o)
    0x080008e0   0x080008e0   0x00000028   Code   RO         8913    .text               mc_w.l(scanf_char.o)
    0x08000908   0x08000908   0x00000040   Code   RO         8915    .text               mc_w.l(_sgetc.o)
    0x08000948   0x08000948   0x00000070   Code   RO         8917    .text               mc_w.l(strtol.o)
    0x080009b8   0x080009b8   0x00000000   Code   RO         8919    .text               mc_w.l(iusefp.o)
    0x080009b8   0x080009b8   0x0000006e   Code   RO         8920    .text               mf_w.l(fepilogue.o)
    0x08000a26   0x08000a26   0x000000ba   Code   RO         8922    .text               mf_w.l(depilogue.o)
    0x08000ae0   0x08000ae0   0x000000de   Code   RO         8924    .text               mf_w.l(ddiv.o)
    0x08000bbe   0x08000bbe   0x00000030   Code   RO         8926    .text               mf_w.l(dfixul.o)
    0x08000bee   0x08000bee   0x00000002   PAD
    0x08000bf0   0x08000bf0   0x00000030   Code   RO         8928    .text               mf_w.l(cdrcmple.o)
    0x08000c20   0x08000c20   0x00000024   Code   RO         8930    .text               mc_w.l(init.o)
    0x08000c44   0x08000c44   0x00000008   Code   RO         8935    .text               mc_w.l(ctype_o.o)
    0x08000c4c   0x08000c4c   0x00000012   Code   RO         8957    .text               mc_w.l(isspace_o.o)
    0x08000c5e   0x08000c5e   0x00000002   PAD
    0x08000c60   0x08000c60   0x00000330   Code   RO         8963    .text               mc_w.l(_scanf.o)
    0x08000f90   0x08000f90   0x0000009e   Code   RO         8965    .text               mc_w.l(_strtoul.o)
    0x0800102e   0x0800102e   0x0000001c   Code   RO         8971    .text               mc_w.l(_chval.o)
    0x0800104a   0x0800104a   0x00000056   Code   RO         8981    .text               mc_w.l(__dczerorl2.o)
    0x080010a0   0x080010a0   0x00000100   Code   RO         7794    i.AfterFlash_Init   nox.o
    0x080011a0   0x080011a0   0x00000040   Code   RO         8204    i.Alarm_Update      alarm.o
    0x080011e0   0x080011e0   0x0000000c   Code   RO         8491    i.BEBufToUint16     modbus.o
    0x080011ec   0x080011ec   0x000000f0   Code   RO         8045    i.BLOW_CONTROL      blowback.o
    0x080012dc   0x080012dc   0x00000028   Code   RO         8046    i.Blow_Time_Out_Cb  blowback.o
    0x08001304   0x08001304   0x0000000c   Code   RO         8047    i.Blowback_GetDuration  blowback.o
    0x08001310   0x08001310   0x0000000c   Code   RO         8048    i.Blowback_GetDurationCh1  blowback.o
    0x0800131c   0x0800131c   0x0000000c   Code   RO         8049    i.Blowback_GetDurationCh2  blowback.o
    0x08001328   0x08001328   0x0000000c   Code   RO         8050    i.Blowback_GetInterval  blowback.o
    0x08001334   0x08001334   0x0000000c   Code   RO         8051    i.Blowback_GetIntervalCh1  blowback.o
    0x08001340   0x08001340   0x0000000c   Code   RO         8052    i.Blowback_GetIntervalCh2  blowback.o
    0x0800134c   0x0800134c   0x00000064   Code   RO         8053    i.Blowback_Init     blowback.o
    0x080013b0   0x080013b0   0x00000024   Code   RO         8054    i.Blowback_IsChannelBlowing  blowback.o
    0x080013d4   0x080013d4   0x0000001e   Code   RO         8055    i.Blowback_NormalizeTiming  blowback.o
    0x080013f2   0x080013f2   0x00000002   PAD
    0x080013f4   0x080013f4   0x0000002c   Code   RO         8056    i.Blowback_SetConfig  blowback.o
    0x08001420   0x08001420   0x0000002c   Code   RO         8057    i.Blowback_SetConfigCh1  blowback.o
    0x0800144c   0x0800144c   0x0000002c   Code   RO         8058    i.Blowback_SetConfigCh2  blowback.o
    0x08001478   0x08001478   0x00000016   Code   RO         8059    i.Blowback_Update   blowback.o
    0x0800148e   0x0800148e   0x00000002   PAD
    0x08001490   0x08001490   0x00000320   Code   RO         8060    i.Blowback_UpdateOne  blowback.o
    0x080017b0   0x080017b0   0x00000004   Code   RO          639    i.BusFault_Handler  stm32f1xx_it.o
    0x080017b4   0x080017b4   0x00000038   Code   RO         8492    i.CRC16_Modbus      modbus.o
    0x080017ec   0x080017ec   0x00000058   Code   RO         8158    i.CalcSlopeIntercept  calibration.o
    0x08001844   0x08001844   0x00000048   Code   RO         8159    i.Calibration_Init  calibration.o
    0x0800188c   0x0800188c   0x00000120   Code   RO         8160    i.Calibration_NOx   calibration.o
    0x080019ac   0x080019ac   0x00000128   Code   RO         8161    i.Calibration_O2    calibration.o
    0x08001ad4   0x08001ad4   0x00000002   Code   RO          640    i.DebugMon_Handler  stm32f1xx_it.o
    0x08001ad6   0x08001ad6   0x00000006   Code   RO           13    i.Error_Handler     main.o
    0x08001adc   0x08001adc   0x00000012   Code   RO         4756    i.FATFS_LinkDriver  ff_gen_drv.o
    0x08001aee   0x08001aee   0x00000002   PAD
    0x08001af0   0x08001af0   0x00000054   Code   RO         4757    i.FATFS_LinkDriverEx  ff_gen_drv.o
    0x08001b44   0x08001b44   0x00000028   Code   RO         2962    i.FLASH_MassErase   stm32f1xx_hal_flash_ex.o
    0x08001b6c   0x08001b6c   0x00000028   Code   RO         2971    i.FLASH_PageErase   stm32f1xx_hal_flash_ex.o
    0x08001b94   0x08001b94   0x00000020   Code   RO         2859    i.FLASH_Program_HalfWord  stm32f1xx_hal_flash.o
    0x08001bb4   0x08001bb4   0x00000084   Code   RO         2860    i.FLASH_SetErrorCode  stm32f1xx_hal_flash.o
    0x08001c38   0x08001c38   0x00000070   Code   RO         2861    i.FLASH_WaitForLastOperation  stm32f1xx_hal_flash.o
    0x08001ca8   0x08001ca8   0x0000002a   Code   RO         1899    i.HAL_CAN_ActivateNotification  stm32f1xx_hal_can.o
    0x08001cd2   0x08001cd2   0x0000014a   Code   RO         1900    i.HAL_CAN_AddTxMessage  stm32f1xx_hal_can.o
    0x08001e1c   0x08001e1c   0x0000010a   Code   RO         1901    i.HAL_CAN_ConfigFilter  stm32f1xx_hal_can.o
    0x08001f26   0x08001f26   0x00000002   Code   RO         1904    i.HAL_CAN_ErrorCallback  stm32f1xx_hal_can.o
    0x08001f28   0x08001f28   0x00000194   Code   RO         1907    i.HAL_CAN_GetRxMessage  stm32f1xx_hal_can.o
    0x080020bc   0x080020bc   0x00000036   Code   RO         1909    i.HAL_CAN_GetTxMailboxesFreeLevel  stm32f1xx_hal_can.o
    0x080020f2   0x080020f2   0x0000024e   Code   RO         1911    i.HAL_CAN_IRQHandler  stm32f1xx_hal_can.o
    0x08002340   0x08002340   0x00000174   Code   RO         1912    i.HAL_CAN_Init      stm32f1xx_hal_can.o
    0x080024b4   0x080024b4   0x00000098   Code   RO          412    i.HAL_CAN_MspInit   can.o
    0x0800254c   0x0800254c   0x00000002   Code   RO         1919    i.HAL_CAN_RxFifo0FullCallback  stm32f1xx_hal_can.o
    0x0800254e   0x0800254e   0x00000002   PAD
    0x08002550   0x08002550   0x000000d8   Code   RO         7020    i.HAL_CAN_RxFifo0MsgPendingCallback  j1939.o
    0x08002628   0x08002628   0x00000002   Code   RO         1921    i.HAL_CAN_RxFifo1FullCallback  stm32f1xx_hal_can.o
    0x0800262a   0x0800262a   0x00000002   Code   RO         1922    i.HAL_CAN_RxFifo1MsgPendingCallback  stm32f1xx_hal_can.o
    0x0800262c   0x0800262c   0x00000002   Code   RO         1923    i.HAL_CAN_SleepCallback  stm32f1xx_hal_can.o
    0x0800262e   0x0800262e   0x0000005e   Code   RO         1924    i.HAL_CAN_Start     stm32f1xx_hal_can.o
    0x0800268c   0x0800268c   0x00000002   Code   RO         1926    i.HAL_CAN_TxMailbox0AbortCallback  stm32f1xx_hal_can.o
    0x0800268e   0x0800268e   0x00000002   Code   RO         1927    i.HAL_CAN_TxMailbox0CompleteCallback  stm32f1xx_hal_can.o
    0x08002690   0x08002690   0x00000002   Code   RO         1928    i.HAL_CAN_TxMailbox1AbortCallback  stm32f1xx_hal_can.o
    0x08002692   0x08002692   0x00000002   Code   RO         1929    i.HAL_CAN_TxMailbox1CompleteCallback  stm32f1xx_hal_can.o
    0x08002694   0x08002694   0x00000002   Code   RO         1930    i.HAL_CAN_TxMailbox2AbortCallback  stm32f1xx_hal_can.o
    0x08002696   0x08002696   0x00000002   Code   RO         1931    i.HAL_CAN_TxMailbox2CompleteCallback  stm32f1xx_hal_can.o
    0x08002698   0x08002698   0x00000002   Code   RO         1933    i.HAL_CAN_WakeUpFromRxMsgCallback  stm32f1xx_hal_can.o
    0x0800269a   0x0800269a   0x00000056   Code   RO         2518    i.HAL_DMA_Abort     stm32f1xx_hal_dma.o
    0x080026f0   0x080026f0   0x000001a8   Code   RO         2519    i.HAL_DMA_Abort_IT  stm32f1xx_hal_dma.o
    0x08002898   0x08002898   0x00000006   Code   RO         2521    i.HAL_DMA_GetError  stm32f1xx_hal_dma.o
    0x0800289e   0x0800289e   0x00000002   PAD
    0x080028a0   0x080028a0   0x00000028   Code   RO         2139    i.HAL_Delay         stm32f1xx_hal.o
    0x080028c8   0x080028c8   0x000000b0   Code   RO         2972    i.HAL_FLASHEx_Erase  stm32f1xx_hal_flash_ex.o
    0x08002978   0x08002978   0x00000014   Code   RO         2865    i.HAL_FLASH_Lock    stm32f1xx_hal_flash.o
    0x0800298c   0x0800298c   0x000000b0   Code   RO         2870    i.HAL_FLASH_Program  stm32f1xx_hal_flash.o
    0x08002a3c   0x08002a3c   0x00000030   Code   RO         2872    i.HAL_FLASH_Unlock  stm32f1xx_hal_flash.o
    0x08002a6c   0x08002a6c   0x00000340   Code   RO         2454    i.HAL_GPIO_Init     stm32f1xx_hal_gpio.o
    0x08002dac   0x08002dac   0x0000000c   Code   RO         2458    i.HAL_GPIO_WritePin  stm32f1xx_hal_gpio.o
    0x08002db8   0x08002db8   0x0000000c   Code   RO         2143    i.HAL_GetTick       stm32f1xx_hal.o
    0x08002dc4   0x08002dc4   0x000001d0   Code   RO         3151    i.HAL_I2C_Init      stm32f1xx_hal_i2c.o
    0x08002f94   0x08002f94   0x00000170   Code   RO         3164    i.HAL_I2C_Master_Transmit  stm32f1xx_hal_i2c.o
    0x08003104   0x08003104   0x000000d0   Code   RO          454    i.HAL_I2C_MspInit   i2c.o
    0x080031d4   0x080031d4   0x00000018   Code   RO         2149    i.HAL_IncTick       stm32f1xx_hal.o
    0x080031ec   0x080031ec   0x00000028   Code   RO         2150    i.HAL_Init          stm32f1xx_hal.o
    0x08003214   0x08003214   0x000000b4   Code   RO          763    i.HAL_InitTick      stm32f1xx_hal_timebase_tim.o
    0x080032c8   0x080032c8   0x00000060   Code   RO          739    i.HAL_MspInit       stm32f1xx_hal_msp.o
    0x08003328   0x08003328   0x00000020   Code   RO         2614    i.HAL_NVIC_EnableIRQ  stm32f1xx_hal_cortex.o
    0x08003348   0x08003348   0x0000007c   Code   RO         2620    i.HAL_NVIC_SetPriority  stm32f1xx_hal_cortex.o
    0x080033c4   0x080033c4   0x00000028   Code   RO         2621    i.HAL_NVIC_SetPriorityGrouping  stm32f1xx_hal_cortex.o
    0x080033ec   0x080033ec   0x0000018c   Code   RO         2307    i.HAL_RCC_ClockConfig  stm32f1xx_hal_rcc.o
    0x08003578   0x08003578   0x00000044   Code   RO         2311    i.HAL_RCC_GetClockConfig  stm32f1xx_hal_rcc.o
    0x080035bc   0x080035bc   0x0000000c   Code   RO         2312    i.HAL_RCC_GetHCLKFreq  stm32f1xx_hal_rcc.o
    0x080035c8   0x080035c8   0x00000020   Code   RO         2314    i.HAL_RCC_GetPCLK1Freq  stm32f1xx_hal_rcc.o
    0x080035e8   0x080035e8   0x00000020   Code   RO         2315    i.HAL_RCC_GetPCLK2Freq  stm32f1xx_hal_rcc.o
    0x08003608   0x08003608   0x00000070   Code   RO         2316    i.HAL_RCC_GetSysClockFreq  stm32f1xx_hal_rcc.o
    0x08003678   0x08003678   0x00000464   Code   RO         2319    i.HAL_RCC_OscConfig  stm32f1xx_hal_rcc.o
    0x08003adc   0x08003adc   0x000000be   Code   RO         3628    i.HAL_SPI_Init      stm32f1xx_hal_spi.o
    0x08003b9a   0x08003b9a   0x00000002   PAD
    0x08003b9c   0x08003b9c   0x000000f8   Code   RO          499    i.HAL_SPI_MspInit   spi.o
    0x08003c94   0x08003c94   0x00000248   Code   RO         3637    i.HAL_SPI_TransmitReceive  stm32f1xx_hal_spi.o
    0x08003edc   0x08003edc   0x00000002   Code   RO         1640    i.HAL_TIMEx_BreakCallback  stm32f1xx_hal_tim_ex.o
    0x08003ede   0x08003ede   0x00000002   Code   RO         1641    i.HAL_TIMEx_CommutCallback  stm32f1xx_hal_tim_ex.o
    0x08003ee0   0x08003ee0   0x0000009c   Code   RO         1659    i.HAL_TIMEx_MasterConfigSynchronization  stm32f1xx_hal_tim_ex.o
    0x08003f7c   0x08003f7c   0x00000066   Code   RO          928    i.HAL_TIM_Base_Init  stm32f1xx_hal_tim.o
    0x08003fe2   0x08003fe2   0x00000002   PAD
    0x08003fe4   0x08003fe4   0x000000b4   Code   RO          538    i.HAL_TIM_Base_MspInit  tim.o
    0x08004098   0x08004098   0x00000090   Code   RO          933    i.HAL_TIM_Base_Start_IT  stm32f1xx_hal_tim.o
    0x08004128   0x08004128   0x0000003e   Code   RO          936    i.HAL_TIM_Base_Stop_IT  stm32f1xx_hal_tim.o
    0x08004166   0x08004166   0x0000010c   Code   RO          937    i.HAL_TIM_ConfigClockSource  stm32f1xx_hal_tim.o
    0x08004272   0x08004272   0x00000002   Code   RO          962    i.HAL_TIM_IC_CaptureCallback  stm32f1xx_hal_tim.o
    0x08004274   0x08004274   0x0000016c   Code   RO          976    i.HAL_TIM_IRQHandler  stm32f1xx_hal_tim.o
    0x080043e0   0x080043e0   0x00000002   Code   RO          979    i.HAL_TIM_OC_DelayElapsedCallback  stm32f1xx_hal_tim.o
    0x080043e2   0x080043e2   0x00000002   Code   RO         1006    i.HAL_TIM_PWM_PulseFinishedCallback  stm32f1xx_hal_tim.o
    0x080043e4   0x080043e4   0x00000098   Code   RO           14    i.HAL_TIM_PeriodElapsedCallback  main.o
    0x0800447c   0x0800447c   0x00000002   Code   RO         1019    i.HAL_TIM_TriggerCallback  stm32f1xx_hal_tim.o
    0x0800447e   0x0800447e   0x00000002   Code   RO         3951    i.HAL_UARTEx_RxEventCallback  stm32f1xx_hal_uart.o
    0x08004480   0x08004480   0x0000007c   Code   RO         3957    i.HAL_UART_AbortTransmit  stm32f1xx_hal_uart.o
    0x080044fc   0x080044fc   0x00000164   Code   RO         8493    i.HAL_UART_ErrorCallback  modbus.o
    0x08004660   0x08004660   0x000002e4   Code   RO         3968    i.HAL_UART_IRQHandler  stm32f1xx_hal_uart.o
    0x08004944   0x08004944   0x00000076   Code   RO         3969    i.HAL_UART_Init     stm32f1xx_hal_uart.o
    0x080049ba   0x080049ba   0x00000002   PAD
    0x080049bc   0x080049bc   0x00000134   Code   RO          592    i.HAL_UART_MspInit  usart.o
    0x08004af0   0x08004af0   0x0000002c   Code   RO         3974    i.HAL_UART_Receive_IT  stm32f1xx_hal_uart.o
    0x08004b1c   0x08004b1c   0x00000078   Code   RO         8494    i.HAL_UART_RxCpltCallback  modbus.o
    0x08004b94   0x08004b94   0x00000038   Code   RO         3979    i.HAL_UART_Transmit_IT  stm32f1xx_hal_uart.o
    0x08004bcc   0x08004bcc   0x00000078   Code   RO         8495    i.HAL_UART_TxCpltCallback  modbus.o
    0x08004c44   0x08004c44   0x00000004   Code   RO          641    i.HardFault_Handler  stm32f1xx_it.o
    0x08004c48   0x08004c48   0x0000003e   Code   RO         3195    i.I2C_IsAcknowledgeFailed  stm32f1xx_hal_i2c.o
    0x08004c86   0x08004c86   0x00000002   PAD
    0x08004c88   0x08004c88   0x000000c0   Code   RO         3199    i.I2C_MasterRequestWrite  stm32f1xx_hal_i2c.o
    0x08004d48   0x08004d48   0x00000066   Code   RO         3215    i.I2C_WaitOnBTFFlagUntilTimeout  stm32f1xx_hal_i2c.o
    0x08004dae   0x08004dae   0x000000be   Code   RO         3216    i.I2C_WaitOnFlagUntilTimeout  stm32f1xx_hal_i2c.o
    0x08004e6c   0x08004e6c   0x000000fa   Code   RO         3217    i.I2C_WaitOnMasterAddressFlagUntilTimeout  stm32f1xx_hal_i2c.o
    0x08004f66   0x08004f66   0x00000066   Code   RO         3221    i.I2C_WaitOnTXEFlagUntilTimeout  stm32f1xx_hal_i2c.o
    0x08004fcc   0x08004fcc   0x00000130   Code   RO         7733    i.InternalFlash_Write  modbus_flash.o
    0x080050fc   0x080050fc   0x0000009c   Code   RO         7021    i.J1939_CAN_Transmit  j1939.o
    0x08005198   0x08005198   0x0000001a   Code   RO         7022    i.J1939_GetChannelFromSa  j1939.o
    0x080051b2   0x080051b2   0x00000002   PAD
    0x080051b4   0x080051b4   0x00000074   Code   RO         7023    i.J1939_Initialization  j1939.o
    0x08005228   0x08005228   0x00000344   Code   RO         7734    i.LoadRegistersFromFlash  modbus_flash.o
    0x0800556c   0x0800556c   0x0000009c   Code   RO         7898    i.MCP2515_Init      mcp2515_spi_can.o
    0x08005608   0x08005608   0x0000000c   Code   RO         7899    i.MCP2515_IsReady   mcp2515_spi_can.o
    0x08005614   0x08005614   0x00000050   Code   RO         7901    i.MCP2515_Receive   mcp2515_spi_can.o
    0x08005664   0x08005664   0x00000178   Code   RO         7902    i.MCP2515_Send      mcp2515_spi_can.o
    0x080057dc   0x080057dc   0x000000d0   Code   RO         7903    i.MCP2515_SetFilter  mcp2515_spi_can.o
    0x080058ac   0x080058ac   0x00000030   Code   RO         8358    i.MODH_AnalyzeApp   modbus_host.o
    0x080058dc   0x080058dc   0x00000044   Code   RO         8359    i.MODH_Poll         modbus_host.o
    0x08005920   0x08005920   0x00000094   Code   RO         8360    i.MODH_ReadParam_03H  modbus_host.o
    0x080059b4   0x080059b4   0x000000d8   Code   RO         8361    i.MODH_Read_03H     modbus_host.o
    0x08005a8c   0x08005a8c   0x00000028   Code   RO         8362    i.MODH_Read_06H     modbus_host.o
    0x08005ab4   0x08005ab4   0x00000028   Code   RO         8363    i.MODH_Read_10H     modbus_host.o
    0x08005adc   0x08005adc   0x0000007c   Code   RO         8364    i.MODH_ReciveNew    modbus_host.o
    0x08005b58   0x08005b58   0x0000000c   Code   RO         8365    i.MODH_RxTimeOut    modbus_host.o
    0x08005b64   0x08005b64   0x000000bc   Code   RO         8366    i.MODH_Send03H      modbus_host.o
    0x08005c20   0x08005c20   0x00000104   Code   RO         8368    i.MODH_Send10H      modbus_host.o
    0x08005d24   0x08005d24   0x00000054   Code   RO         8369    i.MODH_SendWithCRC  modbus_host.o
    0x08005d78   0x08005d78   0x0000009c   Code   RO         8371    i.MODH_WriteParam_10H  modbus_host.o
    0x08005e14   0x08005e14   0x000001c4   Code   RO         7072    i.MODS_01H          modbus_slave.o
    0x08005fd8   0x08005fd8   0x00000160   Code   RO         7073    i.MODS_03H          modbus_slave.o
    0x08006138   0x08006138   0x000000c0   Code   RO         7074    i.MODS_05H          modbus_slave.o
    0x080061f8   0x080061f8   0x0000005c   Code   RO         7075    i.MODS_06H          modbus_slave.o
    0x08006254   0x08006254   0x000000c8   Code   RO         7076    i.MODS_10H          modbus_slave.o
    0x0800631c   0x0800631c   0x0000005c   Code   RO         7077    i.MODS_AnalyzeApp   modbus_slave.o
    0x08006378   0x08006378   0x000000a8   Code   RO         7078    i.MODS_Poll         modbus_slave.o
    0x08006420   0x08006420   0x000005d4   Code   RO         7079    i.MODS_ReadRegValue  modbus_slave.o
    0x080069f4   0x080069f4   0x00000030   Code   RO         7080    i.MODS_ReciveNew    modbus_slave.o
    0x08006a24   0x08006a24   0x00000054   Code   RO         7081    i.MODS_RestartRxGapTimer  modbus_slave.o
    0x08006a78   0x08006a78   0x0000007c   Code   RO         7082    i.MODS_RxTimeOut    modbus_slave.o
    0x08006af4   0x08006af4   0x0000003c   Code   RO         7083    i.MODS_SendAckErr   modbus_slave.o
    0x08006b30   0x08006b30   0x00000034   Code   RO         7084    i.MODS_SendAckOk    modbus_slave.o
    0x08006b64   0x08006b64   0x00000070   Code   RO         7085    i.MODS_SendWithCRC  modbus_slave.o
    0x08006bd4   0x08006bd4   0x00000b04   Code   RO         7086    i.MODS_WriteRegValue  modbus_slave.o
    0x080076d8   0x080076d8   0x0000004c   Code   RO          413    i.MX_CAN_Init       can.o
    0x08007724   0x08007724   0x0000001c   Code   RO          865    i.MX_FATFS_Init     fatfs.o
    0x08007740   0x08007740   0x0000019c   Code   RO          297    i.MX_FREERTOS_Init  freertos.o
    0x080078dc   0x080078dc   0x00000160   Code   RO          269    i.MX_GPIO_Init      gpio.o
    0x08007a3c   0x08007a3c   0x0000003c   Code   RO          455    i.MX_I2C1_Init      i2c.o
    0x08007a78   0x08007a78   0x0000003c   Code   RO          456    i.MX_I2C2_Init      i2c.o
    0x08007ab4   0x08007ab4   0x00000044   Code   RO          500    i.MX_SPI1_Init      spi.o
    0x08007af8   0x08007af8   0x00000044   Code   RO          501    i.MX_SPI2_Init      spi.o
    0x08007b3c   0x08007b3c   0x0000006c   Code   RO          539    i.MX_TIM2_Init      tim.o
    0x08007ba8   0x08007ba8   0x0000006c   Code   RO          540    i.MX_TIM3_Init      tim.o
    0x08007c14   0x08007c14   0x0000004c   Code   RO          541    i.MX_TIM7_Init      tim.o
    0x08007c60   0x08007c60   0x00000038   Code   RO          593    i.MX_UART5_Init     usart.o
    0x08007c98   0x08007c98   0x00000038   Code   RO          594    i.MX_USART1_UART_Init  usart.o
    0x08007cd0   0x08007cd0   0x00000004   Code   RO          642    i.MemManage_Handler  stm32f1xx_it.o
    0x08007cd4   0x08007cd4   0x000000a0   Code   RO         8372    i.ModBusHost        modbus_host.o
    0x08007d74   0x08007d74   0x00000070   Code   RO         7795    i.ModBusSlave       nox.o
    0x08007de4   0x08007de4   0x0000005c   Code   RO         7087    i.Modbus_ApplySensorValveBlowToGPIO  modbus_slave.o
    0x08007e40   0x08007e40   0x0000005c   Code   RO         7088    i.Modbus_ApplySensorValveNormalToGPIO  modbus_slave.o
    0x08007e9c   0x08007e9c   0x00000110   Code   RO         7089    i.Modbus_AutoSuctionValvesUpdate  modbus_slave.o
    0x08007fac   0x08007fac   0x00000018   Code   RO         7090    i.Modbus_ForceSensorNormalValveOff  modbus_slave.o
    0x08007fc4   0x08007fc4   0x000000a8   Code   RO         8496    i.Modbus_ServiceTxWatchdog  modbus.o
    0x0800806c   0x0800806c   0x00000004   Code   RO          643    i.NMI_Handler       stm32f1xx_it.o
    0x08008070   0x08008070   0x00000058   Code   RO         7796    i.NOxDefault        nox.o
    0x080080c8   0x080080c8   0x00000194   Code   RO         7797    i.NOxReceive        nox.o
    0x0800825c   0x0800825c   0x00000010   Code   RO         7798    i.NOx_HandleOne     nox.o
    0x0800826c   0x0800826c   0x00000284   Code   RO         7799    i.NOx_OledRefresh   nox.o
    0x080084f0   0x080084f0   0x00000050   Code   RO         7800    i.NOx_UpdatePerChannelRegs  nox.o
    0x08008540   0x08008540   0x0000014c   Code   RO         6898    i.NoxChannel_GetCurrentOutput  nox_channel.o
    0x0800868c   0x0800868c   0x00000038   Code   RO         6899    i.NoxChannel_GetOutputSensorReg  nox_channel.o
    0x080086c4   0x080086c4   0x000000ac   Code   RO         6901    i.NoxChannel_Init   nox_channel.o
    0x08008770   0x08008770   0x0000001c   Code   RO         6902    i.NoxChannel_IsValid  nox_channel.o
    0x0800878c   0x0800878c   0x00000014   Code   RO         6903    i.NoxChannel_SetSingleChannelIndex  nox_channel.o
    0x080087a0   0x080087a0   0x0000000c   Code   RO         6904    i.NoxChannel_SetWorkMode  nox_channel.o
    0x080087ac   0x080087ac   0x00000006   Code   RO         6905    i.NoxChannel_StateWordLinkLost  nox_channel.o
    0x080087b2   0x080087b2   0x00000002   PAD
    0x080087b4   0x080087b4   0x00000054   Code   RO         6906    i.NoxChannel_UpdateCommTimeouts  nox_channel.o
    0x08008808   0x08008808   0x000000a4   Code   RO         6907    i.NoxChannel_UpdateFromCan  nox_channel.o
    0x080088ac   0x080088ac   0x0000007c   Code   RO         6844    i.NoxSensor_CalibrationInit  nox_sensor.o
    0x08008928   0x08008928   0x00000044   Code   RO         6845    i.NoxSensor_RawToValue  nox_sensor.o
    0x0800896c   0x0800896c   0x00000018   Code   RO         6846    i.NoxSensor_SetDefaultNOx  nox_sensor.o
    0x08008984   0x08008984   0x00000018   Code   RO         6847    i.NoxSensor_SetDefaultO2  nox_sensor.o
    0x0800899c   0x0800899c   0x0000008c   Code   RO         6848    i.NoxSensor_To4_20mA  nox_sensor.o
    0x08008a28   0x08008a28   0x000000d0   Code   RO         6659    i.OLED_Init         oled.o
    0x08008af8   0x08008af8   0x00000014   Code   RO         6660    i.OLED_NewFrame     oled.o
    0x08008b0c   0x08008b0c   0x00000040   Code   RO         6661    i.OLED_PrintASCIIChar  oled.o
    0x08008b4c   0x08008b4c   0x00000036   Code   RO         6662    i.OLED_PrintASCIIString  oled.o
    0x08008b82   0x08008b82   0x00000002   PAD
    0x08008b84   0x08008b84   0x00000040   Code   RO         6664    i.OLED_Send         oled.o
    0x08008bc4   0x08008bc4   0x00000014   Code   RO         6665    i.OLED_SendCmd      oled.o
    0x08008bd8   0x08008bd8   0x00000062   Code   RO         6666    i.OLED_SetBits      oled.o
    0x08008c3a   0x08008c3a   0x00000088   Code   RO         6667    i.OLED_SetBits_Fine  oled.o
    0x08008cc2   0x08008cc2   0x0000009a   Code   RO         6668    i.OLED_SetBlock     oled.o
    0x08008d5c   0x08008d5c   0x0000007c   Code   RO         6670    i.OLED_SetByte_Fine  oled.o
    0x08008dd8   0x08008dd8   0x0000004c   Code   RO         6673    i.OLED_ShowFrame    oled.o
    0x08008e24   0x08008e24   0x00000028   Code   RO         2320    i.RCC_Delay         stm32f1xx_hal_rcc.o
    0x08008e4c   0x08008e4c   0x00000012   Code   RO         8497    i.RS485_Enable_RX   modbus.o
    0x08008e5e   0x08008e5e   0x00000012   Code   RO         8498    i.RS485_Enable_TX   modbus.o
    0x08008e70   0x08008e70   0x00000080   Code   RO         7091    i.RS485_Send_Data_IT  modbus_slave.o
    0x08008ef0   0x08008ef0   0x00000054   Code   RO         8373    i.RS485_Send_Data_IT_H  modbus_host.o
    0x08008f44   0x08008f44   0x0000015c   Code   RO         7801    i.Register_Init     nox.o
    0x080090a0   0x080090a0   0x00000014   Code   RO         7092    i.RegistersToFloat_BE  modbus_slave.o
    0x080090b4   0x080090b4   0x00000034   Code   RO         8230    i.SD_GETCSD         sdcard.o
    0x080090e8   0x080090e8   0x00000076   Code   RO         8231    i.SD_GetSectorCount  sdcard.o
    0x0800915e   0x0800915e   0x00000002   PAD
    0x08009160   0x08009160   0x00000080   Code   RO         8232    i.SD_ReadDisk       sdcard.o
    0x080091e0   0x080091e0   0x00000050   Code   RO         8233    i.SD_ReceiveData    sdcard.o
    0x08009230   0x08009230   0x0000005a   Code   RO         8234    i.SD_SendBlock      sdcard.o
    0x0800928a   0x0800928a   0x00000002   PAD
    0x0800928c   0x0800928c   0x0000009c   Code   RO         8235    i.SD_WriteDisk      sdcard.o
    0x08009328   0x08009328   0x00000194   Code   RO         8236    i.SD_init           sdcard.o
    0x080094bc   0x080094bc   0x000000ac   Code   RO         8237    i.SD_sendcmd        sdcard.o
    0x08009568   0x08009568   0x00000044   Code   RO         3666    i.SPI_EndRxTxTransaction  stm32f1xx_hal_spi.o
    0x080095ac   0x080095ac   0x000000d8   Code   RO         3671    i.SPI_WaitFlagStateUntilTimeout  stm32f1xx_hal_spi.o
    0x08009684   0x08009684   0x00000014   Code   RO         8238    i.SPI_setspeed      sdcard.o
    0x08009698   0x08009698   0x0000000a   Code   RO          302    i.StartDefaultTask  freertos.o
    0x080096a2   0x080096a2   0x00000002   PAD
    0x080096a4   0x080096a4   0x00000038   Code   RO         7093    i.StartHardTimer    modbus_slave.o
    0x080096dc   0x080096dc   0x00000038   Code   RO         8374    i.StartHardTimer_H  modbus_host.o
    0x08009714   0x08009714   0x00000018   Code   RO         7094    i.Start_Receive     modbus_slave.o
    0x0800972c   0x0800972c   0x00000018   Code   RO         8375    i.Start_Receive_H   modbus_host.o
    0x08009744   0x08009744   0x0000007c   Code   RO         8162    i.SyncChannelToVar  calibration.o
    0x080097c0   0x080097c0   0x00000016   Code   RO         5974    i.SysTick_Handler   cmsis_os2.o
    0x080097d6   0x080097d6   0x00000066   Code   RO           15    i.SystemClock_Config  main.o
    0x0800983c   0x0800983c   0x00000002   Code   RO         4313    i.SystemInit        system_stm32f1xx.o
    0x0800983e   0x0800983e   0x00000002   PAD
    0x08009840   0x08009840   0x00000010   Code   RO          644    i.TIM2_IRQHandler   stm32f1xx_it.o
    0x08009850   0x08009850   0x00000010   Code   RO          645    i.TIM3_IRQHandler   stm32f1xx_it.o
    0x08009860   0x08009860   0x00000010   Code   RO          646    i.TIM6_IRQHandler   stm32f1xx_it.o
    0x08009870   0x08009870   0x00000010   Code   RO          647    i.TIM7_IRQHandler   stm32f1xx_it.o
    0x08009880   0x08009880   0x000000ac   Code   RO         1021    i.TIM_Base_SetConfig  stm32f1xx_hal_tim.o
    0x0800992c   0x0800992c   0x00000016   Code   RO         1032    i.TIM_ETR_SetConfig  stm32f1xx_hal_tim.o
    0x08009942   0x08009942   0x00000012   Code   RO         1033    i.TIM_ITRx_SetConfig  stm32f1xx_hal_tim.o
    0x08009954   0x08009954   0x00000026   Code   RO         1039    i.TIM_TI1_ConfigInputStage  stm32f1xx_hal_tim.o
    0x0800997a   0x0800997a   0x00000028   Code   RO         1041    i.TIM_TI2_ConfigInputStage  stm32f1xx_hal_tim.o
    0x080099a2   0x080099a2   0x00000002   PAD
    0x080099a4   0x080099a4   0x0000000c   Code   RO         8376    i.Time_Out_Fun      modbus_host.o
    0x080099b0   0x080099b0   0x00000058   Code   RO         7802    i.TxMsg_Init        nox.o
    0x08009a08   0x08009a08   0x00000010   Code   RO          648    i.UART5_IRQHandler  stm32f1xx_it.o
    0x08009a18   0x08009a18   0x00000014   Code   RO         3982    i.UART_DMAAbortOnError  stm32f1xx_hal_uart.o
    0x08009a2c   0x08009a2c   0x0000006c   Code   RO         3992    i.UART_EndRxTransfer  stm32f1xx_hal_uart.o
    0x08009a98   0x08009a98   0x00000020   Code   RO         3993    i.UART_EndTransmit_IT  stm32f1xx_hal_uart.o
    0x08009ab8   0x08009ab8   0x000000fc   Code   RO         3995    i.UART_Receive_IT   stm32f1xx_hal_uart.o
    0x08009bb4   0x08009bb4   0x000000fc   Code   RO         3996    i.UART_SetConfig    stm32f1xx_hal_uart.o
    0x08009cb0   0x08009cb0   0x00000040   Code   RO         3998    i.UART_Start_Receive_IT  stm32f1xx_hal_uart.o
    0x08009cf0   0x08009cf0   0x00000060   Code   RO         3999    i.UART_Transmit_IT  stm32f1xx_hal_uart.o
    0x08009d50   0x08009d50   0x00000010   Code   RO          649    i.USART1_IRQHandler  stm32f1xx_it.o
    0x08009d60   0x08009d60   0x00000010   Code   RO          650    i.USB_LP_CAN1_RX0_IRQHandler  stm32f1xx_it.o
    0x08009d70   0x08009d70   0x00000028   Code   RO          802    i.USER_initialize   user_diskio.o
    0x08009d98   0x08009d98   0x00000074   Code   RO          803    i.USER_ioctl        user_diskio.o
    0x08009e0c   0x08009e0c   0x00000030   Code   RO          804    i.USER_read         user_diskio.o
    0x08009e3c   0x08009e3c   0x0000001e   Code   RO          805    i.USER_status       user_diskio.o
    0x08009e5a   0x08009e5a   0x00000030   Code   RO          806    i.USER_write        user_diskio.o
    0x08009e8a   0x08009e8a   0x00000004   Code   RO          651    i.UsageFault_Handler  stm32f1xx_it.o
    0x08009e8e   0x08009e8e   0x00000002   PAD
    0x08009e90   0x08009e90   0x000000a8   Code   RO         7095    i.Valve_WriteGPIO   modbus_slave.o
    0x08009f38   0x08009f38   0x00000034   Code   RO         7096    i.Var_Read_AlarmCfg  modbus_slave.o
    0x08009f6c   0x08009f6c   0x0000002c   Code   RO         7108    i.Var_Read_OutputChStatus  modbus_slave.o
    0x08009f98   0x08009f98   0x0000003c   Code   RO         7110    i.Var_Read_SensorBlowCmd  modbus_slave.o
    0x08009fd4   0x08009fd4   0x0000003c   Code   RO         7112    i.Var_Read_SensorBlowDuration  modbus_slave.o
    0x0800a010   0x0800a010   0x0000003c   Code   RO         7113    i.Var_Read_SensorBlowInterval  modbus_slave.o
    0x0800a04c   0x0800a04c   0x0000003c   Code   RO         7115    i.Var_Read_SensorLiveNox  modbus_slave.o
    0x0800a088   0x0800a088   0x0000003c   Code   RO         7116    i.Var_Read_SensorLiveO2  modbus_slave.o
    0x0800a0c4   0x0800a0c4   0x0000003c   Code   RO         7117    i.Var_Read_SensorNoxCalTrig  modbus_slave.o
    0x0800a100   0x0800a100   0x0000003c   Code   RO         7118    i.Var_Read_SensorNoxPtSel  modbus_slave.o
    0x0800a13c   0x0800a13c   0x0000003c   Code   RO         7119    i.Var_Read_SensorO2CalTrig  modbus_slave.o
    0x0800a178   0x0800a178   0x0000003c   Code   RO         7120    i.Var_Read_SensorO2PtSel  modbus_slave.o
    0x0800a1b4   0x0800a1b4   0x0000003c   Code   RO         7121    i.Var_Read_SensorP2Nox  modbus_slave.o
    0x0800a1f0   0x0800a1f0   0x0000003c   Code   RO         7122    i.Var_Read_SensorP2O2  modbus_slave.o
    0x0800a22c   0x0800a22c   0x0000003c   Code   RO         7123    i.Var_Read_SensorP3Nox  modbus_slave.o
    0x0800a268   0x0800a268   0x0000003c   Code   RO         7124    i.Var_Read_SensorP3O2  modbus_slave.o
    0x0800a2a4   0x0800a2a4   0x0000003c   Code   RO         7126    i.Var_Read_SensorSeg1NoxA  modbus_slave.o
    0x0800a2e0   0x0800a2e0   0x0000003c   Code   RO         7127    i.Var_Read_SensorSeg1NoxB  modbus_slave.o
    0x0800a31c   0x0800a31c   0x0000003c   Code   RO         7128    i.Var_Read_SensorSeg1O2A  modbus_slave.o
    0x0800a358   0x0800a358   0x0000003c   Code   RO         7129    i.Var_Read_SensorSeg1O2B  modbus_slave.o
    0x0800a394   0x0800a394   0x0000003c   Code   RO         7130    i.Var_Read_SensorSeg2NoxA  modbus_slave.o
    0x0800a3d0   0x0800a3d0   0x0000003c   Code   RO         7131    i.Var_Read_SensorSeg2NoxB  modbus_slave.o
    0x0800a40c   0x0800a40c   0x0000003c   Code   RO         7132    i.Var_Read_SensorSeg2O2A  modbus_slave.o
    0x0800a448   0x0800a448   0x0000003c   Code   RO         7133    i.Var_Read_SensorSeg2O2B  modbus_slave.o
    0x0800a484   0x0800a484   0x0000003c   Code   RO         7134    i.Var_Read_SensorStatus  modbus_slave.o
    0x0800a4c0   0x0800a4c0   0x00000088   Code   RO         7135    i.Var_Read_SensorValve  modbus_slave.o
    0x0800a548   0x0800a548   0x0000002c   Code   RO         7136    i.Var_Read_SingleChannelIndex  modbus_slave.o
    0x0800a574   0x0800a574   0x0000002c   Code   RO         7137    i.Var_Read_WorkMode  modbus_slave.o
    0x0800a5a0   0x0800a5a0   0x00000030   Code   RO         7139    i.Var_Update_SensorCore  modbus_slave.o
    0x0800a5d0   0x0800a5d0   0x0000002c   Code   RO         7140    i.Var_Write_AlarmNoxHi  modbus_slave.o
    0x0800a5fc   0x0800a5fc   0x0000002c   Code   RO         7141    i.Var_Write_AlarmO2Lo  modbus_slave.o
    0x0800a628   0x0800a628   0x0000003c   Code   RO         7151    i.Var_Write_SensorBlowCmd  modbus_slave.o
    0x0800a664   0x0800a664   0x0000003c   Code   RO         7152    i.Var_Write_SensorBlowDuration  modbus_slave.o
    0x0800a6a0   0x0800a6a0   0x0000003c   Code   RO         7153    i.Var_Write_SensorBlowInterval  modbus_slave.o
    0x0800a6dc   0x0800a6dc   0x0000003c   Code   RO         7154    i.Var_Write_SensorLiveNox  modbus_slave.o
    0x0800a718   0x0800a718   0x0000003c   Code   RO         7155    i.Var_Write_SensorLiveO2  modbus_slave.o
    0x0800a754   0x0800a754   0x0000003c   Code   RO         7156    i.Var_Write_SensorNoxCalTrig  modbus_slave.o
    0x0800a790   0x0800a790   0x0000003c   Code   RO         7158    i.Var_Write_SensorO2CalTrig  modbus_slave.o
    0x0800a7cc   0x0800a7cc   0x0000003c   Code   RO         7160    i.Var_Write_SensorP2Nox  modbus_slave.o
    0x0800a808   0x0800a808   0x0000003c   Code   RO         7161    i.Var_Write_SensorP2O2  modbus_slave.o
    0x0800a844   0x0800a844   0x0000003c   Code   RO         7162    i.Var_Write_SensorP3Nox  modbus_slave.o
    0x0800a880   0x0800a880   0x0000003c   Code   RO         7163    i.Var_Write_SensorP3O2  modbus_slave.o
    0x0800a8bc   0x0800a8bc   0x0000003c   Code   RO         7165    i.Var_Write_SensorSeg1NoxA  modbus_slave.o
    0x0800a8f8   0x0800a8f8   0x0000003c   Code   RO         7166    i.Var_Write_SensorSeg1NoxB  modbus_slave.o
    0x0800a934   0x0800a934   0x0000003c   Code   RO         7167    i.Var_Write_SensorSeg1O2A  modbus_slave.o
    0x0800a970   0x0800a970   0x0000003c   Code   RO         7168    i.Var_Write_SensorSeg1O2B  modbus_slave.o
    0x0800a9ac   0x0800a9ac   0x0000003c   Code   RO         7169    i.Var_Write_SensorSeg2NoxA  modbus_slave.o
    0x0800a9e8   0x0800a9e8   0x0000003c   Code   RO         7170    i.Var_Write_SensorSeg2NoxB  modbus_slave.o
    0x0800aa24   0x0800aa24   0x0000003c   Code   RO         7171    i.Var_Write_SensorSeg2O2A  modbus_slave.o
    0x0800aa60   0x0800aa60   0x0000003c   Code   RO         7172    i.Var_Write_SensorSeg2O2B  modbus_slave.o
    0x0800aa9c   0x0800aa9c   0x0000003c   Code   RO         7173    i.Var_Write_SensorStatus  modbus_slave.o
    0x0800aad8   0x0800aad8   0x000000a8   Code   RO         7174    i.Var_Write_SensorValve  modbus_slave.o
    0x0800ab80   0x0800ab80   0x00000034   Code   RO         8818    i.__0snprintf       mc_w.l(printfa.o)
    0x0800abb4   0x0800abb4   0x0000003c   Code   RO         7176    i.__NVIC_DisableIRQ  modbus_slave.o
    0x0800abf0   0x0800abf0   0x0000001a   Code   RO         7177    i.__NVIC_EnableIRQ  modbus_slave.o
    0x0800ac0a   0x0800ac0a   0x00000002   PAD
    0x0800ac0c   0x0800ac0c   0x00000010   Code   RO         2627    i.__NVIC_GetPriorityGrouping  stm32f1xx_hal_cortex.o
    0x0800ac1c   0x0800ac1c   0x00000028   Code   RO         2628    i.__NVIC_SetPriority  stm32f1xx_hal_cortex.o
    0x0800ac44   0x0800ac44   0x00000008   Code   RO         8906    i.__aeabi_errno_addr  mc_w.l(errno.o)
    0x0800ac4c   0x0800ac4c   0x00000006   Code   RO         5976    i.__get_IPSR        cmsis_os2.o
    0x0800ac52   0x0800ac52   0x0000000e   Code   RO         8975    i.__scatterload_copy  mc_w.l(handlers.o)
    0x0800ac60   0x0800ac60   0x00000002   Code   RO         8976    i.__scatterload_null  mc_w.l(handlers.o)
    0x0800ac62   0x0800ac62   0x0000000e   Code   RO         8977    i.__scatterload_zeroinit  mc_w.l(handlers.o)
    0x0800ac70   0x0800ac70   0x00000184   Code   RO         8824    i._fp_digits        mc_w.l(printfa.o)
    0x0800adf4   0x0800adf4   0x000006b4   Code   RO         8825    i._printf_core      mc_w.l(printfa.o)
    0x0800b4a8   0x0800b4a8   0x00000024   Code   RO         8826    i._printf_post_padding  mc_w.l(printfa.o)
    0x0800b4cc   0x0800b4cc   0x0000002e   Code   RO         8827    i._printf_pre_padding  mc_w.l(printfa.o)
    0x0800b4fa   0x0800b4fa   0x00000016   Code   RO         8828    i._snputc           mc_w.l(printfa.o)
    0x0800b510   0x0800b510   0x0000001c   Code   RO         7735    i.buf_to_float      modbus_flash.o
    0x0800b52c   0x0800b52c   0x0000007c   Code   RO         6908    i.build_state       nox_channel.o
    0x0800b5a8   0x0800b5a8   0x00000098   Code   RO         4404    i.check_fs          ff.o
    0x0800b640   0x0800b640   0x00000014   Code   RO         4405    i.chk_chr           ff.o
    0x0800b654   0x0800b654   0x00000090   Code   RO         4406    i.chk_lock          ff.o
    0x0800b6e4   0x0800b6e4   0x00000020   Code   RO         7736    i.clamp_duration_u16  modbus_flash.o
    0x0800b704   0x0800b704   0x00000030   Code   RO         4407    i.clear_lock        ff.o
    0x0800b734   0x0800b734   0x00000038   Code   RO         4408    i.clmt_clust        ff.o
    0x0800b76c   0x0800b76c   0x00000020   Code   RO         4409    i.clust2sect        ff.o
    0x0800b78c   0x0800b78c   0x0000003c   Code   RO         6909    i.copy_channel_out  nox_channel.o
    0x0800b7c8   0x0800b7c8   0x00000040   Code   RO         6910    i.copy_fault_fallback  nox_channel.o
    0x0800b808   0x0800b808   0x000000bc   Code   RO         6911    i.copy_fusion_out   nox_channel.o
    0x0800b8c4   0x0800b8c4   0x000000ea   Code   RO         4410    i.create_chain      ff.o
    0x0800b9ae   0x0800b9ae   0x00000002   PAD
    0x0800b9b0   0x0800b9b0   0x00000120   Code   RO         4411    i.create_name       ff.o
    0x0800bad0   0x0800bad0   0x0000004c   Code   RO         4412    i.dec_lock          ff.o
    0x0800bb1c   0x0800bb1c   0x00000020   Code   RO         8240    i.delay_ms          sdcard.o
    0x0800bb3c   0x0800bb3c   0x00000064   Code   RO         4413    i.dir_alloc         ff.o
    0x0800bba0   0x0800bba0   0x00000064   Code   RO         4414    i.dir_find          ff.o
    0x0800bc04   0x0800bc04   0x0000015a   Code   RO         4415    i.dir_next          ff.o
    0x0800bd5e   0x0800bd5e   0x00000046   Code   RO         4417    i.dir_register      ff.o
    0x0800bda4   0x0800bda4   0x000000c8   Code   RO         4419    i.dir_sdi           ff.o
    0x0800be6c   0x0800be6c   0x0000002c   Code   RO         4349    i.disk_initialize   diskio.o
    0x0800be98   0x0800be98   0x00000028   Code   RO         4350    i.disk_ioctl        diskio.o
    0x0800bec0   0x0800bec0   0x00000030   Code   RO         4351    i.disk_read         diskio.o
    0x0800bef0   0x0800bef0   0x0000001c   Code   RO         4352    i.disk_status       diskio.o
    0x0800bf0c   0x0800bf0c   0x00000030   Code   RO         4353    i.disk_write        diskio.o
    0x0800bf3c   0x0800bf3c   0x00000028   Code   RO         4420    i.enq_lock          ff.o
    0x0800bf64   0x0800bf64   0x0000003c   Code   RO         4422    i.f_close           ff.o
    0x0800bfa0   0x0800bfa0   0x00000056   Code   RO         4425    i.f_gets            ff.o
    0x0800bff6   0x0800bff6   0x00000002   PAD
    0x0800bff8   0x0800bff8   0x0000008c   Code   RO         4429    i.f_mount           ff.o
    0x0800c084   0x0800c084   0x000001c6   Code   RO         4430    i.f_open            ff.o
    0x0800c24a   0x0800c24a   0x00000276   Code   RO         4435    i.f_read            ff.o
    0x0800c4c0   0x0800c4c0   0x000000de   Code   RO         4439    i.f_sync            ff.o
    0x0800c59e   0x0800c59e   0x00000022   Code   RO         4806    i.ff_cre_syncobj    syscall.o
    0x0800c5c0   0x0800c5c0   0x0000000e   Code   RO         4807    i.ff_del_syncobj    syscall.o
    0x0800c5ce   0x0800c5ce   0x0000000c   Code   RO         4808    i.ff_rel_grant      syscall.o
    0x0800c5da   0x0800c5da   0x00000018   Code   RO         4809    i.ff_req_grant      syscall.o
    0x0800c5f2   0x0800c5f2   0x00000002   PAD
    0x0800c5f4   0x0800c5f4   0x000003e8   Code   RO         4444    i.find_volume       ff.o
    0x0800c9dc   0x0800c9dc   0x0000001c   Code   RO         7737    i.float_to_buf      modbus_flash.o
    0x0800c9f8   0x0800c9f8   0x0000009c   Code   RO         4445    i.follow_path       ff.o
    0x0800ca94   0x0800ca94   0x000000ee   Code   RO         4446    i.get_fat           ff.o
    0x0800cb82   0x0800cb82   0x00000004   Code   RO          866    i.get_fattime       fatfs.o
    0x0800cb86   0x0800cb86   0x00000048   Code   RO         4448    i.get_ldnumber      ff.o
    0x0800cbce   0x0800cbce   0x00000002   PAD
    0x0800cbd0   0x0800cbd0   0x0000006c   Code   RO         8241    i.handleConfig      sdcard.o
    0x0800cc3c   0x0800cc3c   0x000000e8   Code   RO         4449    i.inc_lock          ff.o
    0x0800cd24   0x0800cd24   0x00000022   Code   RO         4450    i.ld_clust          ff.o
    0x0800cd46   0x0800cd46   0x0000000e   Code   RO         4451    i.lock_fs           ff.o
    0x0800cd54   0x0800cd54   0x0000005c   Code   RO           16    i.main              main.o
    0x0800cdb0   0x0800cdb0   0x0000001e   Code   RO         7904    i.mcp2515_abort_all_tx  mcp2515_spi_can.o
    0x0800cdce   0x0800cdce   0x00000002   PAD
    0x0800cdd0   0x0800cdd0   0x0000003c   Code   RO         7905    i.mcp2515_bit_modify  mcp2515_spi_can.o
    0x0800ce0c   0x0800ce0c   0x0000004c   Code   RO         7906    i.mcp2515_capture_tx_diag  mcp2515_spi_can.o
    0x0800ce58   0x0800ce58   0x0000002c   Code   RO         7907    i.mcp2515_enter_config  mcp2515_spi_can.o
    0x0800ce84   0x0800ce84   0x0000003e   Code   RO         7908    i.mcp2515_id_to_regs  mcp2515_spi_can.o
    0x0800cec2   0x0800cec2   0x00000002   PAD
    0x0800cec4   0x0800cec4   0x00000038   Code   RO         7909    i.mcp2515_read_reg  mcp2515_spi_can.o
    0x0800cefc   0x0800cefc   0x00000048   Code   RO         7910    i.mcp2515_read_regs  mcp2515_spi_can.o
    0x0800cf44   0x0800cf44   0x0000003c   Code   RO         7911    i.mcp2515_reset     mcp2515_spi_can.o
    0x0800cf80   0x0800cf80   0x0000000e   Code   RO         7912    i.mcp2515_set_normal  mcp2515_spi_can.o
    0x0800cf8e   0x0800cf8e   0x00000018   Code   RO         7913    i.mcp2515_set_one_shot  mcp2515_spi_can.o
    0x0800cfa6   0x0800cfa6   0x0000001e   Code   RO         7914    i.mcp2515_verify_opmode  mcp2515_spi_can.o
    0x0800cfc4   0x0800cfc4   0x00000034   Code   RO         7915    i.mcp2515_write_reg  mcp2515_spi_can.o
    0x0800cff8   0x0800cff8   0x00000048   Code   RO         7916    i.mcp2515_write_regs  mcp2515_spi_can.o
    0x0800d040   0x0800d040   0x00000026   Code   RO         4452    i.mem_cmp           ff.o
    0x0800d066   0x0800d066   0x0000001a   Code   RO         4453    i.mem_cpy           ff.o
    0x0800d080   0x0800d080   0x00000014   Code   RO         4454    i.mem_set           ff.o
    0x0800d094   0x0800d094   0x00000038   Code   RO         4455    i.move_window       ff.o
    0x0800d0cc   0x0800d0cc   0x0000002c   Code   RO         5991    i.osKernelInitialize  cmsis_os2.o
    0x0800d0f8   0x0800d0f8   0x00000060   Code   RO         5994    i.osKernelStart     cmsis_os2.o
    0x0800d158   0x0800d158   0x0000006c   Code   RO         6019    i.osSemaphoreAcquire  cmsis_os2.o
    0x0800d1c4   0x0800d1c4   0x0000002c   Code   RO         6020    i.osSemaphoreDelete  cmsis_os2.o
    0x0800d1f0   0x0800d1f0   0x000000cc   Code   RO         6022    i.osSemaphoreNew    cmsis_os2.o
    0x0800d2bc   0x0800d2bc   0x0000005c   Code   RO         6023    i.osSemaphoreRelease  cmsis_os2.o
    0x0800d318   0x0800d318   0x000000b8   Code   RO         6036    i.osThreadNew       cmsis_os2.o
    0x0800d3d0   0x0800d3d0   0x0000012c   Code   RO         7738    i.pack_cal_floats_to_buf  modbus_flash.o
    0x0800d4fc   0x0800d4fc   0x0000007c   Code   RO         5423    i.prvAddCurrentTaskToDelayedList  tasks.o
    0x0800d578   0x0800d578   0x000000b8   Code   RO         5424    i.prvAddNewTaskToReadyList  tasks.o
    0x0800d630   0x0800d630   0x00000074   Code   RO         5799    i.prvCheckForValidListAndQueue  timers.o
    0x0800d6a4   0x0800d6a4   0x00000048   Code   RO         5425    i.prvCheckTasksWaitingTermination  tasks.o
    0x0800d6ec   0x0800d6ec   0x0000002a   Code   RO         5019    i.prvCopyDataFromQueue  queue.o
    0x0800d716   0x0800d716   0x0000007e   Code   RO         5020    i.prvCopyDataToQueue  queue.o
    0x0800d794   0x0800d794   0x00000050   Code   RO         5426    i.prvDeleteTCB      tasks.o
    0x0800d7e4   0x0800d7e4   0x00000014   Code   RO         5021    i.prvGetDisinheritPriorityAfterTimeout  queue.o
    0x0800d7f8   0x0800d7f8   0x00000028   Code   RO         5800    i.prvGetNextExpireTime  timers.o
    0x0800d820   0x0800d820   0x0000007c   Code   RO         6501    i.prvHeapInit       heap_4.o
    0x0800d89c   0x0800d89c   0x00000028   Code   RO         5427    i.prvIdleTask       tasks.o
    0x0800d8c4   0x0800d8c4   0x0000001e   Code   RO         5022    i.prvInitialiseMutex  queue.o
    0x0800d8e2   0x0800d8e2   0x0000002a   Code   RO         5023    i.prvInitialiseNewQueue  queue.o
    0x0800d90c   0x0800d90c   0x000000be   Code   RO         5428    i.prvInitialiseNewTask  tasks.o
    0x0800d9ca   0x0800d9ca   0x0000005a   Code   RO         5801    i.prvInitialiseNewTimer  timers.o
    0x0800da24   0x0800da24   0x00000068   Code   RO         5429    i.prvInitialiseTaskLists  tasks.o
    0x0800da8c   0x0800da8c   0x00000068   Code   RO         6502    i.prvInsertBlockIntoFreeList  heap_4.o
    0x0800daf4   0x0800daf4   0x00000058   Code   RO         5802    i.prvInsertTimerInActiveList  timers.o
    0x0800db4c   0x0800db4c   0x0000001a   Code   RO         5024    i.prvIsQueueEmpty   queue.o
    0x0800db66   0x0800db66   0x0000001e   Code   RO         5025    i.prvIsQueueFull    queue.o
    0x0800db84   0x0800db84   0x00000074   Code   RO         5803    i.prvProcessExpiredTimer  timers.o
    0x0800dbf8   0x0800dbf8   0x00000164   Code   RO         5804    i.prvProcessReceivedCommands  timers.o
    0x0800dd5c   0x0800dd5c   0x00000074   Code   RO         5805    i.prvProcessTimerOrBlockTask  timers.o
    0x0800ddd0   0x0800ddd0   0x00000034   Code   RO         5431    i.prvResetNextTaskUnblockTime  tasks.o
    0x0800de04   0x0800de04   0x0000002c   Code   RO         5806    i.prvSampleTimeNow  timers.o
    0x0800de30   0x0800de30   0x000000a4   Code   RO         5807    i.prvSwitchTimerLists  timers.o
    0x0800ded4   0x0800ded4   0x00000040   Code   RO         6557    i.prvTaskExitError  port.o
    0x0800df14   0x0800df14   0x0000001a   Code   RO         5808    i.prvTimerTask      timers.o
    0x0800df2e   0x0800df2e   0x0000007e   Code   RO         5026    i.prvUnlockQueue    queue.o
    0x0800dfac   0x0800dfac   0x00000146   Code   RO         4456    i.put_fat           ff.o
    0x0800e0f2   0x0800e0f2   0x00000002   PAD
    0x0800e0f4   0x0800e0f4   0x0000014c   Code   RO         6503    i.pvPortMalloc      heap_4.o
    0x0800e240   0x0800e240   0x00000020   Code   RO         5434    i.pvTaskIncrementMutexHeldCount  tasks.o
    0x0800e260   0x0800e260   0x0000002c   Code   RO         5809    i.pvTimerGetTimerID  timers.o
    0x0800e28c   0x0800e28c   0x00000024   Code   RO         6558    i.pxPortInitialiseStack  port.o
    0x0800e2b0   0x0800e2b0   0x000000e0   Code   RO         8242    i.readConfig        sdcard.o
    0x0800e390   0x0800e390   0x0000007e   Code   RO         7917    i.read_rxb_to_frame  mcp2515_spi_can.o
    0x0800e40e   0x0800e40e   0x0000007a   Code   RO         4458    i.remove_chain      ff.o
    0x0800e488   0x0800e488   0x000000c4   Code   RO         6912    i.resolve_primary_backup_ex  nox_channel.o
    0x0800e54c   0x0800e54c   0x00000020   Code   RO         8243    i.spi_readwrite     sdcard.o
    0x0800e56c   0x0800e56c   0x0000002c   Code   RO         7918    i.spi_xfer_byte     mcp2515_spi_can.o
    0x0800e598   0x0800e598   0x00000010   Code   RO         4459    i.st_clust          ff.o
    0x0800e5a8   0x0800e5a8   0x000000f4   Code   RO         4460    i.sync_fs           ff.o
    0x0800e69c   0x0800e69c   0x00000060   Code   RO         4461    i.sync_window       ff.o
    0x0800e6fc   0x0800e6fc   0x00000022   Code   RO         4462    i.unlock_fs         ff.o
    0x0800e71e   0x0800e71e   0x00000028   Code   RO         4979    i.uxListRemove      list.o
    0x0800e746   0x0800e746   0x00000002   PAD
    0x0800e748   0x0800e748   0x00000018   Code   RO         6048    i.vApplicationGetIdleTaskMemory  cmsis_os2.o
    0x0800e760   0x0800e760   0x00000018   Code   RO         6049    i.vApplicationGetTimerTaskMemory  cmsis_os2.o
    0x0800e778   0x0800e778   0x0000001a   Code   RO         4980    i.vListInitialise   list.o
    0x0800e792   0x0800e792   0x00000006   Code   RO         4981    i.vListInitialiseItem  list.o
    0x0800e798   0x0800e798   0x00000034   Code   RO         4982    i.vListInsert       list.o
    0x0800e7cc   0x0800e7cc   0x00000018   Code   RO         4983    i.vListInsertEnd    list.o
    0x0800e7e4   0x0800e7e4   0x00000054   Code   RO         6560    i.vPortEnterCritical  port.o
    0x0800e838   0x0800e838   0x0000003c   Code   RO         6561    i.vPortExitCritical  port.o
    0x0800e874   0x0800e874   0x000000a4   Code   RO         6504    i.vPortFree         heap_4.o
    0x0800e918   0x0800e918   0x00000028   Code   RO         6562    i.vPortSetupTimerInterrupt  port.o
    0x0800e940   0x0800e940   0x00000078   Code   RO         6563    i.vPortValidateInterruptPriority  port.o
    0x0800e9b8   0x0800e9b8   0x0000002c   Code   RO         5032    i.vQueueAddToRegistry  queue.o
    0x0800e9e4   0x0800e9e4   0x00000032   Code   RO         5033    i.vQueueDelete      queue.o
    0x0800ea16   0x0800ea16   0x00000002   PAD
    0x0800ea18   0x0800ea18   0x00000030   Code   RO         5035    i.vQueueUnregisterQueue  queue.o
    0x0800ea48   0x0800ea48   0x0000004a   Code   RO         5036    i.vQueueWaitForMessageRestricted  queue.o
    0x0800ea92   0x0800ea92   0x00000002   PAD
    0x0800ea94   0x0800ea94   0x0000005c   Code   RO         5444    i.vTaskDelay        tasks.o
    0x0800eaf0   0x0800eaf0   0x00000018   Code   RO         5449    i.vTaskInternalSetTimeOutState  tasks.o
    0x0800eb08   0x0800eb08   0x0000000c   Code   RO         5450    i.vTaskMissedYield  tasks.o
    0x0800eb14   0x0800eb14   0x00000038   Code   RO         5452    i.vTaskPlaceOnEventList  tasks.o
    0x0800eb4c   0x0800eb4c   0x00000040   Code   RO         5453    i.vTaskPlaceOnEventListRestricted  tasks.o
    0x0800eb8c   0x0800eb8c   0x000000d0   Code   RO         5455    i.vTaskPriorityDisinheritAfterTimeout  tasks.o
    0x0800ec5c   0x0800ec5c   0x000000b8   Code   RO         5461    i.vTaskStartScheduler  tasks.o
    0x0800ed14   0x0800ed14   0x00000010   Code   RO         5463    i.vTaskSuspendAll   tasks.o
    0x0800ed24   0x0800ed24   0x00000090   Code   RO         5464    i.vTaskSwitchContext  tasks.o
    0x0800edb4   0x0800edb4   0x00000050   Code   RO         4463    i.validate          ff.o
    0x0800ee04   0x0800ee04   0x000000f8   Code   RO         6564    i.xPortStartScheduler  port.o
    0x0800eefc   0x0800eefc   0x00000034   Code   RO         6565    i.xPortSysTickHandler  port.o
    0x0800ef30   0x0800ef30   0x0000005c   Code   RO         5037    i.xQueueCreateCountingSemaphore  queue.o
    0x0800ef8c   0x0800ef8c   0x00000064   Code   RO         5038    i.xQueueCreateCountingSemaphoreStatic  queue.o
    0x0800eff0   0x0800eff0   0x00000022   Code   RO         5039    i.xQueueCreateMutex  queue.o
    0x0800f012   0x0800f012   0x0000005a   Code   RO         5041    i.xQueueGenericCreate  queue.o
    0x0800f06c   0x0800f06c   0x000000e0   Code   RO         5042    i.xQueueGenericCreateStatic  queue.o
    0x0800f14c   0x0800f14c   0x00000098   Code   RO         5043    i.xQueueGenericReset  queue.o
    0x0800f1e4   0x0800f1e4   0x000001a8   Code   RO         5044    i.xQueueGenericSend  queue.o
    0x0800f38c   0x0800f38c   0x000000fc   Code   RO         5045    i.xQueueGenericSendFromISR  queue.o
    0x0800f488   0x0800f488   0x000000e0   Code   RO         5048    i.xQueueGiveFromISR  queue.o
    0x0800f568   0x0800f568   0x00000048   Code   RO         5049    i.xQueueGiveMutexRecursive  queue.o
    0x0800f5b0   0x0800f5b0   0x00000168   Code   RO         5054    i.xQueueReceive     queue.o
    0x0800f718   0x0800f718   0x000000ca   Code   RO         5055    i.xQueueReceiveFromISR  queue.o
    0x0800f7e2   0x0800f7e2   0x00000002   PAD
    0x0800f7e4   0x0800f7e4   0x000001b8   Code   RO         5056    i.xQueueSemaphoreTake  queue.o
    0x0800f99c   0x0800f99c   0x0000004e   Code   RO         5057    i.xQueueTakeMutexRecursive  queue.o
    0x0800f9ea   0x0800f9ea   0x00000002   PAD
    0x0800f9ec   0x0800f9ec   0x0000008c   Code   RO         5466    i.xTaskCheckForTimeOut  tasks.o
    0x0800fa78   0x0800fa78   0x00000064   Code   RO         5467    i.xTaskCreate       tasks.o
    0x0800fadc   0x0800fadc   0x000000ba   Code   RO         5468    i.xTaskCreateStatic  tasks.o
    0x0800fb96   0x0800fb96   0x00000002   PAD
    0x0800fb98   0x0800fb98   0x0000000c   Code   RO         5471    i.xTaskGetCurrentTaskHandle  tasks.o
    0x0800fba4   0x0800fba4   0x00000020   Code   RO         5472    i.xTaskGetSchedulerState  tasks.o
    0x0800fbc4   0x0800fbc4   0x0000000c   Code   RO         5473    i.xTaskGetTickCount  tasks.o
    0x0800fbd0   0x0800fbd0   0x00000144   Code   RO         5475    i.xTaskIncrementTick  tasks.o
    0x0800fd14   0x0800fd14   0x000000a4   Code   RO         5478    i.xTaskPriorityDisinherit  tasks.o
    0x0800fdb8   0x0800fdb8   0x000000a4   Code   RO         5479    i.xTaskPriorityInherit  tasks.o
    0x0800fe5c   0x0800fe5c   0x00000098   Code   RO         5480    i.xTaskRemoveFromEventList  tasks.o
    0x0800fef4   0x0800fef4   0x00000104   Code   RO         5481    i.xTaskResumeAll    tasks.o
    0x0800fff8   0x0800fff8   0x00000036   Code   RO         5815    i.xTimerCreate      timers.o
    0x0801002e   0x0801002e   0x00000002   PAD
    0x08010030   0x08010030   0x00000078   Code   RO         5817    i.xTimerCreateTimerTask  timers.o
    0x080100a8   0x080100a8   0x00000084   Code   RO         5818    i.xTimerGenericCommand  timers.o
    0x0801012c   0x0801012c   0x000000b4   Data   RO          304    .constdata          freertos.o
    0x080101e0   0x080101e0   0x00000012   Data   RO         2321    .constdata          stm32f1xx_hal_rcc.o
    0x080101f2   0x080101f2   0x00000018   Data   RO         4314    .constdata          system_stm32f1xx.o
    0x0801020a   0x0801020a   0x000000ac   Data   RO         4465    .constdata          ff.o
    0x080102b6   0x080102b6   0x00000002   PAD
    0x080102b8   0x080102b8   0x00001be4   Data   RO         6633    .constdata          font.o
    0x08011e9c   0x08011e9c   0x00000003   Data   RO         6914    .constdata          nox_channel.o
    0x08011e9f   0x08011e9f   0x00000008   Data   RO         7805    .constdata          nox.o
    0x08011ea7   0x08011ea7   0x00000001   PAD
    0x08011ea8   0x08011ea8   0x0000001c   Data   RO         7919    .constdata          mcp2515_spi_can.o
    0x08011ec4   0x08011ec4   0x00000244   Data   RO         8499    .constdata          modbus.o
    0x08012108   0x08012108   0x00000081   Data   RO         8936    .constdata          mc_w.l(ctype_o.o)
    0x08012189   0x08012189   0x00000003   PAD
    0x0801218c   0x0801218c   0x00000004   Data   RO         8937    .constdata          mc_w.l(ctype_o.o)
    0x08012190   0x08012190   0x00000040   Data   RO          305    .conststring        freertos.o
    0x080121d0   0x080121d0   0x00000020   Data   RO         8973    Region$$Table       anon$$obj.o


    Execution Region RW_IRAM1 (Exec base: 0x20000000, Load base: 0x080121f0, Size: 0x0000b808, Max: 0x0000c000, ABSOLUTE, COMPRESSED[0x00000090])

    Exec Addr    Load Addr    Size         Type   Attr      Idx    E Section Name        Object

    0x20000000   COMPRESSED   0x0000000c   Data   RW           17    .data               main.o
    0x2000000c   COMPRESSED   0x00000034   Data   RW          306    .data               freertos.o
    0x20000040   COMPRESSED   0x00000018   Data   RW          807    .data               user_diskio.o
    0x20000058   COMPRESSED   0x00000005   Data   RW          868    .data               fatfs.o
    0x2000005d   COMPRESSED   0x00000003   PAD
    0x20000060   COMPRESSED   0x00000009   Data   RW         2157    .data               stm32f1xx_hal.o
    0x20000069   COMPRESSED   0x00000003   PAD
    0x2000006c   COMPRESSED   0x00000004   Data   RW         4315    .data               system_stm32f1xx.o
    0x20000070   COMPRESSED   0x00000006   Data   RW         4466    .data               ff.o
    0x20000076   COMPRESSED   0x00000002   PAD
    0x20000078   COMPRESSED   0x0000003c   Data   RW         5484    .data               tasks.o
    0x200000b4   COMPRESSED   0x00000014   Data   RW         5826    .data               timers.o
    0x200000c8   COMPRESSED   0x00000004   Data   RW         6051    .data               cmsis_os2.o
    0x200000cc   COMPRESSED   0x00000020   Data   RW         6510    .data               heap_4.o
    0x200000ec   COMPRESSED   0x0000000c   Data   RW         6566    .data               port.o
    0x200000f8   COMPRESSED   0x00000008   Data   RW         6676    .data               oled.o
    0x20000100   COMPRESSED   0x0000005c   Data   RW         6849    .data               nox_sensor.o
    0x2000015c   COMPRESSED   0x00000004   Data   RW         6915    .data               nox_channel.o
    0x20000160   COMPRESSED   0x00000008   Data   RW         7025    .data               j1939.o
    0x20000168   COMPRESSED   0x0000016a   Data   RW         7179    .data               modbus_slave.o
    0x200002d2   COMPRESSED   0x00000002   PAD
    0x200002d4   COMPRESSED   0x00000004   Data   RW         7806    .data               nox.o
    0x200002d8   COMPRESSED   0x0000000a   Data   RW         7920    .data               mcp2515_spi_can.o
    0x200002e2   COMPRESSED   0x00000002   PAD
    0x200002e4   COMPRESSED   0x00000014   Data   RW         8246    .data               sdcard.o
    0x200002f8   COMPRESSED   0x00000024   Data   RW         8378    .data               modbus_host.o
    0x2000031c   COMPRESSED   0x00000044   Data   RW         8500    .data               modbus.o
    0x20000360   COMPRESSED   0x00000004   Data   RW         8909    .data               mc_w.l(errno.o)
    0x20000364        -       0x00000028   Zero   RW          414    .bss                can.o
    0x2000038c        -       0x000000a8   Zero   RW          457    .bss                i2c.o
    0x20000434        -       0x000000b0   Zero   RW          502    .bss                spi.o
    0x200004e4        -       0x000000d8   Zero   RW          542    .bss                tim.o
    0x200005bc        -       0x00000090   Zero   RW          595    .bss                usart.o
    0x2000064c        -       0x00000048   Zero   RW          766    .bss                stm32f1xx_hal_timebase_tim.o
    0x20000694   COMPRESSED   0x00000004   PAD
    0x20000698        -       0x00000020   Zero   RW         2873    .bss                stm32f1xx_hal_flash.o
    0x200006b8        -       0x00000018   Zero   RW         4464    .bss                ff.o
    0x200006d0        -       0x0000000c   Zero   RW         4760    .bss                ff_gen_drv.o
    0x200006dc        -       0x00000040   Zero   RW         5058    .bss                queue.o
    0x2000071c        -       0x000004c4   Zero   RW         5483    .bss                tasks.o
    0x20000be0        -       0x00000118   Zero   RW         5825    .bss                timers.o
    0x20000cf8        -       0x000012b8   Zero   RW         6050    .bss                cmsis_os2.o
    0x20001fb0        -       0x00005dc0   Zero   RW         6509    .bss                heap_4.o
    0x20007d70        -       0x00000481   Zero   RW         6675    .bss                oled.o
    0x200081f1   COMPRESSED   0x00000003   PAD
    0x200081f4        -       0x00000120   Zero   RW         6913    .bss                nox_channel.o
    0x20008314        -       0x00000290   Zero   RW         7178    .bss                modbus_slave.o
    0x200085a4        -       0x0000013c   Zero   RW         7739    .bss                modbus_flash.o
    0x200086e0        -       0x0000000d   Zero   RW         7804    .bss                nox.o
    0x200086ed   COMPRESSED   0x00000003   PAD
    0x200086f0        -       0x0000003c   Zero   RW         8061    .bss                blowback.o
    0x2000872c        -       0x000000dc   Zero   RW         8377    .bss                modbus_host.o
    0x20008808        -       0x00003000   Zero   RW            1    STACK               startup_stm32f103xe.o


==============================================================================

Image component sizes


      Code (inc. data)   RO Data    RW Data    ZI Data      Debug   Object Name

        64         16          0          0          0        467   alarm.o
      1472        118          0          0         60      10004   blowback.o
       868         20          0          0          0       3914   calibration.o
       228         24          0          0         40       1575   can.o
       848         46          0          4       4792      57912   cmsis_os2.o
       208         24          0          0          0       3637   diskio.o
         0          0          0          0          0      19512   event_groups.o
        32         12          0          5          0       1428   fatfs.o
      6302         72        172          6         24      34442   ff.o
       102          6          0          0         12       1571   ff_gen_drv.o
         0          0       7140          0          0       1545   font.o
       422         80        244         52          0      11002   freertos.o
       352         18          0          0          0       1023   gpio.o
       724         74          0         32      24000       4651   heap_4.o
       328         42          0          0        168       2122   i2c.o
       514         28          0          8          0       4532   j1939.o
       148          0          0          0          0       3306   list.o
       352         46          0         12          0     543579   main.o
      1654         88         28         10          0      14370   mcp2515_spi_can.o
       868        180        580         68          0       7351   modbus.o
      1528         48          0          0        316       6183   modbus_flash.o
      1720        194          0         36        220      11029   modbus_host.o
     10446       1036          0        362        656      82013   modbus_slave.o
      2036        296          8          4         13       8911   nox.o
      1506        104          3          4        288      12222   nox_channel.o
       380         34          0         92          0       6053   nox_sensor.o
      1018         42          0          8       1153      10130   oled.o
       854         78          0         12          0      10689   port.o
      3402         30          0          0         64      28762   queue.o
      1616        132          0         20          0      12889   sdcard.o
       384         38          0          0        176       2170   spi.o
        36          8        304          0      12288        784   startup_stm32f103xe.o
       116         24          0          9          0       5730   stm32f1xx_hal.o
      2176          0          0          0          0      14065   stm32f1xx_hal_can.o
       252         22          0          0          0      28562   stm32f1xx_hal_cortex.o
       516         10          0          0          0       2386   stm32f1xx_hal_dma.o
       520         48          0          0         32       4038   stm32f1xx_hal_flash.o
       256         26          0          0          0       2479   stm32f1xx_hal_flash_ex.o
       844         40          0          0          0       2636   stm32f1xx_hal_gpio.o
      1730         32          0          0          0       7909   stm32f1xx_hal_i2c.o
        96         10          0          0          0        858   stm32f1xx_hal_msp.o
      1816        108         18          0          0       6425   stm32f1xx_hal_rcc.o
      1058          6          0          0          0       4349   stm32f1xx_hal_spi.o
      1238         44          0          0          0       9738   stm32f1xx_hal_tim.o
       160         22          0          0          0       2365   stm32f1xx_hal_tim_ex.o
       180         22          0          0         72       1415   stm32f1xx_hal_timebase_tim.o
      1908          8          0          0          0      10225   stm32f1xx_hal_uart.o
       134         42          0          0          0       5629   stm32f1xx_it.o
        84          0          0          0          0       3216   syscall.o
         2          0         24          4          0       1067   system_stm32f1xx.o
      3224        386          0         60       1220      29111   tasks.o
       472         38          0          0        216       2804   tim.o
      1506        124          0         20        280      24570   timers.o
       420         46          0          0        144       2237   usart.o
       282          6          0         24          0       4404   user_diskio.o

    ----------------------------------------------------------------------
     59470       3998       8556        864      46244    1095996   Object Totals
         0          0         32          0          0          0   (incl. Generated)
        68          0          3         12         10          0   (incl. Padding)

    ----------------------------------------------------------------------

      Code (inc. data)   RO Data    RW Data    ZI Data      Debug   Library Member Name

        56          8          0          0          0         84   __0sscanf.o
        86          0          0          0          0          0   __dczerorl2.o
        28          0          0          0          0         68   _chval.o
       816          6          0          0          0        112   _scanf.o
       224          0          0          0          0         96   _scanf_str.o
        64          0          0          0          0         84   _sgetc.o
       158          0          0          0          0         92   _strtoul.o
        26          0          0          0          0         80   atoi.o
         8          4        133          0          0         68   ctype_o.o
         0          0          0          0          0          0   entry.o
         0          0          0          0          0          0   entry10a.o
         0          0          0          0          0          0   entry11a.o
         4          0          0          0          0          0   entry12b.o
         8          4          0          0          0          0   entry2.o
         4          0          0          0          0          0   entry5.o
         0          0          0          0          0          0   entry7b.o
         0          0          0          0          0          0   entry8b.o
         8          4          0          0          0          0   entry9a.o
         8          4          0          4          0         68   errno.o
        30          0          0          0          0          0   handlers.o
        36          8          0          0          0         68   init.o
        18          0          0          0          0         76   isspace_o.o
         0          0          0          0          0          0   iusefp.o
        30          0          0          0          0         68   llshl.o
        36          0          0          0          0         68   llsshr.o
        32          0          0          0          0         68   llushr.o
        36          0          0          0          0         68   memcpya.o
        36          0          0          0          0        108   memseta.o
      2260         84          0          0          0        536   printfa.o
        40          8          0          0          0         84   scanf_char.o
        28          0          0          0          0         76   strcmp.o
       112          0          0          0          0         88   strtol.o
        44          0          0          0          0         80   uidiv.o
        98          0          0          0          0         92   uldiv.o
        48          0          0          0          0         68   cdrcmple.o
        20          0          0          0          0         68   cfcmple.o
        20          0          0          0          0         68   cfrcmple.o
       334          0          0          0          0        148   dadd.o
       222          0          0          0          0        100   ddiv.o
       186          0          0          0          0        176   depilogue.o
        48          0          0          0          0         68   dfixul.o
       228          0          0          0          0         96   dmul.o
        38          0          0          0          0         68   f2d.o
       176          0          0          0          0        140   fadd.o
       124          0          0          0          0         88   fdiv.o
       110          0          0          0          0        168   fepilogue.o
        40          0          0          0          0         68   ffixui.o
        18          0          0          0          0         68   fflti.o
        10          0          0          0          0         68   ffltui.o
       100          0          0          0          0         76   fmul.o

    ----------------------------------------------------------------------
      6062        130        136          4          0       3768   Library Totals
         6          0          3          0          0          0   (incl. Padding)

    ----------------------------------------------------------------------

      Code (inc. data)   RO Data    RW Data    ZI Data      Debug   Library Name

      4334        130        133          4          0       2232   mc_w.l
      1722          0          0          0          0       1536   mf_w.l

    ----------------------------------------------------------------------
      6062        130        136          4          0       3768   Library Totals

    ----------------------------------------------------------------------

==============================================================================


      Code (inc. data)   RO Data    RW Data    ZI Data      Debug   

     65532       4128       8692        868      46244    1072592   Grand Totals
     65532       4128       8692        144      46244    1072592   ELF Image Totals (compressed)
     65532       4128       8692        144          0          0   ROM Totals

==============================================================================

    Total RO  Size (Code + RO Data)                74224 (  72.48kB)
    Total RW  Size (RW Data + ZI Data)             47112 (  46.01kB)
    Total ROM Size (Code + RO Data + RW Data)      74368 (  72.63kB)

==============================================================================

