Component: ARM Compiler 5.06 update 6 (build 750) Tool: armlink [4d35ed]

==============================================================================

Section Cross References

    startup_stm32f103xe.o(RESET) refers to startup_stm32f103xe.o(STACK) for __initial_sp
    startup_stm32f103xe.o(RESET) refers to startup_stm32f103xe.o(.text) for Reset_Handler
    startup_stm32f103xe.o(RESET) refers to stm32f1xx_it.o(i.NMI_Handler) for NMI_Handler
    startup_stm32f103xe.o(RESET) refers to stm32f1xx_it.o(i.HardFault_Handler) for HardFault_Handler
    startup_stm32f103xe.o(RESET) refers to stm32f1xx_it.o(i.MemManage_Handler) for MemManage_Handler
    startup_stm32f103xe.o(RESET) refers to stm32f1xx_it.o(i.BusFault_Handler) for BusFault_Handler
    startup_stm32f103xe.o(RESET) refers to stm32f1xx_it.o(i.UsageFault_Handler) for UsageFault_Handler
    startup_stm32f103xe.o(RESET) refers to port.o(.emb_text) for SVC_Handler
    startup_stm32f103xe.o(RESET) refers to stm32f1xx_it.o(i.DebugMon_Handler) for DebugMon_Handler
    startup_stm32f103xe.o(RESET) refers to cmsis_os2.o(i.SysTick_Handler) for SysTick_Handler
    startup_stm32f103xe.o(RESET) refers to stm32f1xx_it.o(i.USB_LP_CAN1_RX0_IRQHandler) for USB_LP_CAN1_RX0_IRQHandler
    startup_stm32f103xe.o(RESET) refers to stm32f1xx_it.o(i.TIM2_IRQHandler) for TIM2_IRQHandler
    startup_stm32f103xe.o(RESET) refers to stm32f1xx_it.o(i.TIM3_IRQHandler) for TIM3_IRQHandler
    startup_stm32f103xe.o(RESET) refers to stm32f1xx_it.o(i.USART1_IRQHandler) for USART1_IRQHandler
    startup_stm32f103xe.o(RESET) refers to stm32f1xx_it.o(i.UART5_IRQHandler) for UART5_IRQHandler
    startup_stm32f103xe.o(RESET) refers to stm32f1xx_it.o(i.TIM6_IRQHandler) for TIM6_IRQHandler
    startup_stm32f103xe.o(RESET) refers to stm32f1xx_it.o(i.TIM7_IRQHandler) for TIM7_IRQHandler
    startup_stm32f103xe.o(.text) refers to system_stm32f1xx.o(i.SystemInit) for SystemInit
    startup_stm32f103xe.o(.text) refers to entry.o(.ARM.Collect$$$$00000000) for __main
    main.o(i.HAL_TIM_PeriodElapsedCallback) refers to stm32f1xx_hal.o(i.HAL_IncTick) for HAL_IncTick
    main.o(i.HAL_TIM_PeriodElapsedCallback) refers to stm32f1xx_hal_tim.o(i.HAL_TIM_Base_Stop_IT) for HAL_TIM_Base_Stop_IT
    main.o(i.HAL_TIM_PeriodElapsedCallback) refers to tim.o(.bss) for htim7
    main.o(i.HAL_TIM_PeriodElapsedCallback) refers to main.o(.data) for .data
    main.o(i.HAL_TIM_PeriodElapsedCallback) refers to modbus_slave.o(.data) for s_TIM_CallBack1
    main.o(i.HAL_TIM_PeriodElapsedCallback) refers to modbus_host.o(.data) for s_TIM_CallBack2
    main.o(i.SystemClock_Config) refers to memseta.o(.text) for __aeabi_memclr4
    main.o(i.SystemClock_Config) refers to stm32f1xx_hal_rcc.o(i.HAL_RCC_OscConfig) for HAL_RCC_OscConfig
    main.o(i.SystemClock_Config) refers to stm32f1xx_hal_rcc.o(i.HAL_RCC_ClockConfig) for HAL_RCC_ClockConfig
    main.o(i.main) refers to stm32f1xx_hal.o(i.HAL_Init) for HAL_Init
    main.o(i.main) refers to main.o(i.SystemClock_Config) for SystemClock_Config
    main.o(i.main) refers to gpio.o(i.MX_GPIO_Init) for MX_GPIO_Init
    main.o(i.main) refers to usart.o(i.MX_USART1_UART_Init) for MX_USART1_UART_Init
    main.o(i.main) refers to can.o(i.MX_CAN_Init) for MX_CAN_Init
    main.o(i.main) refers to i2c.o(i.MX_I2C1_Init) for MX_I2C1_Init
    main.o(i.main) refers to i2c.o(i.MX_I2C2_Init) for MX_I2C2_Init
    main.o(i.main) refers to usart.o(i.MX_UART4_Init) for MX_UART4_Init
    main.o(i.main) refers to usart.o(i.MX_UART5_Init) for MX_UART5_Init
    main.o(i.main) refers to fatfs.o(i.MX_FATFS_Init) for MX_FATFS_Init
    main.o(i.main) refers to tim.o(i.MX_TIM2_Init) for MX_TIM2_Init
    main.o(i.main) refers to tim.o(i.MX_TIM7_Init) for MX_TIM7_Init
    main.o(i.main) refers to spi.o(i.MX_SPI1_Init) for MX_SPI1_Init
    main.o(i.main) refers to spi.o(i.MX_SPI2_Init) for MX_SPI2_Init
    main.o(i.main) refers to tim.o(i.MX_TIM3_Init) for MX_TIM3_Init
    main.o(i.main) refers to stm32f1xx_hal_tim.o(i.HAL_TIM_Base_Stop_IT) for HAL_TIM_Base_Stop_IT
    main.o(i.main) refers to stm32f1xx_hal_tim.o(i.HAL_TIM_Base_Start_IT) for HAL_TIM_Base_Start_IT
    main.o(i.main) refers to cmsis_os2.o(i.osKernelInitialize) for osKernelInitialize
    main.o(i.main) refers to freertos.o(i.MX_FREERTOS_Init) for MX_FREERTOS_Init
    main.o(i.main) refers to cmsis_os2.o(i.osKernelStart) for osKernelStart
    main.o(i.main) refers to tim.o(.bss) for htim2
    gpio.o(i.MX_GPIO_Init) refers to stm32f1xx_hal_gpio.o(i.HAL_GPIO_WritePin) for HAL_GPIO_WritePin
    gpio.o(i.MX_GPIO_Init) refers to stm32f1xx_hal_gpio.o(i.HAL_GPIO_Init) for HAL_GPIO_Init
    freertos.o(i.MX_FREERTOS_Init) refers to oled.o(i.OLED_Init) for OLED_Init
    freertos.o(i.MX_FREERTOS_Init) refers to oled.o(i.OLED_PrintASCIIString) for OLED_PrintASCIIString
    freertos.o(i.MX_FREERTOS_Init) refers to oled.o(i.OLED_ShowFrame) for OLED_ShowFrame
    freertos.o(i.MX_FREERTOS_Init) refers to sdcard.o(i.handleConfig) for handleConfig
[...]
    HAL_UARTEx_RxEventCallback               0x080034f3   Thumb Code     2  stm32f1xx_hal_uart.o(i.HAL_UARTEx_RxEventCallback)
    HAL_UART_ErrorCallback                   0x080034f5   Thumb Code     2  stm32f1xx_hal_uart.o(i.HAL_UART_ErrorCallback)
    HAL_UART_IRQHandler                      0x080034f9   Thumb Code   616  stm32f1xx_hal_uart.o(i.HAL_UART_IRQHandler)
    HAL_UART_Init                            0x08003765   Thumb Code   100  stm32f1xx_hal_uart.o(i.HAL_UART_Init)
    HAL_UART_MspInit                         0x080037c9   Thumb Code   284  usart.o(i.HAL_UART_MspInit)
    HAL_UART_Receive_IT                      0x08003901   Thumb Code    28  stm32f1xx_hal_uart.o(i.HAL_UART_Receive_IT)
    HAL_UART_RxCpltCallback                  0x0800391d   Thumb Code    62  modbus.o(i.HAL_UART_RxCpltCallback)
    HAL_UART_Transmit_IT                     0x08003971   Thumb Code    50  stm32f1xx_hal_uart.o(i.HAL_UART_Transmit_IT)
    HAL_UART_TxCpltCallback                  0x080039a5   Thumb Code    58  modbus.o(i.HAL_UART_TxCpltCallback)
    HardFault_Handler                        0x080039f1   Thumb Code     2  stm32f1xx_it.o(i.HardFault_Handler)
    InternalFlash_Write                      0x08003cb9   Thumb Code   184  modbus_slave.o(i.InternalFlash_Write)
    J1939_CAN_Transmit                       0x08003d81   Thumb Code   112  j1939.o(i.J1939_CAN_Transmit)
    J1939_Initialization                     0x08003df5   Thumb Code    86  j1939.o(i.J1939_Initialization)
    LoadRegistersFromFlash                   0x08003e55   Thumb Code   102  modbus_slave.o(i.LoadRegistersFromFlash)
    MODH_Poll                                0x08003ec5   Thumb Code   100  modbus_host.o(i.MODH_Poll)
    MODH_ReadParam_03H                       0x08003f31   Thumb Code    92  modbus_host.o(i.MODH_ReadParam_03H)
    MODH_ReciveNew                           0x08004035   Thumb Code    68  modbus_host.o(i.MODH_ReciveNew)
    MODH_Send03H                             0x08004099   Thumb Code    62  modbus_host.o(i.MODH_Send03H)
    MODH_Send10H                             0x080040dd   Thumb Code    94  modbus_host.o(i.MODH_Send10H)
    MODH_WriteParam_10H                      0x08004179   Thumb Code    96  modbus_host.o(i.MODH_WriteParam_10H)
    MODS_Poll                                0x08004559   Thumb Code   148  modbus_slave.o(i.MODS_Poll)
    MODS_ReciveNew                           0x080046cd   Thumb Code    72  modbus_slave.o(i.MODS_ReciveNew)
    MX_CAN_Init                              0x08004955   Thumb Code    60  can.o(i.MX_CAN_Init)
    MX_FATFS_Init                            0x08004999   Thumb Code    18  fatfs.o(i.MX_FATFS_Init)
    MX_FREERTOS_Init                         0x080049b5   Thumb Code   134  freertos.o(i.MX_FREERTOS_Init)
    MX_GPIO_Init                             0x08004a6d   Thumb Code   292  gpio.o(i.MX_GPIO_Init)
    MX_I2C1_Init                             0x08004ba1   Thumb Code    50  i2c.o(i.MX_I2C1_Init)
    MX_I2C2_Init                             0x08004be1   Thumb Code    50  i2c.o(i.MX_I2C2_Init)
    MX_SPI1_Init                             0x08004c21   Thumb Code    62  spi.o(i.MX_SPI1_Init)
    MX_SPI2_Init                             0x08004c69   Thumb Code    62  spi.o(i.MX_SPI2_Init)
    MX_TIM2_Init                             0x08004cb1   Thumb Code    96  tim.o(i.MX_TIM2_Init)
    MX_TIM3_Init                             0x08004d15   Thumb Code    94  tim.o(i.MX_TIM3_Init)
    MX_TIM7_Init                             0x08004d7d   Thumb Code    62  tim.o(i.MX_TIM7_Init)
    MX_UART4_Init                            0x08004dc5   Thumb Code    48  usart.o(i.MX_UART4_Init)
    MX_UART5_Init                            0x08004dfd   Thumb Code    48  usart.o(i.MX_UART5_Init)
    MX_USART1_UART_Init                      0x08004e35   Thumb Code    48  usart.o(i.MX_USART1_UART_Init)
    MemManage_Handler                        0x08004e6d   Thumb Code     2  stm32f1xx_it.o(i.MemManage_Handler)
    ModBusHost                               0x08004e71   Thumb Code   112  modbus_host.o(i.ModBusHost)
    ModBusSlave                              0x08004ef5   Thumb Code   110  nox.o(i.ModBusSlave)
    NMI_Handler                              0x08004f75   Thumb Code     2  stm32f1xx_it.o(i.NMI_Handler)
    NOxDefault                               0x08004f79   Thumb Code   132  nox.o(i.NOxDefault)
    NOxReceive                               0x0800502d   Thumb Code   120  nox.o(i.NOxReceive)
    NOx_Handle                               0x080050d5   Thumb Code   612  nox.o(i.NOx_Handle)
    OLED_Init                                0x08005511   Thumb Code   192  oled.o(i.OLED_Init)
    OLED_NewFrame                            0x080055d5   Thumb Code    10  oled.o(i.OLED_NewFrame)
    OLED_PrintASCIIChar                      0x080055e5   Thumb Code    32  oled.o(i.OLED_PrintASCIIChar)
    OLED_PrintASCIIString                    0x08005605   Thumb Code    46  oled.o(i.OLED_PrintASCIIString)
    OLED_Send                                0x08005635   Thumb Code    58  oled.o(i.OLED_Send)
    OLED_SendCmd                             0x08005679   Thumb Code    12  oled.o(i.OLED_SendCmd)
    OLED_SetBits                             0x08005689   Thumb Code    72  oled.o(i.OLED_SetBits)
    OLED_SetBits_Fine                        0x080056d1   Thumb Code   104  oled.o(i.OLED_SetBits_Fine)
    OLED_SetBlock                            0x08005739   Thumb Code   136  oled.o(i.OLED_SetBlock)
    OLED_SetByte_Fine                        0x080057c1   Thumb Code    64  oled.o(i.OLED_SetByte_Fine)
    OLED_ShowFrame                           0x08005809   Thumb Code    68  oled.o(i.OLED_ShowFrame)
    RS485_Enable_RX                          0x08005851   Thumb Code     6  modbus.o(i.RS485_Enable_RX)
    RS485_Enable_TX                          0x08005857   Thumb Code     6  modbus.o(i.RS485_Enable_TX)
    RS485_Send_Data_IT                       0x0800585d   Thumb Code    42  modbus_slave.o(i.RS485_Send_Data_IT)
    RS485_Send_Data_IT_H                     0x08005895   Thumb Code    42  modbus_host.o(i.RS485_Send_Data_IT_H)
    Register_Init                            0x080058cd   Thumb Code   100  nox.o(i.Register_Init)
    SD_GETCSD                                0x08005949   Thumb Code    50  sdcard.o(i.SD_GETCSD)
    SD_GetSectorCount                        0x08005981   Thumb Code   110  sdcard.o(i.SD_GetSectorCount)
    SD_ReadDisk                              0x080059f1   Thumb Code   112  sdcard.o(i.SD_ReadDisk)
    SD_ReceiveData                           0x08005a69   Thumb Code    72  sdcard.o(i.SD_ReceiveData)
    SD_SendBlock                             0x08005ab5   Thumb Code    80  sdcard.o(i.SD_SendBlock)
    SD_WriteDisk                             0x08005b05   Thumb Code   134  sdcard.o(i.SD_WriteDisk)
    SD_init                                  0x08005b95   Thumb Code   364  sdcard.o(i.SD_init)
    SD_sendcmd                               0x08005d0d   Thumb Code   154  sdcard.o(i.SD_sendcmd)
    SPI_setspeed                             0x08005e99   Thumb Code     6  sdcard.o(i.SPI_setspeed)
    StartDefaultTask                         0x08005ea5   Thumb Code     8  freertos.o(i.StartDefaultTask)
    StartHardTimer                           0x08005ead   Thumb Code    30  modbus_slave.o(i.StartHardTimer)
    StartHardTimer_H                         0x08005ed5   Thumb Code    30  modbus_host.o(i.StartHardTimer_H)
    Start_Receive                            0x08005efd   Thumb Code    10  modbus_slave.o(i.Start_Receive)
    Start_Receive_H                          0x08005f11   Thumb Code    10  modbus_host.o(i.Start_Receive_H)
    SysTick_Handler                          0x08005f25   Thumb Code    26  cmsis_os2.o(i.SysTick_Handler)
    SystemClock_Config                       0x08005f3f   Thumb Code    94  main.o(i.SystemClock_Config)
    SystemInit                               0x08005f9d   Thumb Code     2  system_stm32f1xx.o(i.SystemInit)
    TIM2_IRQHandler                          0x08005fa1   Thumb Code     6  stm32f1xx_it.o(i.TIM2_IRQHandler)
    TIM3_IRQHandler                          0x08005fad   Thumb Code     6  stm32f1xx_it.o(i.TIM3_IRQHandler)
    TIM6_IRQHandler                          0x08005fb9   Thumb Code     6  stm32f1xx_it.o(i.TIM6_IRQHandler)
    TIM7_IRQHandler                          0x08005fc5   Thumb Code     6  stm32f1xx_it.o(i.TIM7_IRQHandler)
    TIM_Base_SetConfig                       0x08005fd1   Thumb Code   134  stm32f1xx_hal_tim.o(i.TIM_Base_SetConfig)
    TIM_ETR_SetConfig                        0x0800606d   Thumb Code    20  stm32f1xx_hal_tim.o(i.TIM_ETR_SetConfig)
    Time_Out_Fun                             0x080060d9   Thumb Code     8  modbus_host.o(i.Time_Out_Fun)
    TxMsg_Init                               0x080060e5   Thumb Code    64  nox.o(i.TxMsg_Init)
    UART5_IRQHandler                         0x0800612d   Thumb Code     6  stm32f1xx_it.o(i.UART5_IRQHandler)
    UART_Start_Receive_IT                    0x08006311   Thumb Code    54  stm32f1xx_hal_uart.o(i.UART_Start_Receive_IT)
    USART1_IRQHandler                        0x08006349   Thumb Code     6  stm32f1xx_it.o(i.USART1_IRQHandler)
    USB_LP_CAN1_RX0_IRQHandler               0x08006355   Thumb Code     6  stm32f1xx_it.o(i.USB_LP_CAN1_RX0_IRQHandler)
    USER_initialize                          0x08006361   Thumb Code    32  user_diskio.o(i.USER_initialize)
    USER_ioctl                               0x08006381   Thumb Code    92  user_diskio.o(i.USER_ioctl)
    USER_read                                0x080063e1   Thumb Code    32  user_diskio.o(i.USER_read)
    USER_status                              0x08006401   Thumb Code    20  user_diskio.o(i.USER_status)
    USER_write                               0x08006415   Thumb Code    34  user_diskio.o(i.USER_write)
    UsageFault_Handler                       0x08006437   Thumb Code     2  stm32f1xx_it.o(i.UsageFault_Handler)
    Var_Read_P08                             0x08006439   Thumb Code    34  modbus_slave.o(i.Var_Read_P08)
    Var_Read_P10                             0x08006465   Thumb Code    34  modbus_slave.o(i.Var_Read_P10)
    Var_Read_P12                             0x08006491   Thumb Code    34  modbus_slave.o(i.Var_Read_P12)
    Var_Read_P13                             0x080064bd   Thumb Code    34  modbus_slave.o(i.Var_Read_P13)
    Var_Read_P18                             0x080064e9   Thumb Code    34  modbus_slave.o(i.Var_Read_P18)
    Var_Read_P20                             0x08006515   Thumb Code    34  modbus_slave.o(i.Var_Read_P20)
    Var_Read_P24                             0x08006541   Thumb Code    36  modbus_slave.o(i.Var_Read_P24)
    Var_Read_P25                             0x0800656d   Thumb Code    36  modbus_slave.o(i.Var_Read_P25)
    Var_Read_ParamSection1                   0x08006599   Thumb Code    60  modbus_slave.o(i.Var_Read_ParamSection1)
    Var_Read_ParamSection2                   0x080065dd   Thumb Code    60  modbus_slave.o(i.Var_Read_ParamSection2)
    Var_Update_ParamSection1                 0x08006621   Thumb Code    50  modbus_slave.o(i.Var_Update_ParamSection1)
    Var_Update_ParamSection2                 0x0800665d   Thumb Code    50  modbus_slave.o(i.Var_Update_ParamSection2)
    Var_Update_SensorCore                    0x08006699   Thumb Code    46  modbus_slave.o(i.Var_Update_SensorCore)
    Var_Write_P08                            0x080066d1   Thumb Code    36  modbus_slave.o(i.Var_Write_P08)
    Var_Write_P10                            0x080066fd   Thumb Code    36  modbus_slave.o(i.Var_Write_P10)
    Var_Write_P24                            0x08006729   Thumb Code    38  modbus_slave.o(i.Var_Write_P24)
    __0snprintf                              0x08006759   Thumb Code    44  printfa.o(i.__0snprintf)
    __1snprintf                              0x08006759   Thumb Code     0  printfa.o(i.__0snprintf)
    __2snprintf                              0x08006759   Thumb Code     0  printfa.o(i.__0snprintf)
    __c89snprintf                            0x08006759   Thumb Code     0  printfa.o(i.__0snprintf)
    snprintf                                 0x08006759   Thumb Code     0  printfa.o(i.__0snprintf)
    __aeabi_errno_addr                       0x080067a9   Thumb Code     4  errno.o(i.__aeabi_errno_addr)
    __rt_errno_addr                          0x080067a9   Thumb Code     0  errno.o(i.__aeabi_errno_addr)
    __scatterload_copy                       0x080067b1   Thumb Code    14  handlers.o(i.__scatterload_copy)
    __scatterload_null                       0x080067bf   Thumb Code     2  handlers.o(i.__scatterload_null)
    __scatterload_zeroinit                   0x080067c1   Thumb Code    14  handlers.o(i.__scatterload_zeroinit)
    clust2sect                               0x0800722f   Thumb Code    30  ff.o(i.clust2sect)
    delay_ms                                 0x08007439   Thumb Code    22  sdcard.o(i.delay_ms)
    disk_initialize                          0x0800767d   Thumb Code    36  diskio.o(i.disk_initialize)
    disk_ioctl                               0x080076a5   Thumb Code    24  diskio.o(i.disk_ioctl)
    disk_read                                0x080076c1   Thumb Code    24  diskio.o(i.disk_read)
    disk_status                              0x080076dd   Thumb Code    18  diskio.o(i.disk_status)
    disk_write                               0x080076f5   Thumb Code    24  diskio.o(i.disk_write)
    f_close                                  0x08007711   Thumb Code    54  ff.o(i.f_close)
    f_gets                                   0x08007747   Thumb Code    72  ff.o(i.f_gets)
    f_mount                                  0x08007791   Thumb Code   126  ff.o(i.f_mount)
    f_open                                   0x08007815   Thumb Code   420  ff.o(i.f_open)
    f_read                                   0x080079bd   Thumb Code   466  ff.o(i.f_read)
    f_sync                                   0x08007b8f   Thumb Code   210  ff.o(i.f_sync)
    ff_cre_syncobj                           0x08007c61   Thumb Code    24  syscall.o(i.ff_cre_syncobj)
    ff_del_syncobj                           0x08007c79   Thumb Code    10  syscall.o(i.ff_del_syncobj)
    ff_rel_grant                             0x08007c83   Thumb Code     4  syscall.o(i.ff_rel_grant)
    ff_req_grant                             0x08007c87   Thumb Code    20  syscall.o(i.ff_req_grant)
    get_fat                                  0x08007fc1   Thumb Code   194  ff.o(i.get_fat)
    get_fattime                              0x08008083   Thumb Code     4  fatfs.o(i.get_fattime)
    handleConfig                             0x080080c5   Thumb Code    94  sdcard.o(i.handleConfig)
    hexArrayToString                         0x0800816d   Thumb Code    44  nox.o(i.hexArrayToString)
    main                                     0x0800825d   Thumb Code    86  main.o(i.main)
    osKernelInitialize                       0x08008315   Thumb Code    32  cmsis_os2.o(i.osKernelInitialize)
    osKernelStart                            0x08008339   Thumb Code    48  cmsis_os2.o(i.osKernelStart)
    osSemaphoreAcquire                       0x08008371   Thumb Code    88  cmsis_os2.o(i.osSemaphoreAcquire)
    osSemaphoreDelete                        0x080083cd   Thumb Code    42  cmsis_os2.o(i.osSemaphoreDelete)
    osSemaphoreNew                           0x080083f7   Thumb Code   152  cmsis_os2.o(i.osSemaphoreNew)
    osSemaphoreRelease                       0x08008491   Thumb Code    82  cmsis_os2.o(i.osSemaphoreRelease)
    osThreadNew                              0x080084e9   Thumb Code   138  cmsis_os2.o(i.osThreadNew)
    put_fat                                  0x08008d6b   Thumb Code   248  ff.o(i.put_fat)
    pvPortMalloc                             0x08008e65   Thumb Code   216  heap_4.o(i.pvPortMalloc)
    pvTaskIncrementMutexHeldCount            0x08008f41   Thumb Code    18  tasks.o(i.pvTaskIncrementMutexHeldCount)
    pxPortInitialiseStack                    0x08008f59   Thumb Code    32  port.o(i.pxPortInitialiseStack)
    readConfig                               0x08008f7d   Thumb Code   248  sdcard.o(i.readConfig)
    spi_readwrite                            0x0800915d   Thumb Code    26  sdcard.o(i.spi_readwrite)
    uxListRemove                             0x080092c1   Thumb Code    38  list.o(i.uxListRemove)
    vApplicationGetIdleTaskMemory            0x080092e9   Thumb Code    16  cmsis_os2.o(i.vApplicationGetIdleTaskMemory)
    vApplicationGetTimerTaskMemory           0x080092fd   Thumb Code    18  cmsis_os2.o(i.vApplicationGetTimerTaskMemory)
    vListInitialise                          0x08009315   Thumb Code    22  list.o(i.vListInitialise)
    vListInitialiseItem                      0x0800932b   Thumb Code     6  list.o(i.vListInitialiseItem)
    vListInsert                              0x08009331   Thumb Code    48  list.o(i.vListInsert)
    vListInsertEnd                           0x08009361   Thumb Code    24  list.o(i.vListInsertEnd)
    vPortEnterCritical                       0x08009379   Thumb Code    54  port.o(i.vPortEnterCritical)
    vPortExitCritical                        0x080093b9   Thumb Code    34  port.o(i.vPortExitCritical)
    vPortFree                                0x080093e1   Thumb Code    94  heap_4.o(i.vPortFree)
    vPortSetupTimerInterrupt                 0x08009445   Thumb Code    32  port.o(i.vPortSetupTimerInterrupt)
    vPortValidateInterruptPriority           0x08009469   Thumb Code    74  port.o(i.vPortValidateInterruptPriority)
    vQueueAddToRegistry                      0x080094bd   Thumb Code    34  queue.o(i.vQueueAddToRegistry)
    vQueueDelete                             0x080094e5   Thumb Code    46  queue.o(i.vQueueDelete)
    vQueueUnregisterQueue                    0x08009515   Thumb Code    36  queue.o(i.vQueueUnregisterQueue)
    vQueueWaitForMessageRestricted           0x0800953d   Thumb Code    68  queue.o(i.vQueueWaitForMessageRestricted)
    vTaskDelay                               0x08009581   Thumb Code    66  tasks.o(i.vTaskDelay)
    vTaskInternalSetTimeOutState             0x080095cd   Thumb Code    12  tasks.o(i.vTaskInternalSetTimeOutState)
    vTaskMissedYield                         0x080095dd   Thumb Code     8  tasks.o(i.vTaskMissedYield)
    vTaskPlaceOnEventList                    0x080095e9   Thumb Code    44  tasks.o(i.vTaskPlaceOnEventList)
    vTaskPlaceOnEventListRestricted          0x08009619   Thumb Code    52  tasks.o(i.vTaskPlaceOnEventListRestricted)
    vTaskPriorityDisinheritAfterTimeout      0x08009651   Thumb Code   134  tasks.o(i.vTaskPriorityDisinheritAfterTimeout)
    vTaskStartScheduler                      0x080096e1   Thumb Code   118  tasks.o(i.vTaskStartScheduler)
    vTaskSuspendAll                          0x08009769   Thumb Code    10  tasks.o(i.vTaskSuspendAll)
    vTaskSwitchContext                       0x08009779   Thumb Code    90  tasks.o(i.vTaskSwitchContext)
    xPortStartScheduler                      0x0800981d   Thumb Code   154  port.o(i.xPortStartScheduler)
    xPortSysTickHandler                      0x080098c5   Thumb Code    38  port.o(i.xPortSysTickHandler)
    xQueueCreateCountingSemaphore            0x080098f1   Thumb Code    58  queue.o(i.xQueueCreateCountingSemaphore)
    xQueueCreateCountingSemaphoreStatic      0x0800992b   Thumb Code    64  queue.o(i.xQueueCreateCountingSemaphoreStatic)
    xQueueCreateMutex                        0x0800996b   Thumb Code    22  queue.o(i.xQueueCreateMutex)
    xQueueGenericCreate                      0x08009981   Thumb Code    66  queue.o(i.xQueueGenericCreate)
    xQueueGenericCreateStatic                0x080099c3   Thumb Code   102  queue.o(i.xQueueGenericCreateStatic)
    xQueueGenericReset                       0x08009a29   Thumb Code   132  queue.o(i.xQueueGenericReset)
    xQueueGenericSend                        0x08009ab1   Thumb Code   346  queue.o(i.xQueueGenericSend)
    xQueueGenericSendFromISR                 0x08009c11   Thumb Code   190  queue.o(i.xQueueGenericSendFromISR)
    xQueueGiveFromISR                        0x08009ccf   Thumb Code   156  queue.o(i.xQueueGiveFromISR)
    xQueueReceive                            0x08009d6d   Thumb Code   308  queue.o(i.xQueueReceive)
    xQueueReceiveFromISR                     0x08009ea5   Thumb Code   154  queue.o(i.xQueueReceiveFromISR)
    xQueueSemaphoreTake                      0x08009f41   Thumb Code   372  queue.o(i.xQueueSemaphoreTake)
    xTaskCheckForTimeOut                     0x0800a0b9   Thumb Code   112  tasks.o(i.xTaskCheckForTimeOut)
    xTaskCreate                              0x0800a12d   Thumb Code    90  tasks.o(i.xTaskCreate)
    xTaskCreateStatic                        0x0800a187   Thumb Code    86  tasks.o(i.xTaskCreateStatic)
    xTaskGetSchedulerState                   0x0800a1dd   Thumb Code    22  tasks.o(i.xTaskGetSchedulerState)
    xTaskGetTickCount                        0x0800a1f9   Thumb Code     6  tasks.o(i.xTaskGetTickCount)
    xTaskIncrementTick                       0x0800a205   Thumb Code   192  tasks.o(i.xTaskIncrementTick)
    xTaskPriorityDisinherit                  0x0800a2cd   Thumb Code   118  tasks.o(i.xTaskPriorityDisinherit)
    xTaskPriorityInherit                     0x0800a34d   Thumb Code   112  tasks.o(i.xTaskPriorityInherit)
    xTaskRemoveFromEventList                 0x0800a3c5   Thumb Code    98  tasks.o(i.xTaskRemoveFromEventList)
    xTaskResumeAll                           0x0800a435   Thumb Code   182  tasks.o(i.xTaskResumeAll)
    xTimerCreate                             0x0800a4f9   Thumb Code    52  timers.o(i.xTimerCreate)
    xTimerCreateTimerTask                    0x0800a52d   Thumb Code    78  timers.o(i.xTimerCreateTimerTask)
    xTimerGenericCommand                     0x0800a58d   Thumb Code    98  timers.o(i.xTimerGenericCommand)
    defaultTask_attributes                   0x0800a5f4   Data          36  freertos.o(.constdata)
    NOx_Default_attributes                   0x0800a618   Data          36  freertos.o(.constdata)
    ModBus_Slave_attributes                  0x0800a63c   Data          36  freertos.o(.constdata)
    NOx_Receive_attributes                   0x0800a660   Data          36  freertos.o(.constdata)
    ModBus_Host_attributes                   0x0800a684   Data          36  freertos.o(.constdata)
    AHBPrescTable                            0x0800a6ba   Data          16  system_stm32f1xx.o(.constdata)
    APBPrescTable                            0x0800a6ca   Data           8  system_stm32f1xx.o(.constdata)
    ascii_8x6                                0x0800a77e   Data         552  font.o(.constdata)
    afont8x6                                 0x0800a9a8   Data           8  font.o(.constdata)
    ascii_16x8                               0x0800a9b0   Data        1520  font.o(.constdata)
    afont16x8                                0x0800afa0   Data           8  font.o(.constdata)
    relayPins                                0x0800afa8   Data          32  modbus_slave.o(.constdata)
    s_CRCHi                                  0x0800afc8   Data         256  modbus.o(.constdata)
    s_CRCLo                                  0x0800b0c8   Data         256  modbus.o(.constdata)
    ModbusBaudRate                           0x0800b1c8   Data          64  modbus.o(.constdata)
    MODBUS_BAUD_RATE_LEN                     0x0800b208   Data           4  modbus.o(.constdata)
    __ctype_table                            0x0800b20c   Data         129  ctype_o.o(.constdata)
    Region$$Table$$Base                      0x0800b2d4   Number         0  anon$$obj.o(Region$$Table)
    Region$$Table$$Limit                     0x0800b2f4   Number         0  anon$$obj.o(Region$$Table)
    time_10ms                                0x20000000   Data           4  main.o(.data)
    time_100ms                               0x20000004   Data           4  main.o(.data)
    time_1s                                  0x20000008   Data           4  main.o(.data)
    time_1s_blow                             0x2000000c   Data           4  main.o(.data)
    defaultTaskHandle                        0x20000010   Data           4  freertos.o(.data)
    NOx_DefaultHandle                        0x20000014   Data           4  freertos.o(.data)
    ModBus_SlaveHandle                       0x20000018   Data           4  freertos.o(.data)
    NOx_ReceiveHandle                        0x2000001c   Data           4  freertos.o(.data)
    ModBus_HostHandle                        0x20000020   Data           4  freertos.o(.data)
    USER_Driver                              0x20000024   Data          20  user_diskio.o(.data)
    retUSER                                  0x20000038   Data           1  fatfs.o(.data)
    USERPath                                 0x20000039   Data           4  fatfs.o(.data)
    uwTickFreq                               0x20000040   Data           1  stm32f1xx_hal.o(.data)
    uwTickPrio                               0x20000044   Data           4  stm32f1xx_hal.o(.data)
    uwTick                                   0x20000048   Data           4  stm32f1xx_hal.o(.data)
    SystemCoreClock                          0x2000004c   Data           4  system_stm32f1xx.o(.data)
    pxCurrentTCB                             0x20000058   Data           4  tasks.o(.data)
    OLED_MutexHandle                         0x200000dc   Data           4  oled.o(.data)
    J1939_Address                            0x200000e0   Data           1  j1939.o(.data)
    Rx_QueueHandle                           0x200000e4   Data           4  j1939.o(.data)
    SADDR485                                 0x200000e8   Data           1  modbus_slave.o(.data)
    SBAUD485                                 0x200000ec   Data           4  modbus_slave.o(.data)
    s_TIM_CallBack1                          0x200000f0   Data           4  modbus_slave.o(.data)
    MODRx_SemaphoreHandle                    0x200000f4   Data           4  modbus_slave.o(.data)
    converter                                0x200000f8   Data           4  modbus_slave.o(.data)
    flash_converter                          0x200000fc   Data           4  modbus_slave.o(.data)
    g_tVar                                   0x20000100   Data          92  modbus_slave.o(.data)
    NOX_raw                                  0x2000015e   Data           2  nox.o(.data)
    O2_raw                                   0x20000160   Data           2  nox.o(.data)
    NOx_High                                 0x20000164   Data           4  nox.o(.data)
    O2_Low                                   0x20000168   Data           4  nox.o(.data)
    blowtime                                 0x2000016c   Data           4  nox.o(.data)
    blowspan                                 0x20000170   Data           4  nox.o(.data)
    NOx                                      0x20000178   Data           4  nox.o(.data)
    O2                                       0x2000017c   Data           4  nox.o(.data)
    NOx_x                                    0x20000180   Data           6  nox.o(.data)
    O2_x                                     0x20000186   Data           6  nox.o(.data)
    NOx_parameter                            0x2000018c   Data           8  nox.o(.data)
    O2_parameter                             0x20000194   Data           8  nox.o(.data)
    NOx_parameter1                           0x2000019c   Data           8  nox.o(.data)
    O2_parameter1                            0x200001a4   Data           8  nox.o(.data)
    data                                     0x200001ac   Data           8  nox.o(.data)
    NOx_y                                    0x200001b4   Data          12  nox.o(.data)
    O2_y                                     0x200001c0   Data          12  nox.o(.data)
    g_hVarMutex                              0x200001cc   Data           4  nox.o(.data)
    SD_TYPE                                  0x200001d0   Data           1  sdcard.o(.data)
    config                                   0x200001d8   Data          12  sdcard.o(.data)
    SlaveAddr                                0x200001e4   Data           1  modbus_host.o(.data)
    g_modh_timeout                           0x200001e5   Data           1  modbus_host.o(.data)
    HBAUD485                                 0x200001e8   Data           4  modbus_host.o(.data)
    time1                                    0x200001ec   Data           4  modbus_host.o(.data)
    electricity_data_buf                     0x200001f0   Data           4  modbus_host.o(.data)
    s_TIM_CallBack2                          0x200001f4   Data           4  modbus_host.o(.data)
    RS485send_SemaphoreHandle                0x200001f8   Data           4  modbus_host.o(.data)
    MODHx_SemaphoreHandle                    0x200001fc   Data           4  modbus_host.o(.data)
    MODH_Timer                               0x20000200   Data           4  modbus_host.o(.data)
    rs485_state                              0x20000204   Data           1  modbus.o(.data)
    rs485_state_h                            0x20000205   Data           1  modbus.o(.data)
    rx_data                                  0x20000206   Data           1  modbus.o(.data)
    rx_data_h                                0x20000207   Data           1  modbus.o(.data)
    hcan                                     0x2000020c   Data          40  can.o(.bss)
    hi2c1                                    0x20000234   Data          84  i2c.o(.bss)
    hi2c2                                    0x20000288   Data          84  i2c.o(.bss)
    hspi1                                    0x200002dc   Data          88  spi.o(.bss)
    hspi2                                    0x20000334   Data          88  spi.o(.bss)
    htim2                                    0x2000038c   Data          72  tim.o(.bss)
    htim3                                    0x200003d4   Data          72  tim.o(.bss)
    htim7                                    0x2000041c   Data          72  tim.o(.bss)
    huart4                                   0x20000464   Data          72  usart.o(.bss)
    huart5                                   0x200004ac   Data          72  usart.o(.bss)
    huart1                                   0x200004f4   Data          72  usart.o(.bss)
    htim6                                    0x2000053c   Data          72  stm32f1xx_hal_timebase_tim.o(.bss)
    pFlash                                   0x20000588   Data          32  stm32f1xx_hal_flash.o(.bss)
    disk                                     0x200005c0   Data          12  ff_gen_drv.o(.bss)
    xQueueRegistry                           0x200005cc   Data          64  queue.o(.bss)
    OLED_GRAM                                0x20007ce1   Data        1024  oled.o(.bss)
    receivedMsg                              0x200080e1   Data          13  j1939.o(.bss)
    g_tModS                                  0x200080f0   Data         191  modbus_slave.o(.bss)
    TxMessage                                0x200081c0   Data          13  nox.o(.bss)
    RxMessage                                0x200081cd   Data          13  nox.o(.bss)
    g_tModH                                  0x200081da   Data         210  modbus_host.o(.bss)
    g_tVar_h                                 0x200082ac   Data          10  modbus_host.o(.bss)
    __initial_sp                             0x2000b2b8   Data           0  startup_stm32f103xe.o(STACK)



==============================================================================

Memory Map of the image

  Image Entry point : 0x08000131

  Load Region LR_IROM1 (Base: 0x08000000, Size: 0x0000b500, Max: 0x00080000, ABSOLUTE, COMPRESSED[0x0000b35c])

    Execution Region ER_IROM1 (Exec base: 0x08000000, Load base: 0x08000000, Size: 0x0000b2f4, Max: 0x00080000, ABSOLUTE)

    Exec Addr    Load Addr    Size         Type   Attr      Idx    E Section Name        Object

    0x08000000   0x08000000   0x00000130   Data   RO            3    RESET               startup_stm32f103xe.o
    0x08000130   0x08000130   0x00000000   Code   RO         7875  * .ARM.Collect$$$$00000000  mc_w.l(entry.o)
    0x08000130   0x08000130   0x00000004   Code   RO         8193    .ARM.Collect$$$$00000001  mc_w.l(entry2.o)
    0x08000134   0x08000134   0x00000004   Code   RO         8196    .ARM.Collect$$$$00000004  mc_w.l(entry5.o)
    0x08000138   0x08000138   0x00000000   Code   RO         8198    .ARM.Collect$$$$00000008  mc_w.l(entry7b.o)
    0x08000138   0x08000138   0x00000000   Code   RO         8200    .ARM.Collect$$$$0000000A  mc_w.l(entry8b.o)
    0x08000138   0x08000138   0x00000008   Code   RO         8201    .ARM.Collect$$$$0000000B  mc_w.l(entry9a.o)
    0x08000140   0x08000140   0x00000000   Code   RO         8203    .ARM.Collect$$$$0000000D  mc_w.l(entry10a.o)
    0x08000140   0x08000140   0x00000000   Code   RO         8205    .ARM.Collect$$$$0000000F  mc_w.l(entry11a.o)
    0x08000140   0x08000140   0x00000004   Code   RO         8194    .ARM.Collect$$$$00002712  mc_w.l(entry2.o)
    0x08000144   0x08000144   0x00000096   Code   RO         6599    .emb_text           port.o
    0x080001da   0x080001da   0x00000002   PAD
    0x080001dc   0x080001dc   0x00000024   Code   RO            4    .text               startup_stm32f103xe.o
    0x08000200   0x08000200   0x00000020   Code   RO         7878    .text               mc_w.l(llushr.o)
    0x08000220   0x08000220   0x00000024   Code   RO         7880    .text               mc_w.l(memcpya.o)
    0x08000244   0x08000244   0x00000024   Code   RO         7884    .text               mc_w.l(memseta.o)
    0x08000268   0x08000268   0x00000018   Code   RO         7886    .text               mc_w.l(strcat.o)
    0x08000280   0x08000280   0x0000001c   Code   RO         7890    .text               mc_w.l(strcmp.o)
    0x0800029c   0x0800029c   0x00000012   Code   RO         7894    .text               mc_w.l(strcpy.o)
    0x080002ae   0x080002ae   0x00000002   PAD
    0x080002b0   0x080002b0   0x00000038   Code   RO         8159    .text               mc_w.l(__0sscanf.o)
    0x080002e8   0x080002e8   0x000000e0   Code   RO         8161    .text               mc_w.l(_scanf_str.o)
    0x080003c8   0x080003c8   0x0000001a   Code   RO         8163    .text               mc_w.l(atoi.o)
    0x080003e2   0x080003e2   0x000000b0   Code   RO         8165    .text               mf_w.l(fadd.o)
    0x08000492   0x08000492   0x00000064   Code   RO         8167    .text               mf_w.l(fmul.o)
    0x080004f6   0x080004f6   0x0000007c   Code   RO         8169    .text               mf_w.l(fdiv.o)
    0x08000572   0x08000572   0x0000014e   Code   RO         8171    .text               mf_w.l(dadd.o)
    0x080006c0   0x080006c0   0x000000e4   Code   RO         8173    .text               mf_w.l(dmul.o)
    0x080007a4   0x080007a4   0x00000012   Code   RO         8175    .text               mf_w.l(fflti.o)
    0x080007b6   0x080007b6   0x0000000a   Code   RO         8177    .text               mf_w.l(ffltui.o)
    0x080007c0   0x080007c0   0x00000028   Code   RO         8183    .text               mf_w.l(ffixui.o)
    0x080007e8   0x080007e8   0x00000026   Code   RO         8187    .text               mf_w.l(f2d.o)
    0x0800080e   0x0800080e   0x00000002   PAD
    0x08000810   0x08000810   0x00000014   Code   RO         8189    .text               mf_w.l(cfcmple.o)
    0x08000824   0x08000824   0x00000014   Code   RO         8191    .text               mf_w.l(cfrcmple.o)
    0x08000838   0x08000838   0x0000002c   Code   RO         8210    .text               mc_w.l(uidiv.o)
    0x08000864   0x08000864   0x00000062   Code   RO         8212    .text               mc_w.l(uldiv.o)
    0x080008c6   0x080008c6   0x0000001e   Code   RO         8214    .text               mc_w.l(llshl.o)
    0x080008e4   0x080008e4   0x00000024   Code   RO         8216    .text               mc_w.l(llsshr.o)
    0x08000908   0x08000908   0x00000028   Code   RO         8225    .text               mc_w.l(scanf_char.o)
    0x08000930   0x08000930   0x00000040   Code   RO         8227    .text               mc_w.l(_sgetc.o)
    0x08000970   0x08000970   0x00000070   Code   RO         8229    .text               mc_w.l(strtol.o)
    0x080009e0   0x080009e0   0x00000000   Code   RO         8231    .text               mc_w.l(iusefp.o)
    0x080009e0   0x080009e0   0x0000006e   Code   RO         8232    .text               mf_w.l(fepilogue.o)
    0x08000a4e   0x08000a4e   0x000000ba   Code   RO         8234    .text               mf_w.l(depilogue.o)
    0x08000b08   0x08000b08   0x000000de   Code   RO         8236    .text               mf_w.l(ddiv.o)
    0x08000be6   0x08000be6   0x00000030   Code   RO         8238    .text               mf_w.l(dfixul.o)
    0x08000c16   0x08000c16   0x00000002   PAD
    0x08000c18   0x08000c18   0x00000030   Code   RO         8240    .text               mf_w.l(cdrcmple.o)
    0x08000c48   0x08000c48   0x00000024   Code   RO         8242    .text               mc_w.l(init.o)
    0x08000c6c   0x08000c6c   0x00000008   Code   RO         8247    .text               mc_w.l(ctype_o.o)
    0x08000c74   0x08000c74   0x00000012   Code   RO         8269    .text               mc_w.l(isspace_o.o)
    0x08000c86   0x08000c86   0x00000002   PAD
    0x08000c88   0x08000c88   0x0000032c   Code   RO         8275    .text               mc_w.l(_scanf.o)
    0x08000fb4   0x08000fb4   0x0000009e   Code   RO         8277    .text               mc_w.l(_strtoul.o)
    0x08001052   0x08001052   0x0000001c   Code   RO         8283    .text               mc_w.l(_chval.o)
    0x0800106e   0x0800106e   0x00000056   Code   RO         8293    .text               mc_w.l(__dczerorl2.o)
    0x080010c4   0x080010c4   0x0000005c   Code   RO         7402    i.AfterFlash_Init   nox.o
    0x08001120   0x08001120   0x00000006   Code   RO         7815    i.BEBufToUint16     modbus.o
    0x08001126   0x08001126   0x00000002   PAD
    0x08001128   0x08001128   0x00000068   Code   RO         7403    i.BLOW_CONTROL      nox.o
    0x08001190   0x08001190   0x0000001c   Code   RO         7404    i.Blow_Time_Out     nox.o
    0x080011ac   0x080011ac   0x0000008c   Code   RO         7405    i.Blowback          nox.o
    0x08001238   0x08001238   0x00000002   Code   RO          738    i.BusFault_Handler  stm32f1xx_it.o
    0x0800123a   0x0800123a   0x00000002   PAD
    0x0800123c   0x0800123c   0x0000002c   Code   RO         7816    i.CRC16_Modbus      modbus.o
    0x08001268   0x08001268   0x0000004a   Code   RO         7406    i.Calculate_slope_intercept  nox.o
    0x080012b2   0x080012b2   0x00000050   Code   RO         7407    i.Calibration_Init  nox.o
    0x08001302   0x08001302   0x00000002   PAD
    0x08001304   0x08001304   0x000000f4   Code   RO         7408    i.Calibration_NOx   nox.o
    0x080013f8   0x080013f8   0x000000f4   Code   RO         7409    i.Calibration_O2    nox.o
    0x080014ec   0x080014ec   0x00000002   Code   RO          739    i.DebugMon_Handler  stm32f1xx_it.o
    0x080014ee   0x080014ee   0x00000004   Code   RO           13    i.Error_Handler     main.o
    0x080014f2   0x080014f2   0x00000006   Code   RO         4824    i.FATFS_LinkDriver  ff_gen_drv.o
    0x080014f8   0x080014f8   0x00000040   Code   RO         4825    i.FATFS_LinkDriverEx  ff_gen_drv.o
    0x08001538   0x08001538   0x00000024   Code   RO         3125    i.FLASH_MassErase   stm32f1xx_hal_flash_ex.o
    0x0800155c   0x0800155c   0x00000024   Code   RO         3130    i.FLASH_PageErase   stm32f1xx_hal_flash_ex.o
    0x08001580   0x08001580   0x0000001c   Code   RO         3022    i.FLASH_Program_HalfWord  stm32f1xx_hal_flash.o
    0x0800159c   0x0800159c   0x0000005c   Code   RO         3023    i.FLASH_SetErrorCode  stm32f1xx_hal_flash.o
    0x080015f8   0x080015f8   0x00000054   Code   RO         3024    i.FLASH_WaitForLastOperation  stm32f1xx_hal_flash.o
    0x0800164c   0x0800164c   0x00000024   Code   RO         2072    i.HAL_CAN_ActivateNotification  stm32f1xx_hal_can.o
    0x08001670   0x08001670   0x000000bc   Code   RO         2073    i.HAL_CAN_AddTxMessage  stm32f1xx_hal_can.o
    0x0800172c   0x0800172c   0x000000ee   Code   RO         2074    i.HAL_CAN_ConfigFilter  stm32f1xx_hal_can.o
    0x0800181a   0x0800181a   0x00000002   Code   RO         2077    i.HAL_CAN_ErrorCallback  stm32f1xx_hal_can.o
    0x0800181c   0x0800181c   0x000000f4   Code   RO         2080    i.HAL_CAN_GetRxMessage  stm32f1xx_hal_can.o
    0x08001910   0x08001910   0x0000002c   Code   RO         2082    i.HAL_CAN_GetTxMailboxesFreeLevel  stm32f1xx_hal_can.o
    0x0800193c   0x0800193c   0x000001fc   Code   RO         2084    i.HAL_CAN_IRQHandler  stm32f1xx_hal_can.o
    0x08001b38   0x08001b38   0x0000011a   Code   RO         2085    i.HAL_CAN_Init      stm32f1xx_hal_can.o
    0x08001c52   0x08001c52   0x00000002   PAD
    0x08001c54   0x08001c54   0x0000007c   Code   RO          493    i.HAL_CAN_MspInit   can.o
    0x08001cd0   0x08001cd0   0x00000002   Code   RO         2092    i.HAL_CAN_RxFifo0FullCallback  stm32f1xx_hal_can.o
    0x08001cd2   0x08001cd2   0x00000002   PAD
    0x08001cd4   0x08001cd4   0x000000b4   Code   RO         6903    i.HAL_CAN_RxFifo0MsgPendingCallback  j1939.o
    0x08001d88   0x08001d88   0x00000002   Code   RO         2094    i.HAL_CAN_RxFifo1FullCallback  stm32f1xx_hal_can.o
    0x08001d8a   0x08001d8a   0x00000002   Code   RO         2095    i.HAL_CAN_RxFifo1MsgPendingCallback  stm32f1xx_hal_can.o
    0x08001d8c   0x08001d8c   0x00000002   Code   RO         2096    i.HAL_CAN_SleepCallback  stm32f1xx_hal_can.o
    0x08001d8e   0x08001d8e   0x00000002   PAD
    0x08001d90   0x08001d90   0x00000058   Code   RO         2097    i.HAL_CAN_Start     stm32f1xx_hal_can.o
    0x08001de8   0x08001de8   0x00000002   Code   RO         2099    i.HAL_CAN_TxMailbox0AbortCallback  stm32f1xx_hal_can.o
    0x08001dea   0x08001dea   0x00000002   Code   RO         2100    i.HAL_CAN_TxMailbox0CompleteCallback  stm32f1xx_hal_can.o
    0x08001dec   0x08001dec   0x00000002   Code   RO         2101    i.HAL_CAN_TxMailbox1AbortCallback  stm32f1xx_hal_can.o
    0x08001dee   0x08001dee   0x00000002   Code   RO         2102    i.HAL_CAN_TxMailbox1CompleteCallback  stm32f1xx_hal_can.o
    0x08001df0   0x08001df0   0x00000002   Code   RO         2103    i.HAL_CAN_TxMailbox2AbortCallback  stm32f1xx_hal_can.o
    0x08001df2   0x08001df2   0x00000002   Code   RO         2104    i.HAL_CAN_TxMailbox2CompleteCallback  stm32f1xx_hal_can.o
    0x08001df4   0x08001df4   0x00000002   Code   RO         2106    i.HAL_CAN_WakeUpFromRxMsgCallback  stm32f1xx_hal_can.o
    0x08001df6   0x08001df6   0x00000046   Code   RO         2686    i.HAL_DMA_Abort     stm32f1xx_hal_dma.o
    0x08001e3c   0x08001e3c   0x00000130   Code   RO         2687    i.HAL_DMA_Abort_IT  stm32f1xx_hal_dma.o
    0x08001f6c   0x08001f6c   0x000000a8   Code   RO         3131    i.HAL_FLASHEx_Erase  stm32f1xx_hal_flash_ex.o
    0x08002014   0x08002014   0x00000014   Code   RO         3028    i.HAL_FLASH_Lock    stm32f1xx_hal_flash.o
    0x08002028   0x08002028   0x00000080   Code   RO         3033    i.HAL_FLASH_Program  stm32f1xx_hal_flash.o
    0x080020a8   0x080020a8   0x00000028   Code   RO         3035    i.HAL_FLASH_Unlock  stm32f1xx_hal_flash.o
    0x080020d0   0x080020d0   0x000001f8   Code   RO         2622    i.HAL_GPIO_Init     stm32f1xx_hal_gpio.o
    0x080022c8   0x080022c8   0x0000000a   Code   RO         2624    i.HAL_GPIO_ReadPin  stm32f1xx_hal_gpio.o
    0x080022d2   0x080022d2   0x0000000a   Code   RO         2626    i.HAL_GPIO_WritePin  stm32f1xx_hal_gpio.o
    0x080022dc   0x080022dc   0x0000000c   Code   RO         2316    i.HAL_GetTick       stm32f1xx_hal.o
    0x080022e8   0x080022e8   0x00000188   Code   RO         3293    i.HAL_I2C_Init      stm32f1xx_hal_i2c.o
    0x08002470   0x08002470   0x0000012c   Code   RO         3306    i.HAL_I2C_Master_Transmit  stm32f1xx_hal_i2c.o
    0x0800259c   0x0800259c   0x00000098   Code   RO          535    i.HAL_I2C_MspInit   i2c.o
    0x08002634   0x08002634   0x00000010   Code   RO         2322    i.HAL_IncTick       stm32f1xx_hal.o
    0x08002644   0x08002644   0x00000024   Code   RO         2323    i.HAL_Init          stm32f1xx_hal.o
    0x08002668   0x08002668   0x00000098   Code   RO          862    i.HAL_InitTick      stm32f1xx_hal_timebase_tim.o
    0x08002700   0x08002700   0x00000048   Code   RO          838    i.HAL_MspInit       stm32f1xx_hal_msp.o
    0x08002748   0x08002748   0x0000001a   Code   RO         2782    i.HAL_NVIC_EnableIRQ  stm32f1xx_hal_cortex.o
    0x08002762   0x08002762   0x00000002   PAD
    0x08002764   0x08002764   0x00000040   Code   RO         2788    i.HAL_NVIC_SetPriority  stm32f1xx_hal_cortex.o
    0x080027a4   0x080027a4   0x00000024   Code   RO         2789    i.HAL_NVIC_SetPriorityGrouping  stm32f1xx_hal_cortex.o
    0x080027c8   0x080027c8   0x0000012c   Code   RO         2480    i.HAL_RCC_ClockConfig  stm32f1xx_hal_rcc.o
    0x080028f4   0x080028f4   0x00000040   Code   RO         2484    i.HAL_RCC_GetClockConfig  stm32f1xx_hal_rcc.o
    0x08002934   0x08002934   0x00000020   Code   RO         2487    i.HAL_RCC_GetPCLK1Freq  stm32f1xx_hal_rcc.o
    0x08002954   0x08002954   0x00000020   Code   RO         2488    i.HAL_RCC_GetPCLK2Freq  stm32f1xx_hal_rcc.o
    0x08002974   0x08002974   0x0000004c   Code   RO         2489    i.HAL_RCC_GetSysClockFreq  stm32f1xx_hal_rcc.o
    0x080029c0   0x080029c0   0x00000320   Code   RO         2492    i.HAL_RCC_OscConfig  stm32f1xx_hal_rcc.o
    0x08002ce0   0x08002ce0   0x000000b2   Code   RO         3730    i.HAL_SPI_Init      stm32f1xx_hal_spi.o
    0x08002d92   0x08002d92   0x00000002   PAD
    0x08002d94   0x08002d94   0x000000b8   Code   RO          583    i.HAL_SPI_MspInit   spi.o
    0x08002e4c   0x08002e4c   0x000001f0   Code   RO         3739    i.HAL_SPI_TransmitReceive  stm32f1xx_hal_spi.o
    0x0800303c   0x0800303c   0x00000002   Code   RO         1804    i.HAL_TIMEx_BreakCallback  stm32f1xx_hal_tim_ex.o
    0x0800303e   0x0800303e   0x00000002   Code   RO         1805    i.HAL_TIMEx_CommutCallback  stm32f1xx_hal_tim_ex.o
    0x08003040   0x08003040   0x0000007c   Code   RO         1823    i.HAL_TIMEx_MasterConfigSynchronization  stm32f1xx_hal_tim_ex.o
    0x080030bc   0x080030bc   0x0000005a   Code   RO         1100    i.HAL_TIM_Base_Init  stm32f1xx_hal_tim.o
    0x08003116   0x08003116   0x00000002   PAD
    0x08003118   0x08003118   0x00000088   Code   RO          631    i.HAL_TIM_Base_MspInit  tim.o
    0x080031a0   0x080031a0   0x0000006c   Code   RO         1105    i.HAL_TIM_Base_Start_IT  stm32f1xx_hal_tim.o
    0x0800320c   0x0800320c   0x00000030   Code   RO         1108    i.HAL_TIM_Base_Stop_IT  stm32f1xx_hal_tim.o
    0x0800323c   0x0800323c   0x000000dc   Code   RO         1109    i.HAL_TIM_ConfigClockSource  stm32f1xx_hal_tim.o
    0x08003318   0x08003318   0x00000002   Code   RO         1134    i.HAL_TIM_IC_CaptureCallback  stm32f1xx_hal_tim.o
    0x0800331a   0x0800331a   0x00000130   Code   RO         1148    i.HAL_TIM_IRQHandler  stm32f1xx_hal_tim.o
    0x0800344a   0x0800344a   0x00000002   Code   RO         1151    i.HAL_TIM_OC_DelayElapsedCallback  stm32f1xx_hal_tim.o
    0x0800344c   0x0800344c   0x00000002   Code   RO         1178    i.HAL_TIM_PWM_PulseFinishedCallback  stm32f1xx_hal_tim.o
    0x0800344e   0x0800344e   0x00000002   PAD
    0x08003450   0x08003450   0x000000a0   Code   RO           14    i.HAL_TIM_PeriodElapsedCallback  main.o
    0x080034f0   0x080034f0   0x00000002   Code   RO         1191    i.HAL_TIM_TriggerCallback  stm32f1xx_hal_tim.o
    0x080034f2   0x080034f2   0x00000002   Code   RO         4053    i.HAL_UARTEx_RxEventCallback  stm32f1xx_hal_uart.o
    0x080034f4   0x080034f4   0x00000002   Code   RO         4067    i.HAL_UART_ErrorCallback  stm32f1xx_hal_uart.o
    0x080034f6   0x080034f6   0x00000002   PAD
    0x080034f8   0x080034f8   0x0000026c   Code   RO         4070    i.HAL_UART_IRQHandler  stm32f1xx_hal_uart.o
    0x08003764   0x08003764   0x00000064   Code   RO         4071    i.HAL_UART_Init     stm32f1xx_hal_uart.o
    0x080037c8   0x080037c8   0x00000138   Code   RO          685    i.HAL_UART_MspInit  usart.o
    0x08003900   0x08003900   0x0000001c   Code   RO         4076    i.HAL_UART_Receive_IT  stm32f1xx_hal_uart.o
    0x0800391c   0x0800391c   0x00000054   Code   RO         7817    i.HAL_UART_RxCpltCallback  modbus.o
    0x08003970   0x08003970   0x00000032   Code   RO         4081    i.HAL_UART_Transmit_IT  stm32f1xx_hal_uart.o
    0x080039a2   0x080039a2   0x00000002   PAD
    0x080039a4   0x080039a4   0x0000004c   Code   RO         7818    i.HAL_UART_TxCpltCallback  modbus.o
    0x080039f0   0x080039f0   0x00000002   Code   RO          740    i.HardFault_Handler  stm32f1xx_it.o
    0x080039f2   0x080039f2   0x0000002e   Code   RO         3336    i.I2C_IsAcknowledgeFailed  stm32f1xx_hal_i2c.o
    0x08003a20   0x08003a20   0x0000009c   Code   RO         3340    i.I2C_MasterRequestWrite  stm32f1xx_hal_i2c.o
    0x08003abc   0x08003abc   0x00000056   Code   RO         3351    i.I2C_WaitOnBTFFlagUntilTimeout  stm32f1xx_hal_i2c.o
    0x08003b12   0x08003b12   0x00000002   PAD
    0x08003b14   0x08003b14   0x00000090   Code   RO         3352    i.I2C_WaitOnFlagUntilTimeout  stm32f1xx_hal_i2c.o
    0x08003ba4   0x08003ba4   0x000000bc   Code   RO         3353    i.I2C_WaitOnMasterAddressFlagUntilTimeout  stm32f1xx_hal_i2c.o
    0x08003c60   0x08003c60   0x00000056   Code   RO         3355    i.I2C_WaitOnTXEFlagUntilTimeout  stm32f1xx_hal_i2c.o
    0x08003cb6   0x08003cb6   0x00000002   PAD
    0x08003cb8   0x08003cb8   0x000000c8   Code   RO         6951    i.InternalFlash_Write  modbus_slave.o
    0x08003d80   0x08003d80   0x00000074   Code   RO         6904    i.J1939_CAN_Transmit  j1939.o
    0x08003df4   0x08003df4   0x00000060   Code   RO         6905    i.J1939_Initialization  j1939.o
    0x08003e54   0x08003e54   0x00000070   Code   RO         6952    i.LoadRegistersFromFlash  modbus_slave.o
    0x08003ec4   0x08003ec4   0x0000006c   Code   RO         7694    i.MODH_Poll         modbus_host.o
    0x08003f30   0x08003f30   0x00000064   Code   RO         7695    i.MODH_ReadParam_03H  modbus_host.o
    0x08003f94   0x08003f94   0x000000a0   Code   RO         7696    i.MODH_Read_03H     modbus_host.o
    0x08004034   0x08004034   0x00000058   Code   RO         7697    i.MODH_ReciveNew    modbus_host.o
    0x0800408c   0x0800408c   0x0000000c   Code   RO         7698    i.MODH_RxTimeOut    modbus_host.o
    0x08004098   0x08004098   0x00000044   Code   RO         7699    i.MODH_Send03H      modbus_host.o
    0x080040dc   0x080040dc   0x00000064   Code   RO         7701    i.MODH_Send10H      modbus_host.o
    0x08004140   0x08004140   0x00000038   Code   RO         7702    i.MODH_SendWithCRC  modbus_host.o
    0x08004178   0x08004178   0x00000068   Code   RO         7704    i.MODH_WriteParam_10H  modbus_host.o
    0x080041e0   0x080041e0   0x0000011c   Code   RO         6953    i.MODS_01H          modbus_slave.o
    0x080042fc   0x080042fc   0x000000e8   Code   RO         6954    i.MODS_03H          modbus_slave.o
    0x080043e4   0x080043e4   0x000000a4   Code   RO         6955    i.MODS_05H          modbus_slave.o
    0x08004488   0x08004488   0x00000048   Code   RO         6956    i.MODS_06H          modbus_slave.o
    0x080044d0   0x080044d0   0x00000088   Code   RO         6957    i.MODS_10H          modbus_slave.o
    0x08004558   0x08004558   0x000000a0   Code   RO         6958    i.MODS_Poll         modbus_slave.o
    0x080045f8   0x080045f8   0x000000d4   Code   RO         6959    i.MODS_ReadRegValue  modbus_slave.o
    0x080046cc   0x080046cc   0x0000005c   Code   RO         6960    i.MODS_ReciveNew    modbus_slave.o
    0x08004728   0x08004728   0x00000018   Code   RO         6961    i.MODS_RxTimeOut    modbus_slave.o
    0x08004740   0x08004740   0x00000028   Code   RO         6962    i.MODS_SendAckErr   modbus_slave.o
    0x08004768   0x08004768   0x00000024   Code   RO         6963    i.MODS_SendAckOk    modbus_slave.o
    0x0800478c   0x0800478c   0x00000036   Code   RO         6964    i.MODS_SendWithCRC  modbus_slave.o
    0x080047c2   0x080047c2   0x00000002   PAD
    0x080047c4   0x080047c4   0x00000190   Code   RO         6965    i.MODS_WriteRegValue  modbus_slave.o
    0x08004954   0x08004954   0x00000044   Code   RO          494    i.MX_CAN_Init       can.o
    0x08004998   0x08004998   0x0000001c   Code   RO         1014    i.MX_FATFS_Init     fatfs.o
    0x080049b4   0x080049b4   0x000000b8   Code   RO          391    i.MX_FREERTOS_Init  freertos.o
    0x08004a6c   0x08004a6c   0x00000134   Code   RO          273    i.MX_GPIO_Init      gpio.o
    0x08004ba0   0x08004ba0   0x00000040   Code   RO          536    i.MX_I2C1_Init      i2c.o
    0x08004be0   0x08004be0   0x00000040   Code   RO          537    i.MX_I2C2_Init      i2c.o
    0x08004c20   0x08004c20   0x00000048   Code   RO          584    i.MX_SPI1_Init      spi.o
    0x08004c68   0x08004c68   0x00000048   Code   RO          585    i.MX_SPI2_Init      spi.o
    0x08004cb0   0x08004cb0   0x00000064   Code   RO          632    i.MX_TIM2_Init      tim.o
    0x08004d14   0x08004d14   0x00000068   Code   RO          633    i.MX_TIM3_Init      tim.o
    0x08004d7c   0x08004d7c   0x00000048   Code   RO          634    i.MX_TIM7_Init      tim.o
    0x08004dc4   0x08004dc4   0x00000038   Code   RO          686    i.MX_UART4_Init     usart.o
    0x08004dfc   0x08004dfc   0x00000038   Code   RO          687    i.MX_UART5_Init     usart.o
    0x08004e34   0x08004e34   0x00000038   Code   RO          688    i.MX_USART1_UART_Init  usart.o
    0x08004e6c   0x08004e6c   0x00000002   Code   RO          741    i.MemManage_Handler  stm32f1xx_it.o
    0x08004e6e   0x08004e6e   0x00000002   PAD
    0x08004e70   0x08004e70   0x00000084   Code   RO         7705    i.ModBusHost        modbus_host.o
    0x08004ef4   0x08004ef4   0x00000080   Code   RO         7410    i.ModBusSlave       nox.o
    0x08004f74   0x08004f74   0x00000002   Code   RO          742    i.NMI_Handler       stm32f1xx_it.o
    0x08004f76   0x08004f76   0x00000002   PAD
    0x08004f78   0x08004f78   0x000000b4   Code   RO         7411    i.NOxDefault        nox.o
    0x0800502c   0x0800502c   0x000000a8   Code   RO         7412    i.NOxReceive        nox.o
    0x080050d4   0x080050d4   0x0000043c   Code   RO         7413    i.NOx_Handle        nox.o
    0x08005510   0x08005510   0x000000c4   Code   RO         6713    i.OLED_Init         oled.o
    0x080055d4   0x080055d4   0x00000010   Code   RO         6714    i.OLED_NewFrame     oled.o
    0x080055e4   0x080055e4   0x00000020   Code   RO         6715    i.OLED_PrintASCIIChar  oled.o
    0x08005604   0x08005604   0x0000002e   Code   RO         6716    i.OLED_PrintASCIIString  oled.o
    0x08005632   0x08005632   0x00000002   PAD
    0x08005634   0x08005634   0x00000044   Code   RO         6718    i.OLED_Send         oled.o
    0x08005678   0x08005678   0x00000010   Code   RO         6719    i.OLED_SendCmd      oled.o
    0x08005688   0x08005688   0x00000048   Code   RO         6720    i.OLED_SetBits      oled.o
    0x080056d0   0x080056d0   0x00000068   Code   RO         6721    i.OLED_SetBits_Fine  oled.o
    0x08005738   0x08005738   0x00000088   Code   RO         6722    i.OLED_SetBlock     oled.o
    0x080057c0   0x080057c0   0x00000048   Code   RO         6724    i.OLED_SetByte_Fine  oled.o
    0x08005808   0x08005808   0x00000048   Code   RO         6727    i.OLED_ShowFrame    oled.o
    0x08005850   0x08005850   0x00000006   Code   RO         7819    i.RS485_Enable_RX   modbus.o
    0x08005856   0x08005856   0x00000006   Code   RO         7820    i.RS485_Enable_TX   modbus.o
    0x0800585c   0x0800585c   0x00000038   Code   RO         6966    i.RS485_Send_Data_IT  modbus_slave.o
    0x08005894   0x08005894   0x00000038   Code   RO         7706    i.RS485_Send_Data_IT_H  modbus_host.o
    0x080058cc   0x080058cc   0x0000006c   Code   RO         7416    i.Register_Init     nox.o
    0x08005938   0x08005938   0x00000010   Code   RO         6967    i.RegistersToFloat_BE  modbus_slave.o
    0x08005948   0x08005948   0x00000038   Code   RO         7558    i.SD_GETCSD         sdcard.o
    0x08005980   0x08005980   0x0000006e   Code   RO         7559    i.SD_GetSectorCount  sdcard.o
    0x080059ee   0x080059ee   0x00000002   PAD
    0x080059f0   0x080059f0   0x00000078   Code   RO         7560    i.SD_ReadDisk       sdcard.o
    0x08005a68   0x08005a68   0x0000004c   Code   RO         7561    i.SD_ReceiveData    sdcard.o
    0x08005ab4   0x08005ab4   0x00000050   Code   RO         7562    i.SD_SendBlock      sdcard.o
    0x08005b04   0x08005b04   0x00000090   Code   RO         7563    i.SD_WriteDisk      sdcard.o
    0x08005b94   0x08005b94   0x00000178   Code   RO         7564    i.SD_init           sdcard.o
    0x08005d0c   0x08005d0c   0x000000a0   Code   RO         7565    i.SD_sendcmd        sdcard.o
    0x08005dac   0x08005dac   0x00000034   Code   RO         3768    i.SPI_EndRxTxTransaction  stm32f1xx_hal_spi.o
    0x08005de0   0x08005de0   0x000000b8   Code   RO         3773    i.SPI_WaitFlagStateUntilTimeout  stm32f1xx_hal_spi.o
    0x08005e98   0x08005e98   0x0000000c   Code   RO         7566    i.SPI_setspeed      sdcard.o
    0x08005ea4   0x08005ea4   0x00000008   Code   RO          396    i.StartDefaultTask  freertos.o
    0x08005eac   0x08005eac   0x00000028   Code   RO         6968    i.StartHardTimer    modbus_slave.o
    0x08005ed4   0x08005ed4   0x00000028   Code   RO         7707    i.StartHardTimer_H  modbus_host.o
    0x08005efc   0x08005efc   0x00000014   Code   RO         6969    i.Start_Receive     modbus_slave.o
    0x08005f10   0x08005f10   0x00000014   Code   RO         7708    i.Start_Receive_H   modbus_host.o
    0x08005f24   0x08005f24   0x0000001a   Code   RO         6027    i.SysTick_Handler   cmsis_os2.o
    0x08005f3e   0x08005f3e   0x0000005e   Code   RO           15    i.SystemClock_Config  main.o
    0x08005f9c   0x08005f9c   0x00000002   Code   RO         4405    i.SystemInit        system_stm32f1xx.o
    0x08005f9e   0x08005f9e   0x00000002   PAD
    0x08005fa0   0x08005fa0   0x0000000c   Code   RO          743    i.TIM2_IRQHandler   stm32f1xx_it.o
    0x08005fac   0x08005fac   0x0000000c   Code   RO          744    i.TIM3_IRQHandler   stm32f1xx_it.o
    0x08005fb8   0x08005fb8   0x0000000c   Code   RO          745    i.TIM6_IRQHandler   stm32f1xx_it.o
    0x08005fc4   0x08005fc4   0x0000000c   Code   RO          746    i.TIM7_IRQHandler   stm32f1xx_it.o
    0x08005fd0   0x08005fd0   0x0000009c   Code   RO         1193    i.TIM_Base_SetConfig  stm32f1xx_hal_tim.o
    0x0800606c   0x0800606c   0x00000014   Code   RO         1204    i.TIM_ETR_SetConfig  stm32f1xx_hal_tim.o
    0x08006080   0x08006080   0x00000010   Code   RO         1205    i.TIM_ITRx_SetConfig  stm32f1xx_hal_tim.o
    0x08006090   0x08006090   0x00000022   Code   RO         1211    i.TIM_TI1_ConfigInputStage  stm32f1xx_hal_tim.o
    0x080060b2   0x080060b2   0x00000024   Code   RO         1213    i.TIM_TI2_ConfigInputStage  stm32f1xx_hal_tim.o
    0x080060d6   0x080060d6   0x00000002   PAD
    0x080060d8   0x080060d8   0x0000000c   Code   RO         7709    i.Time_Out_Fun      modbus_host.o
    0x080060e4   0x080060e4   0x00000048   Code   RO         7418    i.TxMsg_Init        nox.o
    0x0800612c   0x0800612c   0x0000000c   Code   RO          747    i.UART5_IRQHandler  stm32f1xx_it.o
    0x08006138   0x08006138   0x00000010   Code   RO         4084    i.UART_DMAAbortOnError  stm32f1xx_hal_uart.o
    0x08006148   0x08006148   0x0000004e   Code   RO         4094    i.UART_EndRxTransfer  stm32f1xx_hal_uart.o
    0x08006196   0x08006196   0x000000c2   Code   RO         4096    i.UART_Receive_IT   stm32f1xx_hal_uart.o
    0x08006258   0x08006258   0x000000b8   Code   RO         4097    i.UART_SetConfig    stm32f1xx_hal_uart.o
    0x08006310   0x08006310   0x00000036   Code   RO         4099    i.UART_Start_Receive_IT  stm32f1xx_hal_uart.o
    0x08006346   0x08006346   0x00000002   PAD
    0x08006348   0x08006348   0x0000000c   Code   RO          748    i.USART1_IRQHandler  stm32f1xx_it.o
    0x08006354   0x08006354   0x0000000c   Code   RO          749    i.USB_LP_CAN1_RX0_IRQHandler  stm32f1xx_it.o
    0x08006360   0x08006360   0x00000020   Code   RO          901    i.USER_initialize   user_diskio.o
    0x08006380   0x08006380   0x00000060   Code   RO          902    i.USER_ioctl        user_diskio.o
    0x080063e0   0x080063e0   0x00000020   Code   RO          903    i.USER_read         user_diskio.o
    0x08006400   0x08006400   0x00000014   Code   RO          904    i.USER_status       user_diskio.o
    0x08006414   0x08006414   0x00000022   Code   RO          905    i.USER_write        user_diskio.o
    0x08006436   0x08006436   0x00000002   Code   RO          750    i.UsageFault_Handler  stm32f1xx_it.o
    0x08006438   0x08006438   0x0000002c   Code   RO         6981    i.Var_Read_P08      modbus_slave.o
    0x08006464   0x08006464   0x0000002c   Code   RO         6983    i.Var_Read_P10      modbus_slave.o
    0x08006490   0x08006490   0x0000002c   Code   RO         6985    i.Var_Read_P12      modbus_slave.o
    0x080064bc   0x080064bc   0x0000002c   Code   RO         6986    i.Var_Read_P13      modbus_slave.o
    0x080064e8   0x080064e8   0x0000002c   Code   RO         6991    i.Var_Read_P18      modbus_slave.o
    0x08006514   0x08006514   0x0000002c   Code   RO         6993    i.Var_Read_P20      modbus_slave.o
    0x08006540   0x08006540   0x0000002c   Code   RO         6997    i.Var_Read_P24      modbus_slave.o
    0x0800656c   0x0800656c   0x0000002c   Code   RO         6998    i.Var_Read_P25      modbus_slave.o
    0x08006598   0x08006598   0x00000044   Code   RO         6999    i.Var_Read_ParamSection1  modbus_slave.o
    0x080065dc   0x080065dc   0x00000044   Code   RO         7000    i.Var_Read_ParamSection2  modbus_slave.o
    0x08006620   0x08006620   0x0000003c   Code   RO         7002    i.Var_Update_ParamSection1  modbus_slave.o
    0x0800665c   0x0800665c   0x0000003c   Code   RO         7003    i.Var_Update_ParamSection2  modbus_slave.o
    0x08006698   0x08006698   0x00000038   Code   RO         7004    i.Var_Update_SensorCore  modbus_slave.o
    0x080066d0   0x080066d0   0x0000002c   Code   RO         7009    i.Var_Write_P08     modbus_slave.o
    0x080066fc   0x080066fc   0x0000002c   Code   RO         7011    i.Var_Write_P10     modbus_slave.o
    0x08006728   0x08006728   0x00000030   Code   RO         7021    i.Var_Write_P24     modbus_slave.o
    0x08006758   0x08006758   0x00000030   Code   RO         8132    i.__0snprintf       mc_w.l(printfa.o)
    0x08006788   0x08006788   0x00000020   Code   RO         2795    i.__NVIC_SetPriority  stm32f1xx_hal_cortex.o
    0x080067a8   0x080067a8   0x00000008   Code   RO         8218    i.__aeabi_errno_addr  mc_w.l(errno.o)
    0x080067b0   0x080067b0   0x0000000e   Code   RO         8287    i.__scatterload_copy  mc_w.l(handlers.o)
    0x080067be   0x080067be   0x00000002   Code   RO         8288    i.__scatterload_null  mc_w.l(handlers.o)
    0x080067c0   0x080067c0   0x0000000e   Code   RO         8289    i.__scatterload_zeroinit  mc_w.l(handlers.o)
    0x080067ce   0x080067ce   0x00000002   PAD
    0x080067d0   0x080067d0   0x00000184   Code   RO         8138    i._fp_digits        mc_w.l(printfa.o)
    0x08006954   0x08006954   0x000006dc   Code   RO         8139    i._printf_core      mc_w.l(printfa.o)
    0x08007030   0x08007030   0x00000024   Code   RO         8140    i._printf_post_padding  mc_w.l(printfa.o)
    0x08007054   0x08007054   0x0000002e   Code   RO         8141    i._printf_pre_padding  mc_w.l(printfa.o)
    0x08007082   0x08007082   0x00000016   Code   RO         8142    i._snputc           mc_w.l(printfa.o)
    0x08007098   0x08007098   0x0000007c   Code   RO         7420    i.change_to_electricity  nox.o
    0x08007114   0x08007114   0x00000060   Code   RO         4497    i.check_fs          ff.o
    0x08007174   0x08007174   0x0000006c   Code   RO         4498    i.chk_lock          ff.o
    0x080071e0   0x080071e0   0x00000024   Code   RO         4499    i.clear_lock        ff.o
    0x08007204   0x08007204   0x0000002a   Code   RO         4500    i.clmt_clust        ff.o
    0x0800722e   0x0800722e   0x0000001e   Code   RO         4501    i.clust2sect        ff.o
    0x0800724c   0x0800724c   0x000000b0   Code   RO         4502    i.create_chain      ff.o
    0x080072fc   0x080072fc   0x00000100   Code   RO         4503    i.create_name       ff.o
    0x080073fc   0x080073fc   0x0000003c   Code   RO         4504    i.dec_lock          ff.o
    0x08007438   0x08007438   0x00000016   Code   RO         7568    i.delay_ms          sdcard.o
    0x0800744e   0x0800744e   0x00000002   PAD
    0x08007450   0x08007450   0x0000011e   Code   RO         4505    i.dir_next          ff.o
    0x0800756e   0x0800756e   0x00000076   Code   RO         4507    i.dir_register      ff.o
    0x080075e4   0x080075e4   0x00000098   Code   RO         4509    i.dir_sdi           ff.o
    0x0800767c   0x0800767c   0x00000028   Code   RO         4442    i.disk_initialize   diskio.o
    0x080076a4   0x080076a4   0x0000001c   Code   RO         4443    i.disk_ioctl        diskio.o
    0x080076c0   0x080076c0   0x0000001c   Code   RO         4444    i.disk_read         diskio.o
    0x080076dc   0x080076dc   0x00000018   Code   RO         4445    i.disk_status       diskio.o
    0x080076f4   0x080076f4   0x0000001c   Code   RO         4446    i.disk_write        diskio.o
    0x08007710   0x08007710   0x00000036   Code   RO         4511    i.f_close           ff.o
    0x08007746   0x08007746   0x00000048   Code   RO         4514    i.f_gets            ff.o
    0x0800778e   0x0800778e   0x00000002   PAD
    0x08007790   0x08007790   0x00000084   Code   RO         4518    i.f_mount           ff.o
    0x08007814   0x08007814   0x000001a8   Code   RO         4519    i.f_open            ff.o
    0x080079bc   0x080079bc   0x000001d2   Code   RO         4524    i.f_read            ff.o
    0x08007b8e   0x08007b8e   0x000000d2   Code   RO         4528    i.f_sync            ff.o
    0x08007c60   0x08007c60   0x00000018   Code   RO         4874    i.ff_cre_syncobj    syscall.o
    0x08007c78   0x08007c78   0x0000000a   Code   RO         4875    i.ff_del_syncobj    syscall.o
    0x08007c82   0x08007c82   0x00000004   Code   RO         4876    i.ff_rel_grant      syscall.o
    0x08007c86   0x08007c86   0x00000014   Code   RO         4877    i.ff_req_grant      syscall.o
    0x08007c9a   0x08007c9a   0x00000002   PAD
    0x08007c9c   0x08007c9c   0x00000264   Code   RO         4533    i.find_volume       ff.o
    0x08007f00   0x08007f00   0x000000c0   Code   RO         4534    i.follow_path       ff.o
    0x08007fc0   0x08007fc0   0x000000c2   Code   RO         4535    i.get_fat           ff.o
    0x08008082   0x08008082   0x00000004   Code   RO         1015    i.get_fattime       fatfs.o
    0x08008086   0x08008086   0x0000003c   Code   RO         4537    i.get_ldnumber      ff.o
    0x080080c2   0x080080c2   0x00000002   PAD
    0x080080c4   0x080080c4   0x000000a8   Code   RO         7569    i.handleConfig      sdcard.o
    0x0800816c   0x0800816c   0x00000034   Code   RO         7421    i.hexArrayToString  nox.o
    0x080081a0   0x080081a0   0x000000a0   Code   RO         4538    i.inc_lock          ff.o
    0x08008240   0x08008240   0x00000014   Code   RO         4539    i.ld_clust          ff.o
    0x08008254   0x08008254   0x00000008   Code   RO         4540    i.lock_fs           ff.o
    0x0800825c   0x0800825c   0x00000060   Code   RO           16    i.main              main.o
    0x080082bc   0x080082bc   0x00000012   Code   RO         4541    i.mem_cpy           ff.o
    0x080082ce   0x080082ce   0x0000000e   Code   RO         4542    i.mem_set           ff.o
    0x080082dc   0x080082dc   0x00000036   Code   RO         4543    i.move_window       ff.o
    0x08008312   0x08008312   0x00000002   PAD
    0x08008314   0x08008314   0x00000024   Code   RO         6043    i.osKernelInitialize  cmsis_os2.o
    0x08008338   0x08008338   0x00000038   Code   RO         6046    i.osKernelStart     cmsis_os2.o
    0x08008370   0x08008370   0x0000005c   Code   RO         6071    i.osSemaphoreAcquire  cmsis_os2.o
    0x080083cc   0x080083cc   0x0000002a   Code   RO         6072    i.osSemaphoreDelete  cmsis_os2.o
    0x080083f6   0x080083f6   0x00000098   Code   RO         6074    i.osSemaphoreNew    cmsis_os2.o
    0x0800848e   0x0800848e   0x00000002   PAD
    0x08008490   0x08008490   0x00000058   Code   RO         6075    i.osSemaphoreRelease  cmsis_os2.o
    0x080084e8   0x080084e8   0x0000008a   Code   RO         6088    i.osThreadNew       cmsis_os2.o
    0x08008572   0x08008572   0x00000002   PAD
    0x08008574   0x08008574   0x0000005c   Code   RO         5488    i.prvAddCurrentTaskToDelayedList  tasks.o
    0x080085d0   0x080085d0   0x000000d0   Code   RO         5489    i.prvAddNewTaskToReadyList  tasks.o
    0x080086a0   0x080086a0   0x00000058   Code   RO         5853    i.prvCheckForValidListAndQueue  timers.o
    0x080086f8   0x080086f8   0x00000026   Code   RO         5094    i.prvCopyDataFromQueue  queue.o
    0x0800871e   0x0800871e   0x0000006c   Code   RO         5095    i.prvCopyDataToQueue  queue.o
    0x0800878a   0x0800878a   0x00000034   Code   RO         5490    i.prvDeleteTCB      tasks.o
    0x080087be   0x080087be   0x00000002   PAD
    0x080087c0   0x080087c0   0x00000048   Code   RO         6544    i.prvHeapInit       heap_4.o
    0x08008808   0x08008808   0x00000060   Code   RO         5491    i.prvIdleTask       tasks.o
    0x08008868   0x08008868   0x00000016   Code   RO         5096    i.prvInitialiseMutex  queue.o
    0x0800887e   0x0800887e   0x00000002   PAD
    0x08008880   0x08008880   0x00000022   Code   RO         5097    i.prvInitialiseNewQueue  queue.o
    0x080088a2   0x080088a2   0x00000002   PAD
    0x080088a4   0x080088a4   0x000000b0   Code   RO         5492    i.prvInitialiseNewTask  tasks.o
    0x08008954   0x08008954   0x0000004e   Code   RO         5854    i.prvInitialiseNewTimer  timers.o
    0x080089a2   0x080089a2   0x00000002   PAD
    0x080089a4   0x080089a4   0x0000004c   Code   RO         6545    i.prvInsertBlockIntoFreeList  heap_4.o
    0x080089f0   0x080089f0   0x00000038   Code   RO         5855    i.prvInsertTimerInActiveList  timers.o
    0x08008a28   0x08008a28   0x0000001c   Code   RO         5098    i.prvIsQueueEmpty   queue.o
    0x08008a44   0x08008a44   0x000000fc   Code   RO         5856    i.prvProcessReceivedCommands  timers.o
    0x08008b40   0x08008b40   0x000000c0   Code   RO         5857    i.prvProcessTimerOrBlockTask  timers.o
    0x08008c00   0x08008c00   0x00000020   Code   RO         5494    i.prvResetNextTaskUnblockTime  tasks.o
    0x08008c20   0x08008c20   0x00000028   Code   RO         5858    i.prvSampleTimeNow  timers.o
    0x08008c48   0x08008c48   0x0000006c   Code   RO         5859    i.prvSwitchTimerLists  timers.o
    0x08008cb4   0x08008cb4   0x00000028   Code   RO         6600    i.prvTaskExitError  port.o
    0x08008cdc   0x08008cdc   0x00000024   Code   RO         5860    i.prvTimerTask      timers.o
    0x08008d00   0x08008d00   0x0000006a   Code   RO         5099    i.prvUnlockQueue    queue.o
    0x08008d6a   0x08008d6a   0x000000f8   Code   RO         4544    i.put_fat           ff.o
    0x08008e62   0x08008e62   0x00000002   PAD
    0x08008e64   0x08008e64   0x000000dc   Code   RO         6546    i.pvPortMalloc      heap_4.o
    0x08008f40   0x08008f40   0x00000018   Code   RO         5497    i.pvTaskIncrementMutexHeldCount  tasks.o
    0x08008f58   0x08008f58   0x00000024   Code   RO         6601    i.pxPortInitialiseStack  port.o
    0x08008f7c   0x08008f7c   0x00000170   Code   RO         7570    i.readConfig        sdcard.o
    0x080090ec   0x080090ec   0x0000006e   Code   RO         4546    i.remove_chain      ff.o
    0x0800915a   0x0800915a   0x00000002   PAD
    0x0800915c   0x0800915c   0x00000020   Code   RO         7571    i.spi_readwrite     sdcard.o
    0x0800917c   0x0800917c   0x00000010   Code   RO         4547    i.st_clust          ff.o
    0x0800918c   0x0800918c   0x000000b6   Code   RO         4548    i.sync_fs           ff.o
    0x08009242   0x08009242   0x00000060   Code   RO         4549    i.sync_window       ff.o
    0x080092a2   0x080092a2   0x0000001e   Code   RO         4550    i.unlock_fs         ff.o
    0x080092c0   0x080092c0   0x00000026   Code   RO         5054    i.uxListRemove      list.o
    0x080092e6   0x080092e6   0x00000002   PAD
    0x080092e8   0x080092e8   0x00000014   Code   RO         6100    i.vApplicationGetIdleTaskMemory  cmsis_os2.o
    0x080092fc   0x080092fc   0x00000018   Code   RO         6101    i.vApplicationGetTimerTaskMemory  cmsis_os2.o
    0x08009314   0x08009314   0x00000016   Code   RO         5055    i.vListInitialise   list.o
    0x0800932a   0x0800932a   0x00000006   Code   RO         5056    i.vListInitialiseItem  list.o
    0x08009330   0x08009330   0x00000030   Code   RO         5057    i.vListInsert       list.o
    0x08009360   0x08009360   0x00000018   Code   RO         5058    i.vListInsertEnd    list.o
    0x08009378   0x08009378   0x00000040   Code   RO         6603    i.vPortEnterCritical  port.o
    0x080093b8   0x080093b8   0x00000028   Code   RO         6604    i.vPortExitCritical  port.o
    0x080093e0   0x080093e0   0x00000064   Code   RO         6547    i.vPortFree         heap_4.o
    0x08009444   0x08009444   0x00000024   Code   RO         6605    i.vPortSetupTimerInterrupt  port.o
    0x08009468   0x08009468   0x00000054   Code   RO         6606    i.vPortValidateInterruptPriority  port.o
    0x080094bc   0x080094bc   0x00000028   Code   RO         5105    i.vQueueAddToRegistry  queue.o
    0x080094e4   0x080094e4   0x0000002e   Code   RO         5106    i.vQueueDelete      queue.o
    0x08009512   0x08009512   0x00000002   PAD
    0x08009514   0x08009514   0x00000028   Code   RO         5108    i.vQueueUnregisterQueue  queue.o
    0x0800953c   0x0800953c   0x00000044   Code   RO         5109    i.vQueueWaitForMessageRestricted  queue.o
    0x08009580   0x08009580   0x0000004c   Code   RO         5507    i.vTaskDelay        tasks.o
    0x080095cc   0x080095cc   0x00000010   Code   RO         5512    i.vTaskInternalSetTimeOutState  tasks.o
    0x080095dc   0x080095dc   0x0000000c   Code   RO         5513    i.vTaskMissedYield  tasks.o
    0x080095e8   0x080095e8   0x00000030   Code   RO         5515    i.vTaskPlaceOnEventList  tasks.o
    0x08009618   0x08009618   0x00000038   Code   RO         5516    i.vTaskPlaceOnEventListRestricted  tasks.o
    0x08009650   0x08009650   0x00000090   Code   RO         5518    i.vTaskPriorityDisinheritAfterTimeout  tasks.o
    0x080096e0   0x080096e0   0x00000088   Code   RO         5524    i.vTaskStartScheduler  tasks.o
    0x08009768   0x08009768   0x00000010   Code   RO         5526    i.vTaskSuspendAll   tasks.o
    0x08009778   0x08009778   0x00000064   Code   RO         5527    i.vTaskSwitchContext  tasks.o
    0x080097dc   0x080097dc   0x00000040   Code   RO         4551    i.validate          ff.o
    0x0800981c   0x0800981c   0x000000a8   Code   RO         6607    i.xPortStartScheduler  port.o
    0x080098c4   0x080098c4   0x0000002c   Code   RO         6608    i.xPortSysTickHandler  port.o
    0x080098f0   0x080098f0   0x0000003a   Code   RO         5110    i.xQueueCreateCountingSemaphore  queue.o
    0x0800992a   0x0800992a   0x00000040   Code   RO         5111    i.xQueueCreateCountingSemaphoreStatic  queue.o
    0x0800996a   0x0800996a   0x00000016   Code   RO         5112    i.xQueueCreateMutex  queue.o
    0x08009980   0x08009980   0x00000042   Code   RO         5114    i.xQueueGenericCreate  queue.o
    0x080099c2   0x080099c2   0x00000066   Code   RO         5115    i.xQueueGenericCreateStatic  queue.o
    0x08009a28   0x08009a28   0x00000088   Code   RO         5116    i.xQueueGenericReset  queue.o
    0x08009ab0   0x08009ab0   0x00000160   Code   RO         5117    i.xQueueGenericSend  queue.o
    0x08009c10   0x08009c10   0x000000be   Code   RO         5118    i.xQueueGenericSendFromISR  queue.o
    0x08009cce   0x08009cce   0x0000009c   Code   RO         5121    i.xQueueGiveFromISR  queue.o
    0x08009d6a   0x08009d6a   0x00000002   PAD
    0x08009d6c   0x08009d6c   0x00000138   Code   RO         5127    i.xQueueReceive     queue.o
    0x08009ea4   0x08009ea4   0x0000009a   Code   RO         5128    i.xQueueReceiveFromISR  queue.o
    0x08009f3e   0x08009f3e   0x00000002   PAD
    0x08009f40   0x08009f40   0x00000178   Code   RO         5129    i.xQueueSemaphoreTake  queue.o
    0x0800a0b8   0x0800a0b8   0x00000074   Code   RO         5529    i.xTaskCheckForTimeOut  tasks.o
    0x0800a12c   0x0800a12c   0x0000005a   Code   RO         5530    i.xTaskCreate       tasks.o
    0x0800a186   0x0800a186   0x00000056   Code   RO         5531    i.xTaskCreateStatic  tasks.o
    0x0800a1dc   0x0800a1dc   0x0000001c   Code   RO         5535    i.xTaskGetSchedulerState  tasks.o
    0x0800a1f8   0x0800a1f8   0x0000000c   Code   RO         5536    i.xTaskGetTickCount  tasks.o
    0x0800a204   0x0800a204   0x000000c8   Code   RO         5538    i.xTaskIncrementTick  tasks.o
    0x0800a2cc   0x0800a2cc   0x00000080   Code   RO         5541    i.xTaskPriorityDisinherit  tasks.o
    0x0800a34c   0x0800a34c   0x00000078   Code   RO         5542    i.xTaskPriorityInherit  tasks.o
    0x0800a3c4   0x0800a3c4   0x00000070   Code   RO         5543    i.xTaskRemoveFromEventList  tasks.o
    0x0800a434   0x0800a434   0x000000c4   Code   RO         5544    i.xTaskResumeAll    tasks.o
    0x0800a4f8   0x0800a4f8   0x00000034   Code   RO         5867    i.xTimerCreate      timers.o
    0x0800a52c   0x0800a52c   0x00000060   Code   RO         5869    i.xTimerCreateTimerTask  timers.o
    0x0800a58c   0x0800a58c   0x00000068   Code   RO         5870    i.xTimerGenericCommand  timers.o
    0x0800a5f4   0x0800a5f4   0x000000b4   Data   RO          398    .constdata          freertos.o
    0x0800a6a8   0x0800a6a8   0x00000012   Data   RO         2493    .constdata          stm32f1xx_hal_rcc.o
    0x0800a6ba   0x0800a6ba   0x00000010   Data   RO         4406    .constdata          system_stm32f1xx.o
    0x0800a6ca   0x0800a6ca   0x00000008   Data   RO         4407    .constdata          system_stm32f1xx.o
    0x0800a6d2   0x0800a6d2   0x000000ac   Data   RO         4553    .constdata          ff.o
    0x0800a77e   0x0800a77e   0x00000228   Data   RO         6676    .constdata          font.o
    0x0800a9a6   0x0800a9a6   0x00000002   PAD
    0x0800a9a8   0x0800a9a8   0x00000008   Data   RO         6677    .constdata          font.o
    0x0800a9b0   0x0800a9b0   0x000005f0   Data   RO         6680    .constdata          font.o
    0x0800afa0   0x0800afa0   0x00000008   Data   RO         6681    .constdata          font.o
    0x0800afa8   0x0800afa8   0x00000020   Data   RO         7024    .constdata          modbus_slave.o
    0x0800afc8   0x0800afc8   0x00000200   Data   RO         7821    .constdata          modbus.o
    0x0800b1c8   0x0800b1c8   0x00000040   Data   RO         7822    .constdata          modbus.o
    0x0800b208   0x0800b208   0x00000004   Data   RO         7823    .constdata          modbus.o
    0x0800b20c   0x0800b20c   0x00000081   Data   RO         8248    .constdata          mc_w.l(ctype_o.o)
    0x0800b28d   0x0800b28d   0x00000003   PAD
    0x0800b290   0x0800b290   0x00000004   Data   RO         8249    .constdata          mc_w.l(ctype_o.o)
    0x0800b294   0x0800b294   0x00000040   Data   RO          399    .conststring        freertos.o
    0x0800b2d4   0x0800b2d4   0x00000020   Data   RO         8285    Region$$Table       anon$$obj.o


    Execution Region RW_IRAM1 (Exec base: 0x20000000, Load base: 0x0800b2f4, Size: 0x0000b2b8, Max: 0x0000c000, ABSOLUTE, COMPRESSED[0x00000068])

    Exec Addr    Load Addr    Size         Type   Attr      Idx    E Section Name        Object

    0x20000000   COMPRESSED   0x00000010   Data   RW           17    .data               main.o
    0x20000010   COMPRESSED   0x00000014   Data   RW          402    .data               freertos.o
    0x20000024   COMPRESSED   0x00000014   Data   RW          906    .data               user_diskio.o
    0x20000038   COMPRESSED   0x00000005   Data   RW         1018    .data               fatfs.o
    0x2000003d   COMPRESSED   0x00000003   PAD
    0x20000040   COMPRESSED   0x0000000c   Data   RW         2330    .data               stm32f1xx_hal.o
    0x2000004c   COMPRESSED   0x00000004   Data   RW         4408    .data               system_stm32f1xx.o
    0x20000050   COMPRESSED   0x00000008   Data   RW         4554    .data               ff.o
    0x20000058   COMPRESSED   0x0000003c   Data   RW         5547    .data               tasks.o
    0x20000094   COMPRESSED   0x00000014   Data   RW         5878    .data               timers.o
    0x200000a8   COMPRESSED   0x00000004   Data   RW         6103    .data               cmsis_os2.o
    0x200000ac   COMPRESSED   0x00000020   Data   RW         6553    .data               heap_4.o
    0x200000cc   COMPRESSED   0x0000000c   Data   RW         6609    .data               port.o
    0x200000d8   COMPRESSED   0x00000008   Data   RW         6730    .data               oled.o
    0x200000e0   COMPRESSED   0x00000008   Data   RW         6907    .data               j1939.o
    0x200000e8   COMPRESSED   0x00000074   Data   RW         7025    .data               modbus_slave.o
    0x2000015c   COMPRESSED   0x00000070   Data   RW         7423    .data               nox.o
    0x200001cc   COMPRESSED   0x00000004   Data   RW         7425    .data               nox.o
    0x200001d0   COMPRESSED   0x00000014   Data   RW         7576    .data               sdcard.o
    0x200001e4   COMPRESSED   0x00000020   Data   RW         7711    .data               modbus_host.o
    0x20000204   COMPRESSED   0x00000004   Data   RW         7824    .data               modbus.o
    0x20000208   COMPRESSED   0x00000004   Data   RW         8221    .data               mc_w.l(errno.o)
    0x2000020c        -       0x00000028   Zero   RW          495    .bss                can.o
    0x20000234        -       0x000000a8   Zero   RW          538    .bss                i2c.o
    0x200002dc        -       0x000000b0   Zero   RW          586    .bss                spi.o
    0x2000038c        -       0x000000d8   Zero   RW          635    .bss                tim.o
    0x20000464        -       0x000000d8   Zero   RW          689    .bss                usart.o
    0x2000053c        -       0x00000048   Zero   RW          865    .bss                stm32f1xx_hal_timebase_tim.o
    0x20000584   COMPRESSED   0x00000004   PAD
    0x20000588        -       0x00000020   Zero   RW         3036    .bss                stm32f1xx_hal_flash.o
    0x200005a8        -       0x00000018   Zero   RW         4552    .bss                ff.o
    0x200005c0        -       0x0000000c   Zero   RW         4828    .bss                ff_gen_drv.o
    0x200005cc        -       0x00000040   Zero   RW         5131    .bss                queue.o
    0x2000060c        -       0x000004c4   Zero   RW         5546    .bss                tasks.o
    0x20000ad0        -       0x00000118   Zero   RW         5877    .bss                timers.o
    0x20000be8        -       0x000012b8   Zero   RW         6102    .bss                cmsis_os2.o
    0x20001ea0        -       0x00005dc0   Zero   RW         6552    .bss                heap_4.o
    0x20007c60        -       0x00000481   Zero   RW         6729    .bss                oled.o
    0x200080e1        -       0x0000000d   Zero   RW         6906    .bss                j1939.o
    0x200080ee   COMPRESSED   0x00000002   PAD
    0x200080f0        -       0x000000d0   Zero   RW         7023    .bss                modbus_slave.o
    0x200081c0        -       0x0000001a   Zero   RW         7422    .bss                nox.o
    0x200081da        -       0x000000dc   Zero   RW         7710    .bss                modbus_host.o
    0x200082b6   COMPRESSED   0x00000002   PAD
    0x200082b8        -       0x00003000   Zero   RW            1    STACK               startup_stm32f103xe.o


==============================================================================

Image component sizes


      Code (inc. data)   RO Data    RW Data    ZI Data      Debug   Object Name

       192         20          0          0         40       1595   can.o
       674         32          0          4       4792      61352   cmsis_os2.o
       148         22          0          0          0       3481   diskio.o
         0          0          0          0          0      19528   event_groups.o
        32         10          0          5          0       1432   fatfs.o
      4796         72        172          8         24      33330   ff.o
        70          4          0          0         12       1531   ff_gen_drv.o
         0          0       2088          0          0       1557   font.o
       192         50        244         20          0       4774   freertos.o
       308         16          0          0          0     513863   gpio.o
       468         22          0         32      24000       4667   heap_4.o
       280         46          0          0        168       2198   i2c.o
       392         26          0          8         13       4044   j1939.o
       138          0          0          0          0       3294   list.o
       354         42          0         16          0     521200   main.o
       222         44        580          4          0       4741   modbus.o
      1056        132          0         32        220       9867   modbus_host.o
      3150        400         32        116        208      24449   modbus_slave.o
      2922        704          0        116         26      16226   nox.o
       830         36          0          8       1153      10228   oled.o
       662         70          0         12          0      10541   port.o
      2518         28          0          0         64      26524   queue.o
      1724        252          0         20          0      13041   sdcard.o
       328         42          0          0        176       2230   spi.o
        36          8        304          0      12288        788   startup_stm32f103xe.o
        64         14          0         12          0       5150   stm32f1xx_hal.o
      1652          0          0          0          0      14069   stm32f1xx_hal_can.o
       158         14          0          0          0      28098   stm32f1xx_hal_cortex.o
       374          8          0          0          0       1787   stm32f1xx_hal_dma.o
       392         46          0          0         32       4598   stm32f1xx_hal_flash.o
       240         26          0          0          0       3181   stm32f1xx_hal_flash_ex.o
       524         42          0          0          0       3471   stm32f1xx_hal_gpio.o
      1398         32          0          0          0       8965   stm32f1xx_hal_i2c.o
        72         10          0          0          0        838   stm32f1xx_hal_msp.o
      1304         94         18          0          0       5625   stm32f1xx_hal_rcc.o
       910          4          0          0          0       4585   stm32f1xx_hal_spi.o
      1040         42          0          0          0      10232   stm32f1xx_hal_tim.o
       128         20          0          0          0       2337   stm32f1xx_hal_tim_ex.o
       152         20          0          0         72       1427   stm32f1xx_hal_timebase_tim.o
      1328         10          0          0          0       8881   stm32f1xx_hal_uart.o
        96         42          0          0          0       5417   stm32f1xx_it.o
        58          0          0          0          0       3100   syscall.o
         2          0         24          4          0       1071   system_stm32f1xx.o
      2372        192          0         60       1220      28189   tasks.o
       412         38          0          0        216       2852   tim.o
      1102         80          0         20        280      33550   timers.o
       480         52          0          0        216       2948   usart.o
       214          4          0         20          0      19788   user_diskio.o

    ----------------------------------------------------------------------
     36044       2868       3496        520      45228    1496640   Object Totals
         0          0         32          0          0          0   (incl. Generated)
        80          0          2          3          8          0   (incl. Padding)

    ----------------------------------------------------------------------

      Code (inc. data)   RO Data    RW Data    ZI Data      Debug   Library Member Name

        56          8          0          0          0         84   __0sscanf.o
        86          0          0          0          0          0   __dczerorl2.o
        28          0          0          0          0         68   _chval.o
       812          4          0          0          0        112   _scanf.o
       224          0          0          0          0         96   _scanf_str.o
        64          0          0          0          0         84   _sgetc.o
       158          0          0          0          0         92   _strtoul.o
        26          0          0          0          0         80   atoi.o
         8          4        133          0          0         68   ctype_o.o
         0          0          0          0          0          0   entry.o
         0          0          0          0          0          0   entry10a.o
         0          0          0          0          0          0   entry11a.o
         8          4          0          0          0          0   entry2.o
         4          0          0          0          0          0   entry5.o
         0          0          0          0          0          0   entry7b.o
         0          0          0          0          0          0   entry8b.o
         8          4          0          0          0          0   entry9a.o
         8          4          0          4          0         68   errno.o
        30          0          0          0          0          0   handlers.o
        36          8          0          0          0         68   init.o
        18          0          0          0          0         76   isspace_o.o
         0          0          0          0          0          0   iusefp.o
        30          0          0          0          0         68   llshl.o
        36          0          0          0          0         68   llsshr.o
        32          0          0          0          0         68   llushr.o
        36          0          0          0          0         68   memcpya.o
        36          0          0          0          0        108   memseta.o
      2296         84          0          0          0        520   printfa.o
        40          8          0          0          0         84   scanf_char.o
        24          0          0          0          0         68   strcat.o
        28          0          0          0          0         76   strcmp.o
        18          0          0          0          0         68   strcpy.o
       112          0          0          0          0         88   strtol.o
        44          0          0          0          0         80   uidiv.o
        98          0          0          0          0         92   uldiv.o
        48          0          0          0          0         68   cdrcmple.o
        20          0          0          0          0         68   cfcmple.o
        20          0          0          0          0         68   cfrcmple.o
       334          0          0          0          0        148   dadd.o
       222          0          0          0          0        100   ddiv.o
       186          0          0          0          0        176   depilogue.o
        48          0          0          0          0         68   dfixul.o
       228          0          0          0          0         96   dmul.o
        38          0          0          0          0         68   f2d.o
       176          0          0          0          0        140   fadd.o
       124          0          0          0          0         88   fdiv.o
       110          0          0          0          0        168   fepilogue.o
        40          0          0          0          0         68   ffixui.o
        18          0          0          0          0         68   fflti.o
        10          0          0          0          0         68   ffltui.o
       100          0          0          0          0         76   fmul.o

    ----------------------------------------------------------------------
      6136        128        136          4          0       3888   Library Totals
        10          0          3          0          0          0   (incl. Padding)

    ----------------------------------------------------------------------

      Code (inc. data)   RO Data    RW Data    ZI Data      Debug   Library Name

      4404        128        133          4          0       2352   mc_w.l
      1722          0          0          0          0       1536   mf_w.l

    ----------------------------------------------------------------------
      6136        128        136          4          0       3888   Library Totals

    ----------------------------------------------------------------------

==============================================================================


      Code (inc. data)   RO Data    RW Data    ZI Data      Debug   

     42180       2996       3632        524      45228    1479804   Grand Totals
     42180       2996       3632        104      45228    1479804   ELF Image Totals (compressed)
     42180       2996       3632        104          0          0   ROM Totals

==============================================================================

    Total RO  Size (Code + RO Data)                45812 (  44.74kB)
    Total RW  Size (RW Data + ZI Data)             45752 (  44.68kB)
    Total ROM Size (Code + RO Data + RW Data)      45916 (  44.84kB)

==============================================================================

